Initialized native services in: C:\Users\mukht\.gradle\native
Initialized jansi services in: C:\Users\mukht\.gradle\native
Received JVM installation metadata from 'C:\Program Files\Eclipse Adoptium\jdk-21.0.9.10-hotspot': {JAVA_HOME=C:\Program Files\Eclipse Adoptium\jdk-21.0.9.10-hotspot, JAVA_VERSION=21.0.9, JAVA_VENDOR=Eclipse Adoptium, RUNTIME_NAME=OpenJDK Runtime Environment, RUNTIME_VERSION=21.0.9+10-LTS, VM_NAME=OpenJDK 64-Bit Server VM, VM_VERSION=21.0.9+10-LTS, VM_VENDOR=Eclipse Adoptium, OS_ARCH=amd64}
Found daemon DaemonInfo{pid=41708, address=[790ebfc3-ca9a-47cd-9641-ecaa1589fadd port:59968, addresses:[/127.0.0.1]], state=Idle, lastBusy=1769982134593, context=DefaultDaemonContext[uid=4af3e4f8-0477-445d-99be-0955d61ea6a0,javaHome=C:\Users\mukht\AppData\Local\Programs\Android Studio\jbr,daemonRegistryDir=C:\Users\mukht\.gradle\daemon,pid=41708,idleTimeout=10800000,priority=NORMAL,applyInstrumentationAgent=true,daemonOpts=--add-opens=java.base/java.util=ALL-UNNAMED,--add-opens=java.base/java.lang=ALL-UNNAMED,--add-opens=java.base/java.lang.invoke=ALL-UNNAMED,--add-opens=java.prefs/java.util.prefs=ALL-UNNAMED,--add-opens=java.base/java.nio.charset=ALL-UNNAMED,--add-opens=java.base/java.net=ALL-UNNAMED,--add-opens=java.base/java.util.concurrent.atomic=ALL-UNNAMED,-Xmx4096m,-Dfile.encoding=UTF-8,-Duser.country=US,-Duser.language=en,-Duser.variant]} however its context does not match the desired criteria.
Java home is different.
Wanted: DefaultDaemonContext[uid=null,javaHome=C:\Program Files\Eclipse Adoptium\jdk-21.0.9.10-hotspot,daemonRegistryDir=C:\Users\mukht\.gradle\daemon,pid=22792,idleTimeout=null,priority=NORMAL,applyInstrumentationAgent=true,daemonOpts=--add-opens=java.base/java.util=ALL-UNNAMED,--add-opens=java.base/java.lang=ALL-UNNAMED,--add-opens=java.base/java.lang.invoke=ALL-UNNAMED,--add-opens=java.prefs/java.util.prefs=ALL-UNNAMED,--add-opens=java.base/java.nio.charset=ALL-UNNAMED,--add-opens=java.base/java.net=ALL-UNNAMED,--add-opens=java.base/java.util.concurrent.atomic=ALL-UNNAMED,-Xmx4096m,-Dfile.encoding=UTF-8,-Duser.country=US,-Duser.language=en,-Duser.variant]
Actual: DefaultDaemonContext[uid=4af3e4f8-0477-445d-99be-0955d61ea6a0,javaHome=C:\Users\mukht\AppData\Local\Programs\Android Studio\jbr,daemonRegistryDir=C:\Users\mukht\.gradle\daemon,pid=41708,idleTimeout=10800000,priority=NORMAL,applyInstrumentationAgent=true,daemonOpts=--add-opens=java.base/java.util=ALL-UNNAMED,--add-opens=java.base/java.lang=ALL-UNNAMED,--add-opens=java.base/java.lang.invoke=ALL-UNNAMED,--add-opens=java.prefs/java.util.prefs=ALL-UNNAMED,--add-opens=java.base/java.nio.charset=ALL-UNNAMED,--add-opens=java.base/java.net=ALL-UNNAMED,--add-opens=java.base/java.util.concurrent.atomic=ALL-UNNAMED,-Xmx4096m,-Dfile.encoding=UTF-8,-Duser.country=US,-Duser.language=en,-Duser.variant]

  Looking for a different daemon...
Removing 1 daemon stop events from registry
Previous Daemon (40688) stopped at Mon Feb 02 00:32:25 EAT 2026 after being idle for 0 minutes and not recently used and to reclaim system physical memory
Previous Daemon (19136) stopped at Mon Feb 02 00:58:35 EAT 2026 after being idle for 27 minutes and not recently used and to reclaim system physical memory
Starting a Gradle Daemon, 2 busy and 1 incompatible and 2 stopped Daemons could not be reused, use --status for details
Starting process 'Gradle build daemon'. Working directory: C:\Users\mukht\.gradle\daemon\8.7 Command: C:\Program Files\Eclipse Adoptium\jdk-21.0.9.10-hotspot\bin\java.exe --add-opens=java.base/java.util=ALL-UNNAMED --add-opens=java.base/java.lang=ALL-UNNAMED --add-opens=java.base/java.lang.invoke=ALL-UNNAMED --add-opens=java.prefs/java.util.prefs=ALL-UNNAMED --add-opens=java.base/java.nio.charset=ALL-UNNAMED --add-opens=java.base/java.net=ALL-UNNAMED --add-opens=java.base/java.util.concurrent.atomic=ALL-UNNAMED -Xmx4096m -Dfile.encoding=UTF-8 -Duser.country=US -Duser.language=en -Duser.variant -cp C:\Users\mukht\.gradle\wrapper\dists\gradle-8.7-bin\bhs2wmbdwecv87pi65oeuq5iu\gradle-8.7\lib\gradle-launcher-8.7.jar -javaagent:C:\Users\mukht\.gradle\wrapper\dists\gradle-8.7-bin\bhs2wmbdwecv87pi65oeuq5iu\gradle-8.7\lib\agents\gradle-instrumentation-agent-8.7.jar org.gradle.launcher.daemon.bootstrap.GradleDaemon 8.7
Successfully started process 'Gradle build daemon'
An attempt to start the daemon took 3.309 secs.
The client will now receive all logging from the daemon (pid: 32492). The daemon log file: C:\Users\mukht\.gradle\daemon\8.7\daemon-32492.out.log
Starting build in new daemon [memory: 4 GiB]
Using 12 worker leases.
Received JVM installation metadata from 'C:\Program Files\Eclipse Adoptium\jdk-21.0.9.10-hotspot': {JAVA_HOME=C:\Program Files\Eclipse Adoptium\jdk-21.0.9.10-hotspot, JAVA_VERSION=21.0.9, JAVA_VENDOR=Eclipse Adoptium, RUNTIME_NAME=OpenJDK Runtime Environment, RUNTIME_VERSION=21.0.9+10-LTS, VM_NAME=OpenJDK 64-Bit Server VM, VM_VERSION=21.0.9+10-LTS, VM_VENDOR=Eclipse Adoptium, OS_ARCH=amd64}
Watching the file system is configured to be enabled if available
Now considering [C:\Users\mukht\Desktop\Android\Vitalis] as hierarchies to watch
File system watching is active
Starting Build
Settings evaluated using settings file 'C:\Users\mukht\Desktop\Android\Vitalis\settings.gradle'.
Projects loaded. Root project using build file 'C:\Users\mukht\Desktop\Android\Vitalis\build.gradle'.
Included projects: [root project 'HealthyMode', project ':app']

> Configure project :
Evaluating root project 'HealthyMode' using build file 'C:\Users\mukht\Desktop\Android\Vitalis\build.gradle'.
Transforming google-services-4.4.2.jar (com.google.gms:google-services:4.4.2) with ExternalDependencyInstrumentingArtifactTransform
Transforming gradle-8.5.0.jar (com.android.tools.build:gradle:8.5.0) with ExternalDependencyInstrumentingArtifactTransform
Transforming strict-version-matcher-plugin-1.2.4.jar (com.google.android.gms:strict-version-matcher-plugin:1.2.4) with ExternalDependencyInstrumentingArtifactTransform
Transforming lint-model-31.5.0.jar (com.android.tools.lint:lint-model:31.5.0) with ExternalDependencyInstrumentingArtifactTransform
Transforming builder-8.5.0.jar (com.android.tools.build:builder:8.5.0) with ExternalDependencyInstrumentingArtifactTransform
Transforming manifest-merger-31.5.0.jar (com.android.tools.build:manifest-merger:31.5.0) with ExternalDependencyInstrumentingArtifactTransform
Transforming sdk-common-31.5.0.jar (com.android.tools:sdk-common:31.5.0) with ExternalDependencyInstrumentingArtifactTransform
Transforming sdklib-31.5.0.jar (com.android.tools:sdklib:31.5.0) with ExternalDependencyInstrumentingArtifactTransform
Transforming repository-31.5.0.jar (com.android.tools:repository:31.5.0) with ExternalDependencyInstrumentingArtifactTransform
Transforming tracker-31.5.0.jar (com.android.tools.analytics-library:tracker:31.5.0) with ExternalDependencyInstrumentingArtifactTransform
Transforming shared-31.5.0.jar (com.android.tools.analytics-library:shared:31.5.0) with ExternalDependencyInstrumentingArtifactTransform
Transforming databinding-compiler-common-8.5.0.jar (androidx.databinding:databinding-compiler-common:8.5.0) with ExternalDependencyInstrumentingArtifactTransform
Transforming android-test-plugin-result-listener-gradle-proto-31.5.0.jar (com.android.tools.utp:android-test-plugin-result-listener-gradle-proto:31.5.0) with ExternalDependencyInstrumentingArtifactTransform
Transforming jetifier-processor-1.0.0-beta10.jar (com.android.tools.build.jetifier:jetifier-processor:1.0.0-beta10) with ExternalDependencyInstrumentingArtifactTransform
Transforming jetifier-core-1.0.0-beta10.jar (com.android.tools.build.jetifier:jetifier-core:1.0.0-beta10) with ExternalDependencyInstrumentingArtifactTransform
Transforming bundletool-1.16.0.jar (com.android.tools.build:bundletool:1.16.0) with ExternalDependencyInstrumentingArtifactTransform
Transforming protobuf-java-util-3.22.3.jar (com.google.protobuf:protobuf-java-util:3.22.3) with ExternalDependencyInstrumentingArtifactTransform
Transforming grpc-netty-1.57.0.jar (io.grpc:grpc-netty:1.57.0) with ExternalDependencyInstrumentingArtifactTransform
Transforming grpc-core-1.57.0.jar (io.grpc:grpc-core:1.57.0) with ExternalDependencyInstrumentingArtifactTransform
Transforming tink-1.7.0.jar (com.google.crypto.tink:tink:1.7.0) with ExternalDependencyInstrumentingArtifactTransform
Transforming gson-2.10.1.jar (com.google.code.gson:gson:2.10.1) with ExternalDependencyInstrumentingArtifactTransform
Transforming aaptcompiler-8.5.0.jar (com.android.tools.build:aaptcompiler:8.5.0) with ExternalDependencyInstrumentingArtifactTransform
Transforming crash-31.5.0.jar (com.android.tools.analytics-library:crash:31.5.0) with ExternalDependencyInstrumentingArtifactTransform
Transforming lint-typedef-remover-31.5.0.jar (com.android.tools.lint:lint-typedef-remover:31.5.0) with ExternalDependencyInstrumentingArtifactTransform
Transforming gradle-api-8.5.0.jar (com.android.tools.build:gradle-api:8.5.0) with ExternalDependencyInstrumentingArtifactTransform
Transforming builder-test-api-8.5.0.jar (com.android.tools.build:builder-test-api:8.5.0) with ExternalDependencyInstrumentingArtifactTransform
Transforming grpc-protobuf-1.57.0.jar (io.grpc:grpc-protobuf:1.57.0) with ExternalDependencyInstrumentingArtifactTransform
Transforming grpc-stub-1.57.0.jar (io.grpc:grpc-stub:1.57.0) with ExternalDependencyInstrumentingArtifactTransform
Transforming ddmlib-31.5.0.jar (com.android.tools.ddms:ddmlib:31.5.0) with ExternalDependencyInstrumentingArtifactTransform
Transforming layoutlib-api-31.5.0.jar (com.android.tools.layoutlib:layoutlib-api:31.5.0) with ExternalDependencyInstrumentingArtifactTransform
Transforming dvlib-31.5.0.jar (com.android.tools:dvlib:31.5.0) with ExternalDependencyInstrumentingArtifactTransform
Transforming common-31.5.0.jar (com.android.tools:common:31.5.0) with ExternalDependencyInstrumentingArtifactTransform
Transforming jimfs-1.1.jar (com.google.jimfs:jimfs:1.1) with ExternalDependencyInstrumentingArtifactTransform
Transforming grpc-context-1.57.0.jar (io.grpc:grpc-context:1.57.0) with ExternalDependencyInstrumentingArtifactTransform
Transforming grpc-protobuf-lite-1.57.0.jar (io.grpc:grpc-protobuf-lite:1.57.0) with ExternalDependencyInstrumentingArtifactTransform
Transforming grpc-api-1.57.0.jar (io.grpc:grpc-api:1.57.0) with ExternalDependencyInstrumentingArtifactTransform
Transforming apkzlib-8.5.0.jar (com.android.tools.build:apkzlib:8.5.0) with ExternalDependencyInstrumentingArtifactTransform
Transforming guava-32.0.1-jre.jar (com.google.guava:guava:32.0.1-jre) with ExternalDependencyInstrumentingArtifactTransform
Transforming gradle-settings-api-8.5.0.jar (com.android.tools.build:gradle-settings-api:8.5.0) with ExternalDependencyInstrumentingArtifactTransform
Transforming android-test-plugin-host-emulator-control-proto-31.5.0.jar (com.android.tools.utp:android-test-plugin-host-emulator-control-proto:31.5.0) with ExternalDependencyInstrumentingArtifactTransform
Transforming android-test-plugin-host-retention-proto-31.5.0.jar (com.android.tools.utp:android-test-plugin-host-retention-proto:31.5.0) with ExternalDependencyInstrumentingArtifactTransform
Transforming builder-model-8.5.0.jar (com.android.tools.build:builder-model:8.5.0) with ExternalDependencyInstrumentingArtifactTransform
Transforming symbol-processing-gradle-plugin-1.9.22-1.0.17.jar (com.google.devtools.ksp:symbol-processing-gradle-plugin:1.9.22-1.0.17) with ExternalDependencyInstrumentingArtifactTransform
Transforming hilt-android-gradle-plugin-2.50.jar (com.google.dagger:hilt-android-gradle-plugin:2.50) with ExternalDependencyInstrumentingArtifactTransform
Transforming kotlin-stdlib-jdk7-1.9.20.jar (org.jetbrains.kotlin:kotlin-stdlib-jdk7:1.9.20) with ExternalDependencyInstrumentingArtifactTransform
Transforming kotlin-reflect-1.9.20.jar (org.jetbrains.kotlin:kotlin-reflect:1.9.20) with ExternalDependencyInstrumentingArtifactTransform
Transforming kotlin-stdlib-1.9.20.jar (org.jetbrains.kotlin:kotlin-stdlib:1.9.20) with ExternalDependencyInstrumentingArtifactTransform
Transforming symbol-processing-api-1.9.22-1.0.17.jar (com.google.devtools.ksp:symbol-processing-api:1.9.22-1.0.17) with ExternalDependencyInstrumentingArtifactTransform
Transforming symbol-processing-common-deps-1.9.22-1.0.17.jar (com.google.devtools.ksp:symbol-processing-common-deps:1.9.22-1.0.17) with ExternalDependencyInstrumentingArtifactTransform
Transforming kotlin-stdlib-jdk8-1.9.20.jar (org.jetbrains.kotlin:kotlin-stdlib-jdk8:1.9.20) with ExternalDependencyInstrumentingArtifactTransform
Transforming aapt2-proto-8.5.0-11315950.jar (com.android.tools.build:aapt2-proto:8.5.0-11315950) with ExternalDependencyInstrumentingArtifactTransform
Transforming databinding-common-8.5.0.jar (androidx.databinding:databinding-common:8.5.0) with ExternalDependencyInstrumentingArtifactTransform
Transforming baseLibrary-8.5.0.jar (com.android.databinding:baseLibrary:8.5.0) with ExternalDependencyInstrumentingArtifactTransform
Transforming android-device-provider-ddmlib-proto-31.5.0.jar (com.android.tools.utp:android-device-provider-ddmlib-proto:31.5.0) with ExternalDependencyInstrumentingArtifactTransform
Transforming android-device-provider-gradle-proto-31.5.0.jar (com.android.tools.utp:android-device-provider-gradle-proto:31.5.0) with ExternalDependencyInstrumentingArtifactTransform
Transforming android-test-plugin-host-additional-test-output-proto-31.5.0.jar (com.android.tools.utp:android-test-plugin-host-additional-test-output-proto:31.5.0) with ExternalDependencyInstrumentingArtifactTransform
Transforming android-test-plugin-host-coverage-proto-31.5.0.jar (com.android.tools.utp:android-test-plugin-host-coverage-proto:31.5.0) with ExternalDependencyInstrumentingArtifactTransform
Transforming android-test-plugin-host-logcat-proto-31.5.0.jar (com.android.tools.utp:android-test-plugin-host-logcat-proto:31.5.0) with ExternalDependencyInstrumentingArtifactTransform
Transforming android-test-plugin-host-apk-installer-proto-31.5.0.jar (com.android.tools.utp:android-test-plugin-host-apk-installer-proto:31.5.0) with ExternalDependencyInstrumentingArtifactTransform
Transforming transform-api-2.0.0-deprecated-use-gradle-api.jar (com.android.tools.build:transform-api:2.0.0-deprecated-use-gradle-api) with ExternalDependencyInstrumentingArtifactTransform
Transforming httpmime-4.5.6.jar (org.apache.httpcomponents:httpmime:4.5.6) with ExternalDependencyInstrumentingArtifactTransform
Transforming commons-io-2.13.0.jar (commons-io:commons-io:2.13.0) with ExternalDependencyInstrumentingArtifactTransform
Transforming asm-commons-9.6.jar (org.ow2.asm:asm-commons:9.6) with ExternalDependencyInstrumentingArtifactTransform
Transforming asm-util-9.6.jar (org.ow2.asm:asm-util:9.6) with ExternalDependencyInstrumentingArtifactTransform
Transforming asm-analysis-9.6.jar (org.ow2.asm:asm-analysis:9.6) with ExternalDependencyInstrumentingArtifactTransform
Transforming asm-tree-9.6.jar (org.ow2.asm:asm-tree:9.6) with ExternalDependencyInstrumentingArtifactTransform
Transforming asm-9.6.jar (org.ow2.asm:asm:9.6) with ExternalDependencyInstrumentingArtifactTransform
Transforming bcpkix-jdk18on-1.77.jar (org.bouncycastle:bcpkix-jdk18on:1.77) with ExternalDependencyInstrumentingArtifactTransform
Transforming jaxb-runtime-2.3.2.jar (org.glassfish.jaxb:jaxb-runtime:2.3.2) with ExternalDependencyInstrumentingArtifactTransform
Transforming jopt-simple-4.9.jar (net.sf.jopt-simple:jopt-simple:4.9) with ExternalDependencyInstrumentingArtifactTransform
Transforming javapoet-1.13.0.jar (com.squareup:javapoet:1.13.0) with ExternalDependencyInstrumentingArtifactTransform
Transforming protos-31.5.0.jar (com.android.tools.analytics-library:protos:31.5.0) with ExternalDependencyInstrumentingArtifactTransform
Transforming proto-google-common-protos-2.17.0.jar (com.google.api.grpc:proto-google-common-protos:2.17.0) with ExternalDependencyInstrumentingArtifactTransform
Transforming protobuf-java-3.22.3.jar (com.google.protobuf:protobuf-java:3.22.3) with ExternalDependencyInstrumentingArtifactTransform
Transforming core-proto-0.0.9-alpha02.jar (com.google.testing.platform:core-proto:0.0.9-alpha02) with ExternalDependencyInstrumentingArtifactTransform
Transforming kxml2-2.3.0.jar (net.sf.kxml:kxml2:2.3.0) with ExternalDependencyInstrumentingArtifactTransform
Transforming tensorflow-lite-metadata-0.1.0-rc2.jar (org.tensorflow:tensorflow-lite-metadata:0.1.0-rc2) with ExternalDependencyInstrumentingArtifactTransform
Transforming flatbuffers-java-1.12.0.jar (com.google.flatbuffers:flatbuffers-java:1.12.0) with ExternalDependencyInstrumentingArtifactTransform
Transforming kotlin-gradle-plugin-model-1.9.22.jar (org.jetbrains.kotlin:kotlin-gradle-plugin-model:1.9.22) with ExternalDependencyInstrumentingArtifactTransform
Transforming kotlin-gradle-plugin-api-1.9.22.jar (org.jetbrains.kotlin:kotlin-gradle-plugin-api:1.9.22) with ExternalDependencyInstrumentingArtifactTransform
Transforming kotlin-gradle-plugin-1.9.22-gradle82.jar (org.jetbrains.kotlin:kotlin-gradle-plugin:1.9.22) with ExternalDependencyInstrumentingArtifactTransform
Transforming jsr305-3.0.2.jar (com.google.code.findbugs:jsr305:3.0.2) with ExternalDependencyInstrumentingArtifactTransform
Transforming failureaccess-1.0.1.jar (com.google.guava:failureaccess:1.0.1) with ExternalDependencyInstrumentingArtifactTransform
Transforming listenablefuture-9999.0-empty-to-avoid-conflict-with-guava.jar (com.google.guava:listenablefuture:9999.0-empty-to-avoid-conflict-with-guava) with ExternalDependencyInstrumentingArtifactTransform
Transforming checker-qual-3.33.0.jar (org.checkerframework:checker-qual:3.33.0) with ExternalDependencyInstrumentingArtifactTransform
Transforming error_prone_annotations-2.18.0.jar (com.google.errorprone:error_prone_annotations:2.18.0) with ExternalDependencyInstrumentingArtifactTransform
Transforming j2objc-annotations-2.8.jar (com.google.j2objc:j2objc-annotations:2.8) with ExternalDependencyInstrumentingArtifactTransform
Transforming animal-sniffer-annotations-1.23.jar (org.codehaus.mojo:animal-sniffer-annotations:1.23) with ExternalDependencyInstrumentingArtifactTransform
Transforming dagger-2.28.3.jar (com.google.dagger:dagger:2.28.3) with ExternalDependencyInstrumentingArtifactTransform
Transforming javax.inject-1.jar (javax.inject:javax.inject:1) with ExternalDependencyInstrumentingArtifactTransform
Transforming bcutil-jdk18on-1.77.jar (org.bouncycastle:bcutil-jdk18on:1.77) with ExternalDependencyInstrumentingArtifactTransform
Transforming bcprov-jdk18on-1.77.jar (org.bouncycastle:bcprov-jdk18on:1.77) with ExternalDependencyInstrumentingArtifactTransform
Transforming kotlin-android-extensions-1.9.22.jar (org.jetbrains.kotlin:kotlin-android-extensions:1.9.22) with ExternalDependencyInstrumentingArtifactTransform
Transforming kotlin-compiler-runner-1.9.22.jar (org.jetbrains.kotlin:kotlin-compiler-runner:1.9.22) with ExternalDependencyInstrumentingArtifactTransform
Transforming kotlin-compiler-embeddable-1.9.22.jar (org.jetbrains.kotlin:kotlin-compiler-embeddable:1.9.22) with ExternalDependencyInstrumentingArtifactTransform
Transforming trove4j-1.0.20200330.jar (org.jetbrains.intellij.deps:trove4j:1.0.20200330) with ExternalDependencyInstrumentingArtifactTransform
Transforming commons-compress-1.21.jar (org.apache.commons:commons-compress:1.21) with ExternalDependencyInstrumentingArtifactTransform
Transforming httpclient-4.5.14.jar (org.apache.httpcomponents:httpclient:4.5.14) with ExternalDependencyInstrumentingArtifactTransform
Transforming httpcore-4.4.16.jar (org.apache.httpcomponents:httpcore:4.4.16) with ExternalDependencyInstrumentingArtifactTransform
Transforming javax.activation-1.2.0.jar (com.sun.activation:javax.activation:1.2.0) with ExternalDependencyInstrumentingArtifactTransform
Transforming annotations-23.0.0.jar (org.jetbrains:annotations:23.0.0) with ExternalDependencyInstrumentingArtifactTransform
Transforming signflinger-8.5.0.jar (com.android:signflinger:8.5.0) with ExternalDependencyInstrumentingArtifactTransform
Transforming zipflinger-8.5.0.jar (com.android:zipflinger:8.5.0) with ExternalDependencyInstrumentingArtifactTransform
Transforming annotations-31.5.0.jar (com.android.tools:annotations:31.5.0) with ExternalDependencyInstrumentingArtifactTransform
Transforming jna-platform-5.6.0.jar (net.java.dev.jna:jna-platform:5.6.0) with ExternalDependencyInstrumentingArtifactTransform
Transforming juniversalchardet-1.0.3.jar (com.googlecode.juniversalchardet:juniversalchardet:1.0.3) with ExternalDependencyInstrumentingArtifactTransform
Transforming javax.annotation-api-1.3.2.jar (javax.annotation:javax.annotation-api:1.3.2) with ExternalDependencyInstrumentingArtifactTransform
Transforming stax-ex-1.8.1.jar (org.jvnet.staxex:stax-ex:1.8.1) with ExternalDependencyInstrumentingArtifactTransform
Transforming jakarta.xml.bind-api-2.3.2.jar (jakarta.xml.bind:jakarta.xml.bind-api:2.3.2) with ExternalDependencyInstrumentingArtifactTransform
Transforming txw2-2.3.2.jar (org.glassfish.jaxb:txw2:2.3.2) with ExternalDependencyInstrumentingArtifactTransform
Transforming istack-commons-runtime-3.0.8.jar (com.sun.istack:istack-commons-runtime:3.0.8) with ExternalDependencyInstrumentingArtifactTransform
Transforming FastInfoset-1.2.16.jar (com.sun.xml.fastinfoset:FastInfoset:1.2.16) with ExternalDependencyInstrumentingArtifactTransform
Transforming jakarta.activation-api-1.2.1.jar (jakarta.activation:jakarta.activation-api:1.2.1) with ExternalDependencyInstrumentingArtifactTransform
Transforming auto-value-annotations-1.6.2.jar (com.google.auto.value:auto-value-annotations:1.6.2) with ExternalDependencyInstrumentingArtifactTransform
Transforming jose4j-0.9.5.jar (org.bitbucket.b_c:jose4j:0.9.5) with ExternalDependencyInstrumentingArtifactTransform
Transforming slf4j-api-1.7.30.jar (org.slf4j:slf4j-api:1.7.30) with ExternalDependencyInstrumentingArtifactTransform
Transforming jdom2-2.0.6.jar (org.jdom:jdom2:2.0.6) with ExternalDependencyInstrumentingArtifactTransform
Transforming annotations-4.1.1.4.jar (com.google.android:annotations:4.1.1.4) with ExternalDependencyInstrumentingArtifactTransform
Transforming perfmark-api-0.26.0.jar (io.perfmark:perfmark-api:0.26.0) with ExternalDependencyInstrumentingArtifactTransform
Transforming netty-codec-http2-4.1.93.Final.jar (io.netty:netty-codec-http2:4.1.93.Final) with ExternalDependencyInstrumentingArtifactTransform
Transforming netty-handler-proxy-4.1.93.Final.jar (io.netty:netty-handler-proxy:4.1.93.Final) with ExternalDependencyInstrumentingArtifactTransform
Transforming netty-codec-http-4.1.93.Final.jar (io.netty:netty-codec-http:4.1.93.Final) with ExternalDependencyInstrumentingArtifactTransform
Transforming netty-handler-4.1.93.Final.jar (io.netty:netty-handler:4.1.93.Final) with ExternalDependencyInstrumentingArtifactTransform
Transforming netty-transport-native-unix-common-4.1.93.Final.jar (io.netty:netty-transport-native-unix-common:4.1.93.Final) with ExternalDependencyInstrumentingArtifactTransform
Transforming commons-codec-1.11.jar (commons-codec:commons-codec:1.11) with ExternalDependencyInstrumentingArtifactTransform
Transforming apksig-8.5.0.jar (com.android.tools.build:apksig:8.5.0) with ExternalDependencyInstrumentingArtifactTransform
Transforming javawriter-2.5.0.jar (com.squareup:javawriter:2.5.0) with ExternalDependencyInstrumentingArtifactTransform
Transforming kotlin-gradle-plugin-idea-proto-1.9.22.jar (org.jetbrains.kotlin:kotlin-gradle-plugin-idea-proto:1.9.22) with ExternalDependencyInstrumentingArtifactTransform
Transforming kotlin-gradle-plugin-idea-1.9.22.jar (org.jetbrains.kotlin:kotlin-gradle-plugin-idea:1.9.22) with ExternalDependencyInstrumentingArtifactTransform
Transforming kotlin-klib-commonizer-api-1.9.22.jar (org.jetbrains.kotlin:kotlin-klib-commonizer-api:1.9.22) with ExternalDependencyInstrumentingArtifactTransform
Transforming kotlin-native-utils-1.9.22.jar (org.jetbrains.kotlin:kotlin-native-utils:1.9.22) with ExternalDependencyInstrumentingArtifactTransform
Transforming kotlin-util-klib-1.9.22.jar (org.jetbrains.kotlin:kotlin-util-klib:1.9.22) with ExternalDependencyInstrumentingArtifactTransform
Transforming kotlin-build-tools-api-1.9.22.jar (org.jetbrains.kotlin:kotlin-build-tools-api:1.9.22) with ExternalDependencyInstrumentingArtifactTransform
Transforming kotlin-scripting-compiler-embeddable-1.9.22.jar (org.jetbrains.kotlin:kotlin-scripting-compiler-embeddable:1.9.22) with ExternalDependencyInstrumentingArtifactTransform
Transforming kotlin-scripting-compiler-impl-embeddable-1.9.22.jar (org.jetbrains.kotlin:kotlin-scripting-compiler-impl-embeddable:1.9.22) with ExternalDependencyInstrumentingArtifactTransform
Transforming commons-logging-1.2.jar (commons-logging:commons-logging:1.2) with ExternalDependencyInstrumentingArtifactTransform
Transforming jna-5.6.0.jar (net.java.dev.jna:jna:5.6.0) with ExternalDependencyInstrumentingArtifactTransform
Transforming netty-codec-socks-4.1.93.Final.jar (io.netty:netty-codec-socks:4.1.93.Final) with ExternalDependencyInstrumentingArtifactTransform
Transforming netty-codec-4.1.93.Final.jar (io.netty:netty-codec:4.1.93.Final) with ExternalDependencyInstrumentingArtifactTransform
Transforming netty-transport-4.1.93.Final.jar (io.netty:netty-transport:4.1.93.Final) with ExternalDependencyInstrumentingArtifactTransform
Transforming netty-buffer-4.1.93.Final.jar (io.netty:netty-buffer:4.1.93.Final) with ExternalDependencyInstrumentingArtifactTransform
Transforming netty-resolver-4.1.93.Final.jar (io.netty:netty-resolver:4.1.93.Final) with ExternalDependencyInstrumentingArtifactTransform
Transforming netty-common-4.1.93.Final.jar (io.netty:netty-common:4.1.93.Final) with ExternalDependencyInstrumentingArtifactTransform
Transforming kotlin-gradle-plugin-annotations-1.9.22.jar (org.jetbrains.kotlin:kotlin-gradle-plugin-annotations:1.9.22) with ExternalDependencyInstrumentingArtifactTransform
Transforming kotlin-project-model-1.9.22.jar (org.jetbrains.kotlin:kotlin-project-model:1.9.22) with ExternalDependencyInstrumentingArtifactTransform
Transforming kotlin-tooling-core-1.9.22.jar (org.jetbrains.kotlin:kotlin-tooling-core:1.9.22) with ExternalDependencyInstrumentingArtifactTransform
Transforming kotlin-util-io-1.9.22.jar (org.jetbrains.kotlin:kotlin-util-io:1.9.22) with ExternalDependencyInstrumentingArtifactTransform
Transforming kotlin-daemon-embeddable-1.9.22.jar (org.jetbrains.kotlin:kotlin-daemon-embeddable:1.9.22) with ExternalDependencyInstrumentingArtifactTransform
Transforming kotlin-daemon-client-1.9.22.jar (org.jetbrains.kotlin:kotlin-daemon-client:1.9.22) with ExternalDependencyInstrumentingArtifactTransform
Transforming kotlinx-coroutines-core-jvm-1.5.0.jar (org.jetbrains.kotlinx:kotlinx-coroutines-core-jvm:1.5.0) with ExternalDependencyInstrumentingArtifactTransform
Transforming kotlin-scripting-jvm-1.9.22.jar (org.jetbrains.kotlin:kotlin-scripting-jvm:1.9.22) with ExternalDependencyInstrumentingArtifactTransform
Transforming kotlin-scripting-common-1.9.22.jar (org.jetbrains.kotlin:kotlin-scripting-common:1.9.22) with ExternalDependencyInstrumentingArtifactTransform

> Configure project :app
Evaluating project ':app' using build file 'C:\Users\mukht\Desktop\Android\Vitalis\app\build.gradle'.
Using default execution profile
Using Kotlin Gradle Plugin gradle82 variant
Parsed shrinker version: 8.5.10
All projects evaluated.
Task name matched 'assembleDebug'
Selected primary task 'assembleDebug' from project :
WARNING: We recommend using a newer Android Gradle plugin to use compileSdk = 35

This Android Gradle plugin (8.5.0) was tested up to compileSdk = 34.

You are strongly encouraged to update your project to use a newer
Android Gradle plugin that has been tested with compileSdk = 35.

If you are already using the latest version of the Android Gradle plugin,
you may need to wait until a newer version with support for compileSdk = 35 is available.

For more information refer to the compatibility table:
https://d.android.com/r/tools/api-level-support

To suppress this warning, add/update
    android.suppressUnsupportedCompileSdk=35
to this project's gradle.properties.
Tasks to be executed: [task ':app:preBuild', task ':app:preDebugBuild', task ':app:mergeDebugNativeDebugMetadata', task ':app:checkKotlinGradlePluginConfigurationErrors', task ':app:dataBindingMergeDependencyArtifactsDebug', task ':app:generateDebugResValues', task ':app:generateDebugResources', task ':app:processDebugGoogleServices', task ':app:mergeDebugResources', task ':app:packageDebugResources', task ':app:parseDebugLocalResources', task ':app:dataBindingGenBaseClassesDebug', task ':app:generateDebugBuildConfig', task ':app:checkDebugAarMetadata', task ':app:mapDebugSourceSetPaths', task ':app:createDebugCompatibleScreenManifests', task ':app:extractDeepLinksDebug', task ':app:processDebugMainManifest', task ':app:processDebugManifest', task ':app:processDebugManifestForPackage', task ':app:processDebugResources', task ':app:kspDebugKotlin', task ':app:kaptGenerateStubsDebugKotlin', task ':app:kaptDebugKotlin', task ':app:compileDebugKotlin', task ':app:javaPreCompileDebug', task ':app:compileDebugJavaWithJavac', task ':app:mergeDebugShaders', task ':app:compileDebugShaders', task ':app:generateDebugAssets', task ':app:mergeDebugAssets', task ':app:compressDebugAssets', task ':app:desugarDebugFileDependencies', task ':app:hiltAggregateDepsDebug', task ':app:hiltJavaCompileDebug', task ':app:transformDebugClassesWithAsm', task ':app:dexBuilderDebug', task ':app:mergeDebugGlobalSynthetics', task ':app:processDebugJavaRes', task ':app:mergeDebugJavaResource', task ':app:checkDebugDuplicateClasses', task ':app:mergeDebugStartupProfile', task ':app:mergeExtDexDebug', task ':app:mergeLibDexDebug', task ':app:mergeProjectDexDebug', task ':app:mergeDebugJniLibFolders', task ':app:mergeDebugNativeLibs', task ':app:stripDebugDebugSymbols', task ':app:validateSigningDebug', task ':app:writeDebugAppMetadata', task ':app:writeDebugSigningConfigVersions', task ':app:packageDebug', task ':app:createDebugApkListingFileRedirect', task ':app:assembleDebug']
Tasks that were excluded: []
Resolve mutations for :app:preBuild (Thread[#90,Execution worker Thread 2,5,main]) started.
:app:preBuild (Thread[#90,Execution worker Thread 2,5,main]) started.

> Task :app:preBuild UP-TO-DATE
Skipping task ':app:preBuild' as it has no actions.
Resolve mutations for :app:preDebugBuild (Thread[#90,Execution worker Thread 2,5,main]) started.
:app:preDebugBuild (Thread[#96,Execution worker Thread 8,5,main]) started.

> Task :app:preDebugBuild UP-TO-DATE
Skipping task ':app:preDebugBuild' as it has no actions.
Resolve mutations for :app:mergeDebugNativeDebugMetadata (Thread[#96,Execution worker Thread 8,5,main]) started.
:app:mergeDebugNativeDebugMetadata (Thread[#96,Execution worker Thread 8,5,main]) started.

> Task :app:mergeDebugNativeDebugMetadata NO-SOURCE
Skipping task ':app:mergeDebugNativeDebugMetadata' as it has no source files and no previous output files.
Resolve mutations for :app:checkKotlinGradlePluginConfigurationErrors (Thread[#96,Execution worker Thread 8,5,main]) started.
:app:checkKotlinGradlePluginConfigurationErrors (Thread[#96,Execution worker Thread 8,5,main]) started.

> Task :app:checkKotlinGradlePluginConfigurationErrors
Caching disabled for task ':app:checkKotlinGradlePluginConfigurationErrors' because:
  Build cache is disabled
Task ':app:checkKotlinGradlePluginConfigurationErrors' is not up-to-date because:
  Task has not declared any outputs despite executing actions.
Resolve mutations for :app:dataBindingMergeDependencyArtifactsDebug (Thread[#96,Execution worker Thread 8,5,main]) started.
:app:dataBindingMergeDependencyArtifactsDebug (Thread[#96,Execution worker Thread 8,5,main]) started.

> Task :app:dataBindingMergeDependencyArtifactsDebug UP-TO-DATE
Registered task dependencies: app:debugCompileClasspath
Skipping misunderstood TO dep string: com.google.firebase:firebase-auth-ktx
Skipping misunderstood TO dep string: com.google.firebase:firebase-database-ktx
Skipping misunderstood TO dep string: com.google.firebase:firebase-firestore-ktx
Skipping misunderstood TO dep string: com.google.firebase:firebase-firestore
Starting dependency analysis
Transforming material-1.12.0.aar (com.google.android.material:material:1.12.0) with JetifyTransform
Transforming appcompat-1.7.0.aar (androidx.appcompat:appcompat:1.7.0) with JetifyTransform
Transforming viewbinding-8.5.0.aar (androidx.databinding:viewbinding:8.5.0) with JetifyTransform
Transforming glide-4.16.0.aar (com.github.bumptech.glide:glide:4.16.0) with JetifyTransform
Transforming TimeLineView-1.0.2.aar (com.github.po10cio:TimeLineView:1.0.2) with JetifyTransform
Transforming viewpager2-1.0.0.aar (androidx.viewpager2:viewpager2:1.0.0) with JetifyTransform
Transforming legacy-support-v4-1.0.0.aar (androidx.legacy:legacy-support-v4:1.0.0) with JetifyTransform
Transforming firebase-auth-ktx-23.0.0.aar (com.google.firebase:firebase-auth-ktx:23.0.0) with JetifyTransform
Transforming firebase-auth-23.0.0.aar (com.google.firebase:firebase-auth:23.0.0) with JetifyTransform
Transforming firebase-ui-firestore-8.0.2.aar (com.firebaseui:firebase-ui-firestore:8.0.2) with JetifyTransform
Transforming appcompat-resources-1.7.0.aar (androidx.appcompat:appcompat-resources:1.7.0) with JetifyTransform
Transforming hilt-android-2.50.aar (com.google.dagger:hilt-android:2.50) with JetifyTransform
Transforming material-1.12.0.aar (com.google.android.material:material:1.12.0) with ExtractAarTransform
Transforming legacy-support-v4-1.0.0.aar (androidx.legacy:legacy-support-v4:1.0.0) with ExtractAarTransform
Transforming appcompat-1.7.0.aar (androidx.appcompat:appcompat:1.7.0) with ExtractAarTransform
Transforming appcompat-resources-1.7.0.aar (androidx.appcompat:appcompat-resources:1.7.0) with ExtractAarTransform
Transforming firebase-ui-firestore-8.0.2.aar (com.firebaseui:firebase-ui-firestore:8.0.2) with ExtractAarTransform
Transforming hilt-android-2.50.aar (com.google.dagger:hilt-android:2.50) with ExtractAarTransform
Transforming viewbinding-8.5.0.aar (androidx.databinding:viewbinding:8.5.0) with ExtractAarTransform
Transforming firebase-auth-ktx-23.0.0.aar (com.google.firebase:firebase-auth-ktx:23.0.0) with ExtractAarTransform
Transforming TimeLineView-1.0.2.aar (com.github.po10cio:TimeLineView:1.0.2) with ExtractAarTransform
Transforming glide-4.16.0.aar (com.github.bumptech.glide:glide:4.16.0) with ExtractAarTransform
Transforming firebase-auth-23.0.0.aar (com.google.firebase:firebase-auth:23.0.0) with ExtractAarTransform
Transforming legacy-support-v4-1.0.0.aar (androidx.legacy:legacy-support-v4:1.0.0) with AarTransform
Transforming viewpager2-1.0.0.aar (androidx.viewpager2:viewpager2:1.0.0) with ExtractAarTransform
Transforming hilt-android-2.50.aar (com.google.dagger:hilt-android:2.50) with AarTransform
Transforming play-services-location-21.3.0.aar (com.google.android.gms:play-services-location:21.3.0) with JetifyTransform
Transforming viewbinding-8.5.0.aar (androidx.databinding:viewbinding:8.5.0) with AarTransform
Transforming firebase-ui-firestore-8.0.2.aar (com.firebaseui:firebase-ui-firestore:8.0.2) with AarTransform
Transforming firebase-auth-23.0.0.aar (com.google.firebase:firebase-auth:23.0.0) with AarTransform
Transforming play-services-auth-api-phone-18.0.2.aar (com.google.android.gms:play-services-auth-api-phone:18.0.2) with JetifyTransform
Transforming glide-4.16.0.aar (com.github.bumptech.glide:glide:4.16.0) with AarTransform
Transforming appcompat-resources-1.7.0.aar (androidx.appcompat:appcompat-resources:1.7.0) with AarTransform
Transforming viewpager2-1.0.0.aar (androidx.viewpager2:viewpager2:1.0.0) with AarTransform
Transforming firebase-database-ktx-21.0.0.aar (com.google.firebase:firebase-database-ktx:21.0.0) with JetifyTransform
Transforming firebase-database-21.0.0.aar (com.google.firebase:firebase-database:21.0.0) with JetifyTransform
Transforming firebase-firestore-ktx-25.0.0.aar (com.google.firebase:firebase-firestore-ktx:25.0.0) with JetifyTransform
Transforming firebase-firestore-25.0.0.aar (com.google.firebase:firebase-firestore:25.0.0) with JetifyTransform
Transforming TimeLineView-1.0.2.aar (com.github.po10cio:TimeLineView:1.0.2) with AarTransform
Transforming firebase-firestore-25.0.0.aar (com.google.firebase:firebase-firestore:25.0.0) with JetifyTransform
Transforming play-services-auth-api-phone-18.0.2.aar (com.google.android.gms:play-services-auth-api-phone:18.0.2) with ExtractAarTransform
Transforming play-services-location-21.3.0.aar (com.google.android.gms:play-services-location:21.3.0) with ExtractAarTransform
Transforming firebase-database-ktx-21.0.0.aar (com.google.firebase:firebase-database-ktx:21.0.0) with ExtractAarTransform
Transforming firebase-database-21.0.0.aar (com.google.firebase:firebase-database:21.0.0) with ExtractAarTransform
Transforming firebase-appcheck-interop-17.1.0.aar (com.google.firebase:firebase-appcheck-interop:17.1.0) with JetifyTransform
Transforming firebase-firestore-25.0.0.aar (com.google.firebase:firebase-firestore:25.0.0) with ExtractAarTransform
Transforming firebase-firestore-25.0.0.aar (com.google.firebase:firebase-firestore:25.0.0) with ExtractAarTransform
Transforming firebase-firestore-ktx-25.0.0.aar (com.google.firebase:firebase-firestore-ktx:25.0.0) with ExtractAarTransform
Transforming play-services-auth-api-phone-18.0.2.aar (com.google.android.gms:play-services-auth-api-phone:18.0.2) with AarTransform
Transforming firebase-appcheck-interop-17.1.0.aar (com.google.firebase:firebase-appcheck-interop:17.1.0) with JetifyTransform
Transforming firebase-database-21.0.0.aar (com.google.firebase:firebase-database:21.0.0) with AarTransform
Transforming firebase-database-ktx-21.0.0.aar (com.google.firebase:firebase-database-ktx:21.0.0) with AarTransform
Transforming firebase-firestore-ktx-25.0.0.aar (com.google.firebase:firebase-firestore-ktx:25.0.0) with AarTransform
Transforming firebase-firestore-25.0.0.aar (com.google.firebase:firebase-firestore:25.0.0) with AarTransform
Transforming firebase-firestore-25.0.0.aar (com.google.firebase:firebase-firestore:25.0.0) with AarTransform
Transforming firebase-appcheck-interop-17.1.0.aar (com.google.firebase:firebase-appcheck-interop:17.1.0) with JetifyTransform
Transforming firebase-appcheck-interop-17.1.0.aar (com.google.firebase:firebase-appcheck-interop:17.1.0) with ExtractAarTransform
Transforming firebase-appcheck-interop-17.1.0.aar (com.google.firebase:firebase-appcheck-interop:17.1.0) with ExtractAarTransform
Transforming firebase-database-collection-18.0.1.aar (com.google.firebase:firebase-database-collection:18.0.1) with JetifyTransform
Transforming firebase-database-collection-18.0.1.aar (com.google.firebase:firebase-database-collection:18.0.1) with JetifyTransform
Transforming play-services-base-18.5.0.aar (com.google.android.gms:play-services-base:18.5.0) with JetifyTransform
Transforming firebase-appcheck-interop-17.1.0.aar (com.google.firebase:firebase-appcheck-interop:17.1.0) with ExtractAarTransform
Transforming play-services-base-18.5.0.aar (com.google.android.gms:play-services-base:18.5.0) with JetifyTransform
Transforming firebase-database-collection-18.0.1.aar (com.google.firebase:firebase-database-collection:18.0.1) with ExtractAarTransform
Transforming firebase-database-collection-18.0.1.aar (com.google.firebase:firebase-database-collection:18.0.1) with ExtractAarTransform
Transforming play-services-base-18.5.0.aar (com.google.android.gms:play-services-base:18.5.0) with ExtractAarTransform
Transforming play-services-base-18.5.0.aar (com.google.android.gms:play-services-base:18.5.0) with ExtractAarTransform
Transforming firebase-appcheck-interop-17.1.0.aar (com.google.firebase:firebase-appcheck-interop:17.1.0) with AarTransform
Transforming firebase-appcheck-interop-17.1.0.aar (com.google.firebase:firebase-appcheck-interop:17.1.0) with AarTransform
Transforming firebase-appcheck-interop-17.1.0.aar (com.google.firebase:firebase-appcheck-interop:17.1.0) with AarTransform
Transforming firebase-database-collection-18.0.1.aar (com.google.firebase:firebase-database-collection:18.0.1) with AarTransform
Transforming firebase-database-collection-18.0.1.aar (com.google.firebase:firebase-database-collection:18.0.1) with AarTransform
Transforming play-services-base-18.5.0.aar (com.google.android.gms:play-services-base:18.5.0) with JetifyTransform
Transforming play-services-base-18.5.0.aar (com.google.android.gms:play-services-base:18.5.0) with JetifyTransform
Transforming recaptcha-18.4.0.aar (com.google.android.recaptcha:recaptcha:18.4.0) with JetifyTransform
Transforming play-services-base-18.5.0.aar (com.google.android.gms:play-services-base:18.5.0) with ExtractAarTransform
Transforming play-services-base-18.5.0.aar (com.google.android.gms:play-services-base:18.5.0) with ExtractAarTransform
Transforming integrity-1.2.0.aar (com.google.android.play:integrity:1.2.0) with JetifyTransform
Transforming integrity-1.2.0.aar (com.google.android.play:integrity:1.2.0) with JetifyTransform
Transforming integrity-1.2.0.aar (com.google.android.play:integrity:1.2.0) with ExtractAarTransform
Transforming integrity-1.2.0.aar (com.google.android.play:integrity:1.2.0) with ExtractAarTransform
Transforming play-services-base-18.5.0.aar (com.google.android.gms:play-services-base:18.5.0) with AarTransform
Transforming play-services-base-18.5.0.aar (com.google.android.gms:play-services-base:18.5.0) with AarTransform
Transforming play-services-base-18.5.0.aar (com.google.android.gms:play-services-base:18.5.0) with AarTransform
Transforming play-services-base-18.5.0.aar (com.google.android.gms:play-services-base:18.5.0) with AarTransform
Transforming firebase-auth-interop-20.0.0.aar (com.google.firebase:firebase-auth-interop:20.0.0) with JetifyTransform
Transforming firebase-auth-interop-20.0.0.aar (com.google.firebase:firebase-auth-interop:20.0.0) with JetifyTransform
Transforming firebase-common-ktx-21.0.0.aar (com.google.firebase:firebase-common-ktx:21.0.0) with JetifyTransform
Transforming firebase-auth-interop-20.0.0.aar (com.google.firebase:firebase-auth-interop:20.0.0) with JetifyTransform
Transforming firebase-common-ktx-21.0.0.aar (com.google.firebase:firebase-common-ktx:21.0.0) with ExtractAarTransform
Transforming firebase-auth-interop-20.0.0.aar (com.google.firebase:firebase-auth-interop:20.0.0) with ExtractAarTransform
Transforming firebase-auth-interop-20.0.0.aar (com.google.firebase:firebase-auth-interop:20.0.0) with ExtractAarTransform
Transforming firebase-auth-interop-20.0.0.aar (com.google.firebase:firebase-auth-interop:20.0.0) with ExtractAarTransform
Transforming firebase-auth-interop-20.0.0.aar (com.google.firebase:firebase-auth-interop:20.0.0) with AarTransform
Transforming firebase-auth-interop-20.0.0.aar (com.google.firebase:firebase-auth-interop:20.0.0) with AarTransform
Transforming firebase-auth-interop-20.0.0.aar (com.google.firebase:firebase-auth-interop:20.0.0) with AarTransform
Transforming firebase-common-ktx-21.0.0.aar (com.google.firebase:firebase-common-ktx:21.0.0) with AarTransform
Transforming firebase-common-ktx-21.0.0.aar (com.google.firebase:firebase-common-ktx:21.0.0) with JetifyTransform
Transforming firebase-common-ktx-21.0.0.aar (com.google.firebase:firebase-common-ktx:21.0.0) with JetifyTransform
Transforming firebase-common-ktx-21.0.0.aar (com.google.firebase:firebase-common-ktx:21.0.0) with JetifyTransform
Transforming firebase-common-ktx-21.0.0.aar (com.google.firebase:firebase-common-ktx:21.0.0) with ExtractAarTransform
Transforming firebase-common-ktx-21.0.0.aar (com.google.firebase:firebase-common-ktx:21.0.0) with ExtractAarTransform
Transforming firebase-common-ktx-21.0.0.aar (com.google.firebase:firebase-common-ktx:21.0.0) with ExtractAarTransform
Transforming firebase-common-ktx-21.0.0.aar (com.google.firebase:firebase-common-ktx:21.0.0) with AarTransform
Transforming firebase-common-ktx-21.0.0.aar (com.google.firebase:firebase-common-ktx:21.0.0) with AarTransform
Transforming firebase-common-ktx-21.0.0.aar (com.google.firebase:firebase-common-ktx:21.0.0) with AarTransform
Transforming firebase-common-21.0.0.aar (com.google.firebase:firebase-common:21.0.0) with JetifyTransform
Transforming firebase-common-21.0.0.aar (com.google.firebase:firebase-common:21.0.0) with JetifyTransform
Transforming firebase-common-21.0.0.aar (com.google.firebase:firebase-common:21.0.0) with JetifyTransform
Transforming firebase-common-21.0.0.aar (com.google.firebase:firebase-common:21.0.0) with JetifyTransform
Transforming firebase-common-21.0.0.aar (com.google.firebase:firebase-common:21.0.0) with ExtractAarTransform
Transforming firebase-common-21.0.0.aar (com.google.firebase:firebase-common:21.0.0) with ExtractAarTransform
Transforming firebase-common-21.0.0.aar (com.google.firebase:firebase-common:21.0.0) with ExtractAarTransform
Transforming firebase-common-21.0.0.aar (com.google.firebase:firebase-common:21.0.0) with ExtractAarTransform
Transforming firebase-common-21.0.0.aar (com.google.firebase:firebase-common:21.0.0) with AarTransform
Transforming firebase-common-21.0.0.aar (com.google.firebase:firebase-common:21.0.0) with AarTransform
Transforming firebase-common-21.0.0.aar (com.google.firebase:firebase-common:21.0.0) with AarTransform
Transforming firebase-common-21.0.0.aar (com.google.firebase:firebase-common:21.0.0) with AarTransform
Transforming work-runtime-ktx-2.9.1.aar (androidx.work:work-runtime-ktx:2.9.1) with JetifyTransform
Transforming room-ktx-2.6.1.aar (androidx.room:room-ktx:2.6.1) with JetifyTransform
Transforming work-runtime-2.9.1.aar (androidx.work:work-runtime:2.9.1) with JetifyTransform
Transforming room-runtime-2.6.1.aar (androidx.room:room-runtime:2.6.1) with JetifyTransform
Transforming work-runtime-ktx-2.9.1.aar (androidx.work:work-runtime-ktx:2.9.1) with ExtractAarTransform
Transforming room-ktx-2.6.1.aar (androidx.room:room-ktx:2.6.1) with ExtractAarTransform
Transforming work-runtime-2.9.1.aar (androidx.work:work-runtime:2.9.1) with ExtractAarTransform
Transforming room-runtime-2.6.1.aar (androidx.room:room-runtime:2.6.1) with ExtractAarTransform
Transforming room-ktx-2.6.1.aar (androidx.room:room-ktx:2.6.1) with AarTransform
Transforming work-runtime-ktx-2.9.1.aar (androidx.work:work-runtime-ktx:2.9.1) with AarTransform
Transforming room-runtime-2.6.1.aar (androidx.room:room-runtime:2.6.1) with AarTransform
Transforming work-runtime-2.9.1.aar (androidx.work:work-runtime:2.9.1) with AarTransform
Transforming activity-ktx-1.8.1.aar (androidx.activity:activity-ktx:1.8.1) with JetifyTransform
Transforming activity-1.8.1.aar (androidx.activity:activity:1.8.1) with JetifyTransform
Transforming legacy-support-core-ui-1.0.0.aar (androidx.legacy:legacy-support-core-ui:1.0.0) with JetifyTransform
Transforming drawerlayout-1.1.1.aar (androidx.drawerlayout:drawerlayout:1.1.1) with JetifyTransform
Transforming legacy-support-core-ui-1.0.0.aar (androidx.legacy:legacy-support-core-ui:1.0.0) with ExtractAarTransform
Transforming activity-1.8.1.aar (androidx.activity:activity:1.8.1) with ExtractAarTransform
Transforming activity-1.8.1.aar (androidx.activity:activity:1.8.1) with AarTransform
Transforming legacy-support-core-ui-1.0.0.aar (androidx.legacy:legacy-support-core-ui:1.0.0) with AarTransform
Transforming drawerlayout-1.1.1.aar (androidx.drawerlayout:drawerlayout:1.1.1) with JetifyTransform
Transforming coordinatorlayout-1.1.0.aar (androidx.coordinatorlayout:coordinatorlayout:1.1.0) with JetifyTransform
Transforming appcompat-1.7.0.aar (androidx.appcompat:appcompat:1.7.0) with AarTransform
Transforming coordinatorlayout-1.1.0.aar (androidx.coordinatorlayout:coordinatorlayout:1.1.0) with JetifyTransform
Transforming firebase-auth-ktx-23.0.0.aar (com.google.firebase:firebase-auth-ktx:23.0.0) with AarTransform
Transforming dynamicanimation-1.0.0.aar (androidx.dynamicanimation:dynamicanimation:1.0.0) with JetifyTransform
Transforming integrity-1.2.0.aar (com.google.android.play:integrity:1.2.0) with AarTransform
Transforming integrity-1.2.0.aar (com.google.android.play:integrity:1.2.0) with AarTransform
Transforming drawerlayout-1.1.1.aar (androidx.drawerlayout:drawerlayout:1.1.1) with ExtractAarTransform
Transforming drawerlayout-1.1.1.aar (androidx.drawerlayout:drawerlayout:1.1.1) with ExtractAarTransform
Transforming coordinatorlayout-1.1.0.aar (androidx.coordinatorlayout:coordinatorlayout:1.1.0) with ExtractAarTransform
Transforming paging-common-release.aar (androidx.paging:paging-common-android:3.3.1) with JetifyTransform
Transforming coordinatorlayout-1.1.0.aar (androidx.coordinatorlayout:coordinatorlayout:1.1.0) with ExtractAarTransform
Transforming activity-ktx-1.8.1.aar (androidx.activity:activity-ktx:1.8.1) with ExtractAarTransform
Transforming paging-rxjava3-3.3.1.aar (androidx.paging:paging-rxjava3:3.3.1) with JetifyTransform
Transforming dynamicanimation-1.0.0.aar (androidx.dynamicanimation:dynamicanimation:1.0.0) with ExtractAarTransform
Transforming paging-common-release.aar (androidx.paging:paging-common-android:3.3.1) with ExtractAarTransform
Transforming dynamicanimation-1.0.0.aar (androidx.dynamicanimation:dynamicanimation:1.0.0) with AarTransform
Transforming coordinatorlayout-1.1.0.aar (androidx.coordinatorlayout:coordinatorlayout:1.1.0) with AarTransform
Transforming drawerlayout-1.1.1.aar (androidx.drawerlayout:drawerlayout:1.1.1) with AarTransform
Transforming drawerlayout-1.1.1.aar (androidx.drawerlayout:drawerlayout:1.1.1) with AarTransform
Transforming coordinatorlayout-1.1.0.aar (androidx.coordinatorlayout:coordinatorlayout:1.1.0) with AarTransform
Transforming paging-runtime-ktx-3.3.1.aar (androidx.paging:paging-runtime-ktx:3.3.1) with JetifyTransform
Transforming paging-rxjava3-3.3.1.aar (androidx.paging:paging-rxjava3:3.3.1) with ExtractAarTransform
Transforming activity-ktx-1.8.1.aar (androidx.activity:activity-ktx:1.8.1) with AarTransform
Transforming paging-runtime-3.3.1.aar (androidx.paging:paging-runtime:3.3.1) with JetifyTransform
Transforming recyclerview-1.2.1.aar (androidx.recyclerview:recyclerview:1.2.1) with JetifyTransform
Transforming recyclerview-1.2.1.aar (androidx.recyclerview:recyclerview:1.2.1) with JetifyTransform
Transforming paging-runtime-ktx-3.3.1.aar (androidx.paging:paging-runtime-ktx:3.3.1) with ExtractAarTransform
Transforming transition-1.5.0.aar (androidx.transition:transition:1.5.0) with JetifyTransform
Transforming paging-common-release.aar (androidx.paging:paging-common-android:3.3.1) with AarTransform
Transforming paging-runtime-3.3.1.aar (androidx.paging:paging-runtime:3.3.1) with ExtractAarTransform
Transforming transition-1.5.0.aar (androidx.transition:transition:1.5.0) with ExtractAarTransform
Transforming recyclerview-1.2.1.aar (androidx.recyclerview:recyclerview:1.2.1) with ExtractAarTransform
Transforming recyclerview-1.2.1.aar (androidx.recyclerview:recyclerview:1.2.1) with ExtractAarTransform
Transforming vectordrawable-animated-1.1.0.aar (androidx.vectordrawable:vectordrawable-animated:1.1.0) with JetifyTransform
Transforming paging-rxjava3-3.3.1.aar (androidx.paging:paging-rxjava3:3.3.1) with AarTransform
Transforming paging-runtime-ktx-3.3.1.aar (androidx.paging:paging-runtime-ktx:3.3.1) with AarTransform
Transforming vectordrawable-1.1.0.aar (androidx.vectordrawable:vectordrawable:1.1.0) with JetifyTransform
Transforming vectordrawable-animated-1.1.0.aar (androidx.vectordrawable:vectordrawable-animated:1.1.0) with ExtractAarTransform
Transforming vectordrawable-1.1.0.aar (androidx.vectordrawable:vectordrawable:1.1.0) with JetifyTransform
Transforming material-1.12.0.aar (com.google.android.material:material:1.12.0) with AarTransform
Transforming viewpager-1.0.0.aar (androidx.viewpager:viewpager:1.0.0) with JetifyTransform
Transforming viewpager-1.0.0.aar (androidx.viewpager:viewpager:1.0.0) with JetifyTransform
Transforming recyclerview-1.2.1.aar (androidx.recyclerview:recyclerview:1.2.1) with AarTransform
Transforming recyclerview-1.2.1.aar (androidx.recyclerview:recyclerview:1.2.1) with AarTransform
Transforming vectordrawable-1.1.0.aar (androidx.vectordrawable:vectordrawable:1.1.0) with ExtractAarTransform
Transforming vectordrawable-1.1.0.aar (androidx.vectordrawable:vectordrawable:1.1.0) with ExtractAarTransform
Transforming transition-1.5.0.aar (androidx.transition:transition:1.5.0) with AarTransform
Transforming vectordrawable-animated-1.1.0.aar (androidx.vectordrawable:vectordrawable-animated:1.1.0) with AarTransform
Transforming slidingpanelayout-1.0.0.aar (androidx.slidingpanelayout:slidingpanelayout:1.0.0) with JetifyTransform
Transforming recaptcha-18.4.0.aar (com.google.android.recaptcha:recaptcha:18.4.0) with ExtractAarTransform
Transforming viewpager-1.0.0.aar (androidx.viewpager:viewpager:1.0.0) with ExtractAarTransform
Transforming paging-runtime-3.3.1.aar (androidx.paging:paging-runtime:3.3.1) with AarTransform
Transforming viewpager-1.0.0.aar (androidx.viewpager:viewpager:1.0.0) with ExtractAarTransform
Transforming customview-1.1.0.aar (androidx.customview:customview:1.1.0) with JetifyTransform
Transforming customview-1.1.0.aar (androidx.customview:customview:1.1.0) with JetifyTransform
Transforming customview-1.1.0.aar (androidx.customview:customview:1.1.0) with JetifyTransform
Transforming customview-1.1.0.aar (androidx.customview:customview:1.1.0) with JetifyTransform
Transforming play-services-location-21.3.0.aar (com.google.android.gms:play-services-location:21.3.0) with AarTransform
Transforming slidingpanelayout-1.0.0.aar (androidx.slidingpanelayout:slidingpanelayout:1.0.0) with ExtractAarTransform
Transforming customview-1.1.0.aar (androidx.customview:customview:1.1.0) with JetifyTransform
Transforming vectordrawable-1.1.0.aar (androidx.vectordrawable:vectordrawable:1.1.0) with AarTransform
Transforming customview-1.1.0.aar (androidx.customview:customview:1.1.0) with ExtractAarTransform
Transforming customview-1.1.0.aar (androidx.customview:customview:1.1.0) with ExtractAarTransform
Transforming vectordrawable-1.1.0.aar (androidx.vectordrawable:vectordrawable:1.1.0) with AarTransform
Transforming customview-1.1.0.aar (androidx.customview:customview:1.1.0) with ExtractAarTransform
Transforming customview-1.1.0.aar (androidx.customview:customview:1.1.0) with ExtractAarTransform
Transforming viewpager-1.0.0.aar (androidx.viewpager:viewpager:1.0.0) with AarTransform
Transforming viewpager-1.0.0.aar (androidx.viewpager:viewpager:1.0.0) with AarTransform
Transforming customview-1.1.0.aar (androidx.customview:customview:1.1.0) with ExtractAarTransform
Transforming customview-1.1.0.aar (androidx.customview:customview:1.1.0) with JetifyTransform
Transforming customview-1.1.0.aar (androidx.customview:customview:1.1.0) with ExtractAarTransform
Transforming recaptcha-18.4.0.aar (com.google.android.recaptcha:recaptcha:18.4.0) with AarTransform
Transforming slidingpanelayout-1.0.0.aar (androidx.slidingpanelayout:slidingpanelayout:1.0.0) with AarTransform
Transforming legacy-support-core-utils-1.0.0.aar (androidx.legacy:legacy-support-core-utils:1.0.0) with JetifyTransform
Transforming loader-1.0.0.aar (androidx.loader:loader:1.0.0) with JetifyTransform
Transforming legacy-support-core-utils-1.0.0.aar (androidx.legacy:legacy-support-core-utils:1.0.0) with JetifyTransform
Transforming customview-1.1.0.aar (androidx.customview:customview:1.1.0) with AarTransform
Transforming customview-1.1.0.aar (androidx.customview:customview:1.1.0) with AarTransform
Transforming customview-1.1.0.aar (androidx.customview:customview:1.1.0) with AarTransform
Transforming customview-1.1.0.aar (androidx.customview:customview:1.1.0) with AarTransform
Transforming legacy-support-core-utils-1.0.0.aar (androidx.legacy:legacy-support-core-utils:1.0.0) with JetifyTransform
Transforming customview-1.1.0.aar (androidx.customview:customview:1.1.0) with AarTransform
Transforming customview-1.1.0.aar (androidx.customview:customview:1.1.0) with AarTransform
Transforming loader-1.0.0.aar (androidx.loader:loader:1.0.0) with JetifyTransform
Transforming browser-1.4.0.aar (androidx.browser:browser:1.4.0) with JetifyTransform
Transforming legacy-support-core-utils-1.0.0.aar (androidx.legacy:legacy-support-core-utils:1.0.0) with ExtractAarTransform
Transforming swiperefreshlayout-1.0.0.aar (androidx.swiperefreshlayout:swiperefreshlayout:1.0.0) with JetifyTransform
Transforming loader-1.0.0.aar (androidx.loader:loader:1.0.0) with ExtractAarTransform
Transforming legacy-support-core-utils-1.0.0.aar (androidx.legacy:legacy-support-core-utils:1.0.0) with ExtractAarTransform
Transforming legacy-support-core-utils-1.0.0.aar (androidx.legacy:legacy-support-core-utils:1.0.0) with ExtractAarTransform
Transforming media-1.0.0.aar (androidx.media:media:1.0.0) with JetifyTransform
Transforming loader-1.0.0.aar (androidx.loader:loader:1.0.0) with ExtractAarTransform
Transforming asynclayoutinflater-1.0.0.aar (androidx.asynclayoutinflater:asynclayoutinflater:1.0.0) with JetifyTransform
Transforming core-1.15.0.aar (androidx.core:core:1.15.0) with JetifyTransform
Transforming core-1.15.0.aar (androidx.core:core:1.15.0) with JetifyTransform
Transforming core-1.15.0.aar (androidx.core:core:1.15.0) with JetifyTransform
Transforming swiperefreshlayout-1.0.0.aar (androidx.swiperefreshlayout:swiperefreshlayout:1.0.0) with ExtractAarTransform
Transforming asynclayoutinflater-1.0.0.aar (androidx.asynclayoutinflater:asynclayoutinflater:1.0.0) with ExtractAarTransform
Transforming legacy-support-core-utils-1.0.0.aar (androidx.legacy:legacy-support-core-utils:1.0.0) with AarTransform
Transforming loader-1.0.0.aar (androidx.loader:loader:1.0.0) with AarTransform
Transforming loader-1.0.0.aar (androidx.loader:loader:1.0.0) with AarTransform
Transforming legacy-support-core-utils-1.0.0.aar (androidx.legacy:legacy-support-core-utils:1.0.0) with AarTransform
Transforming legacy-support-core-utils-1.0.0.aar (androidx.legacy:legacy-support-core-utils:1.0.0) with AarTransform
Transforming core-1.15.0.aar (androidx.core:core:1.15.0) with ExtractAarTransform
Transforming browser-1.4.0.aar (androidx.browser:browser:1.4.0) with ExtractAarTransform
Transforming core-1.15.0.aar (androidx.core:core:1.15.0) with ExtractAarTransform
Transforming core-1.15.0.aar (androidx.core:core:1.15.0) with ExtractAarTransform
Transforming media-1.0.0.aar (androidx.media:media:1.0.0) with ExtractAarTransform
Transforming core-1.15.0.aar (androidx.core:core:1.15.0) with JetifyTransform
Transforming core-1.15.0.aar (androidx.core:core:1.15.0) with ExtractAarTransform
Transforming core-1.15.0.aar (androidx.core:core:1.15.0) with JetifyTransform
Transforming core-1.15.0.aar (androidx.core:core:1.15.0) with JetifyTransform
Transforming core-1.15.0.aar (androidx.core:core:1.15.0) with ExtractAarTransform
Transforming core-1.15.0.aar (androidx.core:core:1.15.0) with JetifyTransform
Transforming asynclayoutinflater-1.0.0.aar (androidx.asynclayoutinflater:asynclayoutinflater:1.0.0) with AarTransform
Transforming core-1.15.0.aar (androidx.core:core:1.15.0) with ExtractAarTransform
Transforming core-1.15.0.aar (androidx.core:core:1.15.0) with ExtractAarTransform
Transforming swiperefreshlayout-1.0.0.aar (androidx.swiperefreshlayout:swiperefreshlayout:1.0.0) with AarTransform
Transforming core-1.15.0.aar (androidx.core:core:1.15.0) with JetifyTransform
Transforming core-1.15.0.aar (androidx.core:core:1.15.0) with ExtractAarTransform
Transforming core-1.15.0.aar (androidx.core:core:1.15.0) with JetifyTransform
Transforming core-1.15.0.aar (androidx.core:core:1.15.0) with ExtractAarTransform
Transforming core-1.15.0.aar (androidx.core:core:1.15.0) with JetifyTransform
Transforming core-1.15.0.aar (androidx.core:core:1.15.0) with ExtractAarTransform
Transforming media-1.0.0.aar (androidx.media:media:1.0.0) with AarTransform
Transforming core-1.15.0.aar (androidx.core:core:1.15.0) with JetifyTransform
Transforming core-1.15.0.aar (androidx.core:core:1.15.0) with ExtractAarTransform
Transforming browser-1.4.0.aar (androidx.browser:browser:1.4.0) with AarTransform
Transforming core-1.15.0.aar (androidx.core:core:1.15.0) with JetifyTransform
Transforming core-1.15.0.aar (androidx.core:core:1.15.0) with ExtractAarTransform
Transforming core-1.15.0.aar (androidx.core:core:1.15.0) with AarTransform
Transforming core-1.15.0.aar (androidx.core:core:1.15.0) with AarTransform
Transforming core-1.15.0.aar (androidx.core:core:1.15.0) with AarTransform
Transforming core-1.15.0.aar (androidx.core:core:1.15.0) with AarTransform
Transforming core-1.15.0.aar (androidx.core:core:1.15.0) with AarTransform
Transforming core-1.15.0.aar (androidx.core:core:1.15.0) with AarTransform
Transforming core-1.15.0.aar (androidx.core:core:1.15.0) with AarTransform
Transforming core-1.15.0.aar (androidx.core:core:1.15.0) with AarTransform
Transforming core-1.15.0.aar (androidx.core:core:1.15.0) with AarTransform
Transforming core-1.15.0.aar (androidx.core:core:1.15.0) with AarTransform
Transforming core-1.15.0.aar (androidx.core:core:1.15.0) with AarTransform
Transforming core-1.15.0.aar (androidx.core:core:1.15.0) with AarTransform
Transforming firebase-ui-common-8.0.2.aar (com.firebaseui:firebase-ui-common:8.0.2) with JetifyTransform
Transforming lifecycle-runtime-ktx-release.aar (androidx.lifecycle:lifecycle-runtime-ktx-android:2.8.4) with JetifyTransform
Transforming lifecycle-livedata-2.8.4.aar (androidx.lifecycle:lifecycle-livedata:2.8.4) with JetifyTransform
Transforming lifecycle-livedata-2.8.4.aar (androidx.lifecycle:lifecycle-livedata:2.8.4) with JetifyTransform
Transforming lifecycle-runtime-release.aar (androidx.lifecycle:lifecycle-runtime-android:2.8.4) with JetifyTransform
Transforming lifecycle-livedata-core-2.8.4.aar (androidx.lifecycle:lifecycle-livedata-core:2.8.4) with JetifyTransform
Transforming lifecycle-viewmodel-release.aar (androidx.lifecycle:lifecycle-viewmodel-android:2.8.4) with JetifyTransform
Transforming lifecycle-livedata-ktx-2.8.4.aar (androidx.lifecycle:lifecycle-livedata-ktx:2.8.4) with JetifyTransform
Transforming lifecycle-viewmodel-2.8.4.aar (androidx.lifecycle:lifecycle-viewmodel:2.8.4) with JetifyTransform
Transforming lifecycle-viewmodel-savedstate-2.8.4.aar (androidx.lifecycle:lifecycle-viewmodel-savedstate:2.8.4) with JetifyTransform
Transforming lifecycle-livedata-core-ktx-2.8.4.aar (androidx.lifecycle:lifecycle-livedata-core-ktx:2.8.4) with JetifyTransform
Transforming lifecycle-viewmodel-ktx-2.8.4.aar (androidx.lifecycle:lifecycle-viewmodel-ktx:2.8.4) with JetifyTransform
Transforming firebase-ui-common-8.0.2.aar (com.firebaseui:firebase-ui-common:8.0.2) with ExtractAarTransform
Transforming lifecycle-livedata-core-2.8.4.aar (androidx.lifecycle:lifecycle-livedata-core:2.8.4) with ExtractAarTransform
Transforming lifecycle-livedata-2.8.4.aar (androidx.lifecycle:lifecycle-livedata:2.8.4) with ExtractAarTransform
Transforming lifecycle-runtime-ktx-release.aar (androidx.lifecycle:lifecycle-runtime-ktx-android:2.8.4) with ExtractAarTransform
Transforming lifecycle-livedata-2.8.4.aar (androidx.lifecycle:lifecycle-livedata:2.8.4) with ExtractAarTransform
Transforming lifecycle-viewmodel-release.aar (androidx.lifecycle:lifecycle-viewmodel-android:2.8.4) with ExtractAarTransform
Transforming lifecycle-viewmodel-2.8.4.aar (androidx.lifecycle:lifecycle-viewmodel:2.8.4) with ExtractAarTransform
Transforming lifecycle-runtime-release.aar (androidx.lifecycle:lifecycle-runtime-android:2.8.4) with ExtractAarTransform
Transforming lifecycle-viewmodel-savedstate-2.8.4.aar (androidx.lifecycle:lifecycle-viewmodel-savedstate:2.8.4) with ExtractAarTransform
Transforming lifecycle-viewmodel-ktx-2.8.4.aar (androidx.lifecycle:lifecycle-viewmodel-ktx:2.8.4) with ExtractAarTransform
Transforming lifecycle-livedata-core-ktx-2.8.4.aar (androidx.lifecycle:lifecycle-livedata-core-ktx:2.8.4) with ExtractAarTransform
Transforming firebase-ui-common-8.0.2.aar (com.firebaseui:firebase-ui-common:8.0.2) with AarTransform
Transforming lifecycle-livedata-ktx-2.8.4.aar (androidx.lifecycle:lifecycle-livedata-ktx:2.8.4) with ExtractAarTransform
Transforming lifecycle-viewmodel-2.8.4.aar (androidx.lifecycle:lifecycle-viewmodel:2.8.4) with AarTransform
Transforming play-services-tasks-18.2.0.aar (com.google.android.gms:play-services-tasks:18.2.0) with JetifyTransform
Transforming play-services-tasks-18.2.0.aar (com.google.android.gms:play-services-tasks:18.2.0) with JetifyTransform
Transforming lifecycle-runtime-ktx-release.aar (androidx.lifecycle:lifecycle-runtime-ktx-android:2.8.4) with AarTransform
Transforming lifecycle-livedata-2.8.4.aar (androidx.lifecycle:lifecycle-livedata:2.8.4) with AarTransform
Transforming lifecycle-livedata-core-2.8.4.aar (androidx.lifecycle:lifecycle-livedata-core:2.8.4) with AarTransform
Transforming lifecycle-livedata-2.8.4.aar (androidx.lifecycle:lifecycle-livedata:2.8.4) with AarTransform
Transforming play-services-tasks-18.2.0.aar (com.google.android.gms:play-services-tasks:18.2.0) with JetifyTransform
Transforming lifecycle-viewmodel-ktx-2.8.4.aar (androidx.lifecycle:lifecycle-viewmodel-ktx:2.8.4) with AarTransform
Transforming lifecycle-viewmodel-release.aar (androidx.lifecycle:lifecycle-viewmodel-android:2.8.4) with AarTransform
Transforming play-services-tasks-18.2.0.aar (com.google.android.gms:play-services-tasks:18.2.0) with JetifyTransform
Transforming play-services-tasks-18.2.0.aar (com.google.android.gms:play-services-tasks:18.2.0) with JetifyTransform
Transforming play-services-tasks-18.2.0.aar (com.google.android.gms:play-services-tasks:18.2.0) with JetifyTransform
Transforming play-services-tasks-18.2.0.aar (com.google.android.gms:play-services-tasks:18.2.0) with JetifyTransform
Transforming play-services-tasks-18.2.0.aar (com.google.android.gms:play-services-tasks:18.2.0) with JetifyTransform
Transforming lifecycle-runtime-release.aar (androidx.lifecycle:lifecycle-runtime-android:2.8.4) with AarTransform
Transforming lifecycle-viewmodel-savedstate-2.8.4.aar (androidx.lifecycle:lifecycle-viewmodel-savedstate:2.8.4) with AarTransform
Transforming lifecycle-livedata-core-ktx-2.8.4.aar (androidx.lifecycle:lifecycle-livedata-core-ktx:2.8.4) with AarTransform
Transforming lifecycle-livedata-ktx-2.8.4.aar (androidx.lifecycle:lifecycle-livedata-ktx:2.8.4) with AarTransform
Transforming play-services-tasks-18.2.0.aar (com.google.android.gms:play-services-tasks:18.2.0) with JetifyTransform
Transforming play-services-tasks-18.2.0.aar (com.google.android.gms:play-services-tasks:18.2.0) with JetifyTransform
Transforming play-services-tasks-18.2.0.aar (com.google.android.gms:play-services-tasks:18.2.0) with JetifyTransform
Transforming play-services-tasks-18.2.0.aar (com.google.android.gms:play-services-tasks:18.2.0) with ExtractAarTransform
Transforming play-services-tasks-18.2.0.aar (com.google.android.gms:play-services-tasks:18.2.0) with ExtractAarTransform
Transforming play-services-tasks-18.2.0.aar (com.google.android.gms:play-services-tasks:18.2.0) with ExtractAarTransform
Transforming play-services-tasks-18.2.0.aar (com.google.android.gms:play-services-tasks:18.2.0) with ExtractAarTransform
Transforming play-services-tasks-18.2.0.aar (com.google.android.gms:play-services-tasks:18.2.0) with ExtractAarTransform
Transforming play-services-tasks-18.2.0.aar (com.google.android.gms:play-services-tasks:18.2.0) with ExtractAarTransform
Transforming play-services-tasks-18.2.0.aar (com.google.android.gms:play-services-tasks:18.2.0) with ExtractAarTransform
Transforming play-services-tasks-18.2.0.aar (com.google.android.gms:play-services-tasks:18.2.0) with ExtractAarTransform
Transforming play-services-tasks-18.2.0.aar (com.google.android.gms:play-services-tasks:18.2.0) with ExtractAarTransform
Transforming play-services-tasks-18.2.0.aar (com.google.android.gms:play-services-tasks:18.2.0) with ExtractAarTransform
Transforming play-services-tasks-18.2.0.aar (com.google.android.gms:play-services-tasks:18.2.0) with ExtractAarTransform
Transforming play-services-basement-18.4.0.aar (com.google.android.gms:play-services-basement:18.4.0) with JetifyTransform
Transforming play-services-tasks-18.2.0.aar (com.google.android.gms:play-services-tasks:18.2.0) with AarTransform
Transforming play-services-tasks-18.2.0.aar (com.google.android.gms:play-services-tasks:18.2.0) with AarTransform
Transforming play-services-tasks-18.2.0.aar (com.google.android.gms:play-services-tasks:18.2.0) with AarTransform
Transforming play-services-tasks-18.2.0.aar (com.google.android.gms:play-services-tasks:18.2.0) with AarTransform
Transforming play-services-tasks-18.2.0.aar (com.google.android.gms:play-services-tasks:18.2.0) with AarTransform
Transforming play-services-tasks-18.2.0.aar (com.google.android.gms:play-services-tasks:18.2.0) with AarTransform
Transforming play-services-tasks-18.2.0.aar (com.google.android.gms:play-services-tasks:18.2.0) with AarTransform
Transforming play-services-tasks-18.2.0.aar (com.google.android.gms:play-services-tasks:18.2.0) with AarTransform
Transforming play-services-basement-18.4.0.aar (com.google.android.gms:play-services-basement:18.4.0) with ExtractAarTransform
Transforming play-services-tasks-18.2.0.aar (com.google.android.gms:play-services-tasks:18.2.0) with AarTransform
Transforming play-services-tasks-18.2.0.aar (com.google.android.gms:play-services-tasks:18.2.0) with AarTransform
Transforming play-services-tasks-18.2.0.aar (com.google.android.gms:play-services-tasks:18.2.0) with AarTransform
Transforming play-services-basement-18.4.0.aar (com.google.android.gms:play-services-basement:18.4.0) with JetifyTransform
Transforming play-services-basement-18.4.0.aar (com.google.android.gms:play-services-basement:18.4.0) with JetifyTransform
Transforming play-services-basement-18.4.0.aar (com.google.android.gms:play-services-basement:18.4.0) with JetifyTransform
Transforming play-services-basement-18.4.0.aar (com.google.android.gms:play-services-basement:18.4.0) with JetifyTransform
Transforming play-services-basement-18.4.0.aar (com.google.android.gms:play-services-basement:18.4.0) with ExtractAarTransform
Transforming play-services-basement-18.4.0.aar (com.google.android.gms:play-services-basement:18.4.0) with ExtractAarTransform
Transforming fragment-1.8.2.aar (androidx.fragment:fragment:1.8.2) with JetifyTransform
Transforming play-services-basement-18.4.0.aar (com.google.android.gms:play-services-basement:18.4.0) with JetifyTransform
Transforming play-services-basement-18.4.0.aar (com.google.android.gms:play-services-basement:18.4.0) with JetifyTransform
Transforming play-services-basement-18.4.0.aar (com.google.android.gms:play-services-basement:18.4.0) with ExtractAarTransform
Transforming play-services-basement-18.4.0.aar (com.google.android.gms:play-services-basement:18.4.0) with ExtractAarTransform
Transforming play-services-basement-18.4.0.aar (com.google.android.gms:play-services-basement:18.4.0) with JetifyTransform
Transforming fragment-1.8.2.aar (androidx.fragment:fragment:1.8.2) with JetifyTransform
Transforming play-services-basement-18.4.0.aar (com.google.android.gms:play-services-basement:18.4.0) with ExtractAarTransform
Transforming play-services-basement-18.4.0.aar (com.google.android.gms:play-services-basement:18.4.0) with ExtractAarTransform
Transforming play-services-basement-18.4.0.aar (com.google.android.gms:play-services-basement:18.4.0) with ExtractAarTransform
Transforming fragment-1.8.2.aar (androidx.fragment:fragment:1.8.2) with JetifyTransform
Transforming fragment-1.8.2.aar (androidx.fragment:fragment:1.8.2) with JetifyTransform
Transforming fragment-1.8.2.aar (androidx.fragment:fragment:1.8.2) with ExtractAarTransform
Transforming fragment-1.8.2.aar (androidx.fragment:fragment:1.8.2) with ExtractAarTransform
Transforming fragment-1.8.2.aar (androidx.fragment:fragment:1.8.2) with ExtractAarTransform
Transforming fragment-1.8.2.aar (androidx.fragment:fragment:1.8.2) with ExtractAarTransform
Transforming fragment-1.8.2.aar (androidx.fragment:fragment:1.8.2) with AarTransform
Transforming fragment-1.8.2.aar (androidx.fragment:fragment:1.8.2) with AarTransform
Transforming fragment-1.8.2.aar (androidx.fragment:fragment:1.8.2) with AarTransform
Transforming fragment-1.8.2.aar (androidx.fragment:fragment:1.8.2) with AarTransform
Transforming fragment-1.8.2.aar (androidx.fragment:fragment:1.8.2) with JetifyTransform
Transforming fragment-ktx-1.8.2.aar (androidx.fragment:fragment-ktx:1.8.2) with JetifyTransform
Transforming fragment-1.8.2.aar (androidx.fragment:fragment:1.8.2) with ExtractAarTransform
Transforming core-ktx-1.15.0.aar (androidx.core:core-ktx:1.15.0) with JetifyTransform
Transforming fragment-1.8.2.aar (androidx.fragment:fragment:1.8.2) with AarTransform
Transforming circularprogressbar-3.1.0.aar (com.mikhaellopez:circularprogressbar:3.1.0) with JetifyTransform
Transforming savedstate-ktx-1.2.1.aar (androidx.savedstate:savedstate-ktx:1.2.1) with JetifyTransform
Transforming fragment-ktx-1.8.2.aar (androidx.fragment:fragment-ktx:1.8.2) with ExtractAarTransform
Transforming core-ktx-1.15.0.aar (androidx.core:core-ktx:1.15.0) with ExtractAarTransform
Transforming circularprogressbar-3.1.0.aar (com.mikhaellopez:circularprogressbar:3.1.0) with ExtractAarTransform
Transforming savedstate-ktx-1.2.1.aar (androidx.savedstate:savedstate-ktx:1.2.1) with ExtractAarTransform
Transforming circularprogressbar-3.1.0.aar (com.mikhaellopez:circularprogressbar:3.1.0) with AarTransform
Transforming fragment-ktx-1.8.2.aar (androidx.fragment:fragment-ktx:1.8.2) with AarTransform
Transforming savedstate-ktx-1.2.1.aar (androidx.savedstate:savedstate-ktx:1.2.1) with AarTransform
Transforming core-ktx-1.15.0.aar (androidx.core:core-ktx:1.15.0) with AarTransform
Transforming savedstate-1.2.1.aar (androidx.savedstate:savedstate:1.2.1) with JetifyTransform
Transforming annotation-experimental-1.4.1.aar (androidx.annotation:annotation-experimental:1.4.1) with JetifyTransform
Transforming shimmer-0.5.0.aar (com.facebook.shimmer:shimmer:0.5.0) with JetifyTransform
Transforming spark-1.2.0.aar (com.robinhood.spark:spark:1.2.0) with JetifyTransform
Transforming savedstate-1.2.1.aar (androidx.savedstate:savedstate:1.2.1) with ExtractAarTransform
Transforming annotation-experimental-1.4.1.aar (androidx.annotation:annotation-experimental:1.4.1) with ExtractAarTransform
Transforming shimmer-0.5.0.aar (com.facebook.shimmer:shimmer:0.5.0) with ExtractAarTransform
Transforming spark-1.2.0.aar (com.robinhood.spark:spark:1.2.0) with ExtractAarTransform
Transforming shimmer-0.5.0.aar (com.facebook.shimmer:shimmer:0.5.0) with AarTransform
Transforming spark-1.2.0.aar (com.robinhood.spark:spark:1.2.0) with AarTransform
Transforming savedstate-1.2.1.aar (androidx.savedstate:savedstate:1.2.1) with AarTransform
Transforming annotation-experimental-1.4.1.aar (androidx.annotation:annotation-experimental:1.4.1) with AarTransform
Transforming cursoradapter-1.0.0.aar (androidx.cursoradapter:cursoradapter:1.0.0) with JetifyTransform
Transforming cursoradapter-1.0.0.aar (androidx.cursoradapter:cursoradapter:1.0.0) with JetifyTransform
Transforming cardview-1.0.0.aar (androidx.cardview:cardview:1.0.0) with JetifyTransform
Transforming gifdecoder-4.16.0.aar (com.github.bumptech.glide:gifdecoder:4.16.0) with JetifyTransform
Transforming cursoradapter-1.0.0.aar (androidx.cursoradapter:cursoradapter:1.0.0) with ExtractAarTransform
Transforming cursoradapter-1.0.0.aar (androidx.cursoradapter:cursoradapter:1.0.0) with ExtractAarTransform
Transforming play-services-basement-18.4.0.aar (com.google.android.gms:play-services-basement:18.4.0) with AarTransform
Transforming play-services-basement-18.4.0.aar (com.google.android.gms:play-services-basement:18.4.0) with AarTransform
Transforming play-services-basement-18.4.0.aar (com.google.android.gms:play-services-basement:18.4.0) with AarTransform
Transforming play-services-basement-18.4.0.aar (com.google.android.gms:play-services-basement:18.4.0) with AarTransform
Transforming cardview-1.0.0.aar (androidx.cardview:cardview:1.0.0) with ExtractAarTransform
Transforming play-services-basement-18.4.0.aar (com.google.android.gms:play-services-basement:18.4.0) with AarTransform
Transforming play-services-basement-18.4.0.aar (com.google.android.gms:play-services-basement:18.4.0) with AarTransform
Transforming play-services-basement-18.4.0.aar (com.google.android.gms:play-services-basement:18.4.0) with AarTransform
Transforming play-services-basement-18.4.0.aar (com.google.android.gms:play-services-basement:18.4.0) with AarTransform
Transforming gifdecoder-4.16.0.aar (com.github.bumptech.glide:gifdecoder:4.16.0) with ExtractAarTransform
Transforming sqlite-framework-2.4.0.aar (androidx.sqlite:sqlite-framework:2.4.0) with JetifyTransform
Transforming sqlite-2.4.0.aar (androidx.sqlite:sqlite:2.4.0) with JetifyTransform
Transforming credentials-play-services-auth-1.2.0-rc01.aar (androidx.credentials:credentials-play-services-auth:1.2.0-rc01) with JetifyTransform
Transforming credentials-1.2.0-rc01.aar (androidx.credentials:credentials:1.2.0-rc01) with JetifyTransform
Transforming versionedparcelable-1.1.1.aar (androidx.versionedparcelable:versionedparcelable:1.1.1) with JetifyTransform
Transforming versionedparcelable-1.1.1.aar (androidx.versionedparcelable:versionedparcelable:1.1.1) with JetifyTransform
Transforming localbroadcastmanager-1.0.0.aar (androidx.localbroadcastmanager:localbroadcastmanager:1.0.0) with JetifyTransform
Transforming credentials-1.2.0-rc01.aar (androidx.credentials:credentials:1.2.0-rc01) with JetifyTransform
Transforming cursoradapter-1.0.0.aar (androidx.cursoradapter:cursoradapter:1.0.0) with AarTransform
Transforming gifdecoder-4.16.0.aar (com.github.bumptech.glide:gifdecoder:4.16.0) with AarTransform
Transforming localbroadcastmanager-1.0.0.aar (androidx.localbroadcastmanager:localbroadcastmanager:1.0.0) with JetifyTransform
Transforming sqlite-framework-2.4.0.aar (androidx.sqlite:sqlite-framework:2.4.0) with ExtractAarTransform
Transforming credentials-1.2.0-rc01.aar (androidx.credentials:credentials:1.2.0-rc01) with ExtractAarTransform
Transforming sqlite-2.4.0.aar (androidx.sqlite:sqlite:2.4.0) with ExtractAarTransform
Transforming credentials-1.2.0-rc01.aar (androidx.credentials:credentials:1.2.0-rc01) with ExtractAarTransform
Transforming versionedparcelable-1.1.1.aar (androidx.versionedparcelable:versionedparcelable:1.1.1) with ExtractAarTransform
Transforming versionedparcelable-1.1.1.aar (androidx.versionedparcelable:versionedparcelable:1.1.1) with ExtractAarTransform
Transforming cardview-1.0.0.aar (androidx.cardview:cardview:1.0.0) with AarTransform
Transforming cursoradapter-1.0.0.aar (androidx.cursoradapter:cursoradapter:1.0.0) with AarTransform
Transforming core-runtime-2.2.0.aar (androidx.arch.core:core-runtime:2.2.0) with JetifyTransform
Transforming interpolator-1.0.0.aar (androidx.interpolator:interpolator:1.0.0) with JetifyTransform
Transforming localbroadcastmanager-1.0.0.aar (androidx.localbroadcastmanager:localbroadcastmanager:1.0.0) with ExtractAarTransform
Transforming credentials-play-services-auth-1.2.0-rc01.aar (androidx.credentials:credentials-play-services-auth:1.2.0-rc01) with ExtractAarTransform
Transforming localbroadcastmanager-1.0.0.aar (androidx.localbroadcastmanager:localbroadcastmanager:1.0.0) with ExtractAarTransform
Transforming core-runtime-2.2.0.aar (androidx.arch.core:core-runtime:2.2.0) with ExtractAarTransform
Transforming interpolator-1.0.0.aar (androidx.interpolator:interpolator:1.0.0) with ExtractAarTransform
Transforming localbroadcastmanager-1.0.0.aar (androidx.localbroadcastmanager:localbroadcastmanager:1.0.0) with AarTransform
Transforming versionedparcelable-1.1.1.aar (androidx.versionedparcelable:versionedparcelable:1.1.1) with AarTransform
Transforming sqlite-framework-2.4.0.aar (androidx.sqlite:sqlite-framework:2.4.0) with AarTransform
Transforming localbroadcastmanager-1.0.0.aar (androidx.localbroadcastmanager:localbroadcastmanager:1.0.0) with AarTransform
Transforming versionedparcelable-1.1.1.aar (androidx.versionedparcelable:versionedparcelable:1.1.1) with AarTransform
Transforming interpolator-1.0.0.aar (androidx.interpolator:interpolator:1.0.0) with JetifyTransform
Transforming interpolator-1.0.0.aar (androidx.interpolator:interpolator:1.0.0) with ExtractAarTransform
Transforming interpolator-1.0.0.aar (androidx.interpolator:interpolator:1.0.0) with JetifyTransform
Transforming interpolator-1.0.0.aar (androidx.interpolator:interpolator:1.0.0) with ExtractAarTransform
Transforming documentfile-1.0.0.aar (androidx.documentfile:documentfile:1.0.0) with JetifyTransform
Transforming interpolator-1.0.0.aar (androidx.interpolator:interpolator:1.0.0) with AarTransform
Transforming interpolator-1.0.0.aar (androidx.interpolator:interpolator:1.0.0) with AarTransform
Transforming interpolator-1.0.0.aar (androidx.interpolator:interpolator:1.0.0) with AarTransform
Transforming print-1.0.0.aar (androidx.print:print:1.0.0) with JetifyTransform
Transforming constraintlayout-2.2.0.aar (androidx.constraintlayout:constraintlayout:2.2.0) with JetifyTransform
Transforming credentials-play-services-auth-1.2.0-rc01.aar (androidx.credentials:credentials-play-services-auth:1.2.0-rc01) with AarTransform
Transforming documentfile-1.0.0.aar (androidx.documentfile:documentfile:1.0.0) with ExtractAarTransform
Transforming volley-1.2.1.aar (com.android.volley:volley:1.2.1) with JetifyTransform
Transforming sqlite-2.4.0.aar (androidx.sqlite:sqlite:2.4.0) with AarTransform
Transforming lottie-6.4.0.aar (com.airbnb.android:lottie:6.4.0) with JetifyTransform
Transforming print-1.0.0.aar (androidx.print:print:1.0.0) with ExtractAarTransform
Transforming keyboardvisibilityevent-3.0.0-RC3.aar (net.yslibrary.keyboardvisibilityevent:keyboardvisibilityevent:3.0.0-RC3) with JetifyTransform
Transforming constraintlayout-2.2.0.aar (androidx.constraintlayout:constraintlayout:2.2.0) with ExtractAarTransform
Transforming MPAndroidChart-3.1.0.aar (com.github.PhilJay:MPAndroidChart:3.1.0) with JetifyTransform
Transforming core-runtime-2.2.0.aar (androidx.arch.core:core-runtime:2.2.0) with AarTransform
Transforming SparkLineLayout-1.0.1.aar (com.github.majorkik:SparkLineLayout:1.0.1) with JetifyTransform
Transforming lottie-6.4.0.aar (com.airbnb.android:lottie:6.4.0) with ExtractAarTransform
Transforming documentfile-1.0.0.aar (androidx.documentfile:documentfile:1.0.0) with AarTransform
Transforming MPAndroidChart-3.1.0.aar (com.github.PhilJay:MPAndroidChart:3.1.0) with ExtractAarTransform
Transforming keyboardvisibilityevent-3.0.0-RC3.aar (net.yslibrary.keyboardvisibilityevent:keyboardvisibilityevent:3.0.0-RC3) with ExtractAarTransform
Transforming startup-runtime-1.1.1.aar (androidx.startup:startup-runtime:1.1.1) with JetifyTransform
Transforming print-1.0.0.aar (androidx.print:print:1.0.0) with AarTransform
Transforming tracing-1.2.0.aar (androidx.tracing:tracing:1.2.0) with JetifyTransform
Transforming volley-1.2.1.aar (com.android.volley:volley:1.2.1) with ExtractAarTransform
Transforming firebase-components-18.0.0.aar (com.google.firebase:firebase-components:18.0.0) with JetifyTransform
Transforming startup-runtime-1.1.1.aar (androidx.startup:startup-runtime:1.1.1) with ExtractAarTransform
Transforming SparkLineLayout-1.0.1.aar (com.github.majorkik:SparkLineLayout:1.0.1) with ExtractAarTransform
Transforming MPAndroidChart-3.1.0.aar (com.github.PhilJay:MPAndroidChart:3.1.0) with AarTransform
Transforming tracing-1.2.0.aar (androidx.tracing:tracing:1.2.0) with ExtractAarTransform
Transforming lottie-6.4.0.aar (com.airbnb.android:lottie:6.4.0) with AarTransform
Transforming constraintlayout-2.2.0.aar (androidx.constraintlayout:constraintlayout:2.2.0) with AarTransform
Transforming keyboardvisibilityevent-3.0.0-RC3.aar (net.yslibrary.keyboardvisibilityevent:keyboardvisibilityevent:3.0.0-RC3) with AarTransform
Transforming firebase-components-18.0.0.aar (com.google.firebase:firebase-components:18.0.0) with JetifyTransform
Transforming firebase-components-18.0.0.aar (com.google.firebase:firebase-components:18.0.0) with JetifyTransform
Transforming firebase-components-18.0.0.aar (com.google.firebase:firebase-components:18.0.0) with JetifyTransform
Transforming firebase-components-18.0.0.aar (com.google.firebase:firebase-components:18.0.0) with JetifyTransform
Transforming firebase-components-18.0.0.aar (com.google.firebase:firebase-components:18.0.0) with ExtractAarTransform
Transforming firebase-components-18.0.0.aar (com.google.firebase:firebase-components:18.0.0) with ExtractAarTransform
Transforming firebase-components-18.0.0.aar (com.google.firebase:firebase-components:18.0.0) with ExtractAarTransform
Transforming firebase-components-18.0.0.aar (com.google.firebase:firebase-components:18.0.0) with ExtractAarTransform
Transforming firebase-components-18.0.0.aar (com.google.firebase:firebase-components:18.0.0) with ExtractAarTransform
Transforming startup-runtime-1.1.1.aar (androidx.startup:startup-runtime:1.1.1) with AarTransform
Transforming SparkLineLayout-1.0.1.aar (com.github.majorkik:SparkLineLayout:1.0.1) with AarTransform
Transforming tracing-1.2.0.aar (androidx.tracing:tracing:1.2.0) with AarTransform
Transforming protolite-well-known-types-18.0.0.aar (com.google.firebase:protolite-well-known-types:18.0.0) with JetifyTransform
Transforming exifinterface-1.3.6.aar (androidx.exifinterface:exifinterface:1.3.6) with JetifyTransform
Transforming dagger-lint-aar-2.50.aar (com.google.dagger:dagger-lint-aar:2.50) with JetifyTransform
Transforming firebase-components-18.0.0.aar (com.google.firebase:firebase-components:18.0.0) with AarTransform
Transforming firebase-components-18.0.0.aar (com.google.firebase:firebase-components:18.0.0) with AarTransform
Transforming firebase-components-18.0.0.aar (com.google.firebase:firebase-components:18.0.0) with AarTransform
Transforming firebase-components-18.0.0.aar (com.google.firebase:firebase-components:18.0.0) with AarTransform
Transforming firebase-components-18.0.0.aar (com.google.firebase:firebase-components:18.0.0) with AarTransform
Transforming protolite-well-known-types-18.0.0.aar (com.google.firebase:protolite-well-known-types:18.0.0) with ExtractAarTransform
Transforming exifinterface-1.3.6.aar (androidx.exifinterface:exifinterface:1.3.6) with ExtractAarTransform
Transforming dagger-lint-aar-2.50.aar (com.google.dagger:dagger-lint-aar:2.50) with ExtractAarTransform
Transforming protolite-well-known-types-18.0.0.aar (com.google.firebase:protolite-well-known-types:18.0.0) with AarTransform
Transforming dagger-lint-aar-2.50.aar (com.google.dagger:dagger-lint-aar:2.50) with AarTransform
Transforming exifinterface-1.3.6.aar (androidx.exifinterface:exifinterface:1.3.6) with AarTransform
Transforming credentials-1.2.0-rc01.aar (androidx.credentials:credentials:1.2.0-rc01) with AarTransform
Transforming credentials-1.2.0-rc01.aar (androidx.credentials:credentials:1.2.0-rc01) with AarTransform
Transforming volley-1.2.1.aar (com.android.volley:volley:1.2.1) with AarTransform
Transforming viewbinding-8.5.0.aar (androidx.databinding:viewbinding:8.5.0) with JetifyTransform
Transforming viewbinding-8.5.0.aar (androidx.databinding:viewbinding:8.5.0) with ExtractAarTransform
Transforming viewbinding-8.5.0.aar (androidx.databinding:viewbinding:8.5.0) with AarTransform
Transforming material-1.12.0.aar (com.google.android.material:material:1.12.0) with JetifyTransform
Transforming material-1.12.0.aar (com.google.android.material:material:1.12.0) with ExtractAarTransform
Transforming material-1.12.0.aar (com.google.android.material:material:1.12.0) with AarTransform
Transforming TimeLineView-1.0.2.aar (com.github.po10cio:TimeLineView:1.0.2) with JetifyTransform
Transforming TimeLineView-1.0.2.aar (com.github.po10cio:TimeLineView:1.0.2) with ExtractAarTransform
Transforming TimeLineView-1.0.2.aar (com.github.po10cio:TimeLineView:1.0.2) with AarTransform
Transforming constraintlayout-2.2.0.aar (androidx.constraintlayout:constraintlayout:2.2.0) with JetifyTransform
Transforming constraintlayout-2.2.0.aar (androidx.constraintlayout:constraintlayout:2.2.0) with ExtractAarTransform
Transforming constraintlayout-2.2.0.aar (androidx.constraintlayout:constraintlayout:2.2.0) with AarTransform
Transforming lottie-6.4.0.aar (com.airbnb.android:lottie:6.4.0) with JetifyTransform
Transforming lottie-6.4.0.aar (com.airbnb.android:lottie:6.4.0) with ExtractAarTransform
Transforming lottie-6.4.0.aar (com.airbnb.android:lottie:6.4.0) with AarTransform
Transforming SparkLineLayout-1.0.1.aar (com.github.majorkik:SparkLineLayout:1.0.1) with JetifyTransform
Transforming SparkLineLayout-1.0.1.aar (com.github.majorkik:SparkLineLayout:1.0.1) with ExtractAarTransform
Transforming SparkLineLayout-1.0.1.aar (com.github.majorkik:SparkLineLayout:1.0.1) with AarTransform
Transforming appcompat-resources-1.7.0.aar (androidx.appcompat:appcompat-resources:1.7.0) with JetifyTransform
Transforming appcompat-resources-1.7.0.aar (androidx.appcompat:appcompat-resources:1.7.0) with ExtractAarTransform
Transforming appcompat-resources-1.7.0.aar (androidx.appcompat:appcompat-resources:1.7.0) with AarTransform
Transforming appcompat-1.7.0.aar (androidx.appcompat:appcompat:1.7.0) with JetifyTransform
Transforming appcompat-1.7.0.aar (androidx.appcompat:appcompat:1.7.0) with ExtractAarTransform
Transforming appcompat-1.7.0.aar (androidx.appcompat:appcompat:1.7.0) with AarTransform
Transforming glide-4.16.0.aar (com.github.bumptech.glide:glide:4.16.0) with JetifyTransform
Transforming glide-4.16.0.aar (com.github.bumptech.glide:glide:4.16.0) with ExtractAarTransform
Transforming glide-4.16.0.aar (com.github.bumptech.glide:glide:4.16.0) with AarTransform
Transforming hilt-android-2.50.aar (com.google.dagger:hilt-android:2.50) with JetifyTransform
Transforming hilt-android-2.50.aar (com.google.dagger:hilt-android:2.50) with ExtractAarTransform
Transforming hilt-android-2.50.aar (com.google.dagger:hilt-android:2.50) with AarTransform
Transforming viewpager2-1.0.0.aar (androidx.viewpager2:viewpager2:1.0.0) with JetifyTransform
Transforming viewpager2-1.0.0.aar (androidx.viewpager2:viewpager2:1.0.0) with ExtractAarTransform
Transforming viewpager2-1.0.0.aar (androidx.viewpager2:viewpager2:1.0.0) with AarTransform
Transforming firebase-ui-firestore-8.0.2.aar (com.firebaseui:firebase-ui-firestore:8.0.2) with JetifyTransform
Transforming firebase-ui-firestore-8.0.2.aar (com.firebaseui:firebase-ui-firestore:8.0.2) with ExtractAarTransform
Transforming firebase-ui-firestore-8.0.2.aar (com.firebaseui:firebase-ui-firestore:8.0.2) with AarTransform
Transforming legacy-support-v4-1.0.0.aar (androidx.legacy:legacy-support-v4:1.0.0) with JetifyTransform
Transforming legacy-support-v4-1.0.0.aar (androidx.legacy:legacy-support-v4:1.0.0) with ExtractAarTransform
Transforming legacy-support-v4-1.0.0.aar (androidx.legacy:legacy-support-v4:1.0.0) with AarTransform
Transforming play-services-location-21.3.0.aar (com.google.android.gms:play-services-location:21.3.0) with JetifyTransform
Transforming play-services-location-21.3.0.aar (com.google.android.gms:play-services-location:21.3.0) with ExtractAarTransform
Transforming play-services-location-21.3.0.aar (com.google.android.gms:play-services-location:21.3.0) with AarTransform
Transforming firebase-firestore-ktx-25.0.0.aar (com.google.firebase:firebase-firestore-ktx:25.0.0) with JetifyTransform
Transforming firebase-firestore-ktx-25.0.0.aar (com.google.firebase:firebase-firestore-ktx:25.0.0) with ExtractAarTransform
Transforming firebase-firestore-ktx-25.0.0.aar (com.google.firebase:firebase-firestore-ktx:25.0.0) with AarTransform
Transforming firebase-firestore-25.0.0.aar (com.google.firebase:firebase-firestore:25.0.0) with JetifyTransform
Transforming firebase-firestore-25.0.0.aar (com.google.firebase:firebase-firestore:25.0.0) with ExtractAarTransform
Transforming firebase-firestore-25.0.0.aar (com.google.firebase:firebase-firestore:25.0.0) with AarTransform
Transforming firebase-database-ktx-21.0.0.aar (com.google.firebase:firebase-database-ktx:21.0.0) with JetifyTransform
Transforming firebase-database-ktx-21.0.0.aar (com.google.firebase:firebase-database-ktx:21.0.0) with ExtractAarTransform
Transforming firebase-database-ktx-21.0.0.aar (com.google.firebase:firebase-database-ktx:21.0.0) with AarTransform
Transforming firebase-auth-ktx-23.0.0.aar (com.google.firebase:firebase-auth-ktx:23.0.0) with JetifyTransform
Transforming firebase-auth-ktx-23.0.0.aar (com.google.firebase:firebase-auth-ktx:23.0.0) with ExtractAarTransform
Transforming firebase-auth-ktx-23.0.0.aar (com.google.firebase:firebase-auth-ktx:23.0.0) with AarTransform
Transforming credentials-1.2.0-rc01.aar (androidx.credentials:credentials:1.2.0-rc01) with JetifyTransform
Transforming credentials-1.2.0-rc01.aar (androidx.credentials:credentials:1.2.0-rc01) with ExtractAarTransform
Transforming credentials-1.2.0-rc01.aar (androidx.credentials:credentials:1.2.0-rc01) with AarTransform
Transforming room-runtime-2.6.1.aar (androidx.room:room-runtime:2.6.1) with JetifyTransform
Transforming room-runtime-2.6.1.aar (androidx.room:room-runtime:2.6.1) with ExtractAarTransform
Transforming play-services-auth-20.7.0.aar (com.google.android.gms:play-services-auth:20.7.0) with JetifyTransform
Transforming room-runtime-2.6.1.aar (androidx.room:room-runtime:2.6.1) with AarTransform
Transforming play-services-fido-20.1.0.aar (com.google.android.gms:play-services-fido:20.1.0) with JetifyTransform
Transforming work-runtime-ktx-2.9.1.aar (androidx.work:work-runtime-ktx:2.9.1) with JetifyTransform
Transforming work-runtime-ktx-2.9.1.aar (androidx.work:work-runtime-ktx:2.9.1) with ExtractAarTransform
Transforming play-services-fido-20.1.0.aar (com.google.android.gms:play-services-fido:20.1.0) with JetifyTransform
Transforming work-runtime-ktx-2.9.1.aar (androidx.work:work-runtime-ktx:2.9.1) with AarTransform
Transforming work-runtime-2.9.1.aar (androidx.work:work-runtime:2.9.1) with JetifyTransform
Transforming work-runtime-2.9.1.aar (androidx.work:work-runtime:2.9.1) with ExtractAarTransform
Transforming work-runtime-2.9.1.aar (androidx.work:work-runtime:2.9.1) with AarTransform
Transforming play-services-auth-base-18.0.4.aar (com.google.android.gms:play-services-auth-base:18.0.4) with JetifyTransform
Transforming room-ktx-2.6.1.aar (androidx.room:room-ktx:2.6.1) with JetifyTransform
Transforming room-ktx-2.6.1.aar (androidx.room:room-ktx:2.6.1) with ExtractAarTransform
Transforming room-ktx-2.6.1.aar (androidx.room:room-ktx:2.6.1) with AarTransform
Transforming drawerlayout-1.1.1.aar (androidx.drawerlayout:drawerlayout:1.1.1) with JetifyTransform
Transforming drawerlayout-1.1.1.aar (androidx.drawerlayout:drawerlayout:1.1.1) with ExtractAarTransform
Transforming drawerlayout-1.1.1.aar (androidx.drawerlayout:drawerlayout:1.1.1) with AarTransform
Transforming coordinatorlayout-1.1.0.aar (androidx.coordinatorlayout:coordinatorlayout:1.1.0) with JetifyTransform
Transforming coordinatorlayout-1.1.0.aar (androidx.coordinatorlayout:coordinatorlayout:1.1.0) with ExtractAarTransform
Transforming coordinatorlayout-1.1.0.aar (androidx.coordinatorlayout:coordinatorlayout:1.1.0) with AarTransform
Transforming transition-1.5.0.aar (androidx.transition:transition:1.5.0) with JetifyTransform
Transforming emoji2-views-helper-1.3.0.aar (androidx.emoji2:emoji2-views-helper:1.3.0) with JetifyTransform
Transforming transition-1.5.0.aar (androidx.transition:transition:1.5.0) with ExtractAarTransform
Transforming transition-1.5.0.aar (androidx.transition:transition:1.5.0) with AarTransform
Transforming play-services-fido-20.1.0.aar (com.google.android.gms:play-services-fido:20.1.0) with ExtractAarTransform
Transforming emoji2-1.3.0.aar (androidx.emoji2:emoji2:1.3.0) with JetifyTransform
Transforming play-services-auth-20.7.0.aar (com.google.android.gms:play-services-auth:20.7.0) with ExtractAarTransform
Transforming dynamicanimation-1.0.0.aar (androidx.dynamicanimation:dynamicanimation:1.0.0) with JetifyTransform
Transforming dynamicanimation-1.0.0.aar (androidx.dynamicanimation:dynamicanimation:1.0.0) with ExtractAarTransform
Transforming dynamicanimation-1.0.0.aar (androidx.dynamicanimation:dynamicanimation:1.0.0) with AarTransform
Transforming play-services-fido-20.1.0.aar (com.google.android.gms:play-services-fido:20.1.0) with ExtractAarTransform
Transforming vectordrawable-animated-1.1.0.aar (androidx.vectordrawable:vectordrawable-animated:1.1.0) with JetifyTransform
Transforming vectordrawable-animated-1.1.0.aar (androidx.vectordrawable:vectordrawable-animated:1.1.0) with ExtractAarTransform
Transforming vectordrawable-animated-1.1.0.aar (androidx.vectordrawable:vectordrawable-animated:1.1.0) with AarTransform
Transforming vectordrawable-1.1.0.aar (androidx.vectordrawable:vectordrawable:1.1.0) with JetifyTransform
Transforming vectordrawable-1.1.0.aar (androidx.vectordrawable:vectordrawable:1.1.0) with ExtractAarTransform
Transforming vectordrawable-1.1.0.aar (androidx.vectordrawable:vectordrawable:1.1.0) with AarTransform
Transforming play-services-auth-base-18.0.4.aar (com.google.android.gms:play-services-auth-base:18.0.4) with ExtractAarTransform
Transforming paging-rxjava3-3.3.1.aar (androidx.paging:paging-rxjava3:3.3.1) with JetifyTransform
Transforming paging-rxjava3-3.3.1.aar (androidx.paging:paging-rxjava3:3.3.1) with ExtractAarTransform
Transforming paging-rxjava3-3.3.1.aar (androidx.paging:paging-rxjava3:3.3.1) with AarTransform
Transforming paging-common-release.aar (androidx.paging:paging-common-android:3.3.1) with JetifyTransform
Transforming paging-common-release.aar (androidx.paging:paging-common-android:3.3.1) with ExtractAarTransform
Transforming paging-common-release.aar (androidx.paging:paging-common-android:3.3.1) with AarTransform
Transforming paging-runtime-ktx-3.3.1.aar (androidx.paging:paging-runtime-ktx:3.3.1) with JetifyTransform
Transforming paging-runtime-ktx-3.3.1.aar (androidx.paging:paging-runtime-ktx:3.3.1) with ExtractAarTransform
Transforming paging-runtime-ktx-3.3.1.aar (androidx.paging:paging-runtime-ktx:3.3.1) with AarTransform
Transforming emoji2-views-helper-1.3.0.aar (androidx.emoji2:emoji2-views-helper:1.3.0) with ExtractAarTransform
Transforming paging-runtime-3.3.1.aar (androidx.paging:paging-runtime:3.3.1) with JetifyTransform
Transforming paging-runtime-3.3.1.aar (androidx.paging:paging-runtime:3.3.1) with ExtractAarTransform
Transforming paging-runtime-3.3.1.aar (androidx.paging:paging-runtime:3.3.1) with AarTransform
Transforming recyclerview-1.2.1.aar (androidx.recyclerview:recyclerview:1.2.1) with JetifyTransform
Transforming recyclerview-1.2.1.aar (androidx.recyclerview:recyclerview:1.2.1) with ExtractAarTransform
Transforming recyclerview-1.2.1.aar (androidx.recyclerview:recyclerview:1.2.1) with AarTransform
Transforming viewpager-1.0.0.aar (androidx.viewpager:viewpager:1.0.0) with JetifyTransform
Transforming viewpager-1.0.0.aar (androidx.viewpager:viewpager:1.0.0) with ExtractAarTransform
Transforming viewpager-1.0.0.aar (androidx.viewpager:viewpager:1.0.0) with AarTransform
Transforming customview-1.1.0.aar (androidx.customview:customview:1.1.0) with JetifyTransform
Transforming customview-1.1.0.aar (androidx.customview:customview:1.1.0) with ExtractAarTransform
Transforming customview-1.1.0.aar (androidx.customview:customview:1.1.0) with AarTransform
Transforming activity-ktx-1.8.1.aar (androidx.activity:activity-ktx:1.8.1) with JetifyTransform
Transforming activity-ktx-1.8.1.aar (androidx.activity:activity-ktx:1.8.1) with ExtractAarTransform
Transforming activity-ktx-1.8.1.aar (androidx.activity:activity-ktx:1.8.1) with AarTransform
Transforming activity-1.8.1.aar (androidx.activity:activity:1.8.1) with JetifyTransform
Transforming activity-1.8.1.aar (androidx.activity:activity:1.8.1) with ExtractAarTransform
Transforming activity-1.8.1.aar (androidx.activity:activity:1.8.1) with AarTransform
Transforming loader-1.0.0.aar (androidx.loader:loader:1.0.0) with JetifyTransform
Transforming loader-1.0.0.aar (androidx.loader:loader:1.0.0) with ExtractAarTransform
Transforming emoji2-1.3.0.aar (androidx.emoji2:emoji2:1.3.0) with ExtractAarTransform
Transforming loader-1.0.0.aar (androidx.loader:loader:1.0.0) with AarTransform
Transforming play-services-fido-20.1.0.aar (com.google.android.gms:play-services-fido:20.1.0) with AarTransform
Transforming play-services-fido-20.1.0.aar (com.google.android.gms:play-services-fido:20.1.0) with AarTransform
Transforming core-1.15.0.aar (androidx.core:core:1.15.0) with JetifyTransform
Transforming core-1.15.0.aar (androidx.core:core:1.15.0) with ExtractAarTransform
Transforming core-1.15.0.aar (androidx.core:core:1.15.0) with AarTransform
Transforming firebase-ui-common-8.0.2.aar (com.firebaseui:firebase-ui-common:8.0.2) with JetifyTransform
Transforming firebase-ui-common-8.0.2.aar (com.firebaseui:firebase-ui-common:8.0.2) with ExtractAarTransform
Transforming firebase-ui-common-8.0.2.aar (com.firebaseui:firebase-ui-common:8.0.2) with AarTransform
Transforming play-services-auth-base-18.0.4.aar (com.google.android.gms:play-services-auth-base:18.0.4) with AarTransform
Transforming keyboardvisibilityevent-3.0.0-RC3.aar (net.yslibrary.keyboardvisibilityevent:keyboardvisibilityevent:3.0.0-RC3) with JetifyTransform
Transforming keyboardvisibilityevent-3.0.0-RC3.aar (net.yslibrary.keyboardvisibilityevent:keyboardvisibilityevent:3.0.0-RC3) with ExtractAarTransform
Transforming keyboardvisibilityevent-3.0.0-RC3.aar (net.yslibrary.keyboardvisibilityevent:keyboardvisibilityevent:3.0.0-RC3) with AarTransform
Transforming savedstate-ktx-1.2.1.aar (androidx.savedstate:savedstate-ktx:1.2.1) with JetifyTransform
Transforming savedstate-ktx-1.2.1.aar (androidx.savedstate:savedstate-ktx:1.2.1) with ExtractAarTransform
Transforming savedstate-ktx-1.2.1.aar (androidx.savedstate:savedstate-ktx:1.2.1) with AarTransform
Transforming savedstate-1.2.1.aar (androidx.savedstate:savedstate:1.2.1) with JetifyTransform
Transforming savedstate-1.2.1.aar (androidx.savedstate:savedstate:1.2.1) with ExtractAarTransform
Transforming savedstate-1.2.1.aar (androidx.savedstate:savedstate:1.2.1) with AarTransform
Transforming lifecycle-runtime-ktx-release.aar (androidx.lifecycle:lifecycle-runtime-ktx-android:2.8.4) with JetifyTransform
Transforming play-services-auth-20.7.0.aar (com.google.android.gms:play-services-auth:20.7.0) with AarTransform
Transforming lifecycle-runtime-ktx-release.aar (androidx.lifecycle:lifecycle-runtime-ktx-android:2.8.4) with ExtractAarTransform
Transforming lifecycle-runtime-ktx-release.aar (androidx.lifecycle:lifecycle-runtime-ktx-android:2.8.4) with AarTransform
Transforming lifecycle-livedata-core-2.8.4.aar (androidx.lifecycle:lifecycle-livedata-core:2.8.4) with JetifyTransform
Transforming lifecycle-service-2.8.4.aar (androidx.lifecycle:lifecycle-service:2.8.4) with JetifyTransform
Transforming lifecycle-livedata-core-2.8.4.aar (androidx.lifecycle:lifecycle-livedata-core:2.8.4) with ExtractAarTransform
Transforming lifecycle-livedata-core-2.8.4.aar (androidx.lifecycle:lifecycle-livedata-core:2.8.4) with AarTransform
Transforming lifecycle-viewmodel-savedstate-2.8.4.aar (androidx.lifecycle:lifecycle-viewmodel-savedstate:2.8.4) with JetifyTransform
Transforming lifecycle-process-2.8.4.aar (androidx.lifecycle:lifecycle-process:2.8.4) with JetifyTransform
Transforming lifecycle-viewmodel-savedstate-2.8.4.aar (androidx.lifecycle:lifecycle-viewmodel-savedstate:2.8.4) with ExtractAarTransform
Transforming lifecycle-viewmodel-savedstate-2.8.4.aar (androidx.lifecycle:lifecycle-viewmodel-savedstate:2.8.4) with AarTransform
Transforming lifecycle-viewmodel-release.aar (androidx.lifecycle:lifecycle-viewmodel-android:2.8.4) with JetifyTransform
Transforming emoji2-views-helper-1.3.0.aar (androidx.emoji2:emoji2-views-helper:1.3.0) with AarTransform
Transforming lifecycle-viewmodel-release.aar (androidx.lifecycle:lifecycle-viewmodel-android:2.8.4) with ExtractAarTransform
Transforming lifecycle-viewmodel-release.aar (androidx.lifecycle:lifecycle-viewmodel-android:2.8.4) with AarTransform
Transforming lifecycle-runtime-release.aar (androidx.lifecycle:lifecycle-runtime-android:2.8.4) with JetifyTransform
Transforming lifecycle-runtime-release.aar (androidx.lifecycle:lifecycle-runtime-android:2.8.4) with ExtractAarTransform
Transforming lifecycle-runtime-release.aar (androidx.lifecycle:lifecycle-runtime-android:2.8.4) with AarTransform
Transforming lifecycle-livedata-core-ktx-2.8.4.aar (androidx.lifecycle:lifecycle-livedata-core-ktx:2.8.4) with JetifyTransform
Transforming lifecycle-livedata-core-ktx-2.8.4.aar (androidx.lifecycle:lifecycle-livedata-core-ktx:2.8.4) with ExtractAarTransform
Transforming lifecycle-livedata-core-ktx-2.8.4.aar (androidx.lifecycle:lifecycle-livedata-core-ktx:2.8.4) with AarTransform
Transforming lifecycle-livedata-2.8.4.aar (androidx.lifecycle:lifecycle-livedata:2.8.4) with JetifyTransform
Transforming lifecycle-livedata-2.8.4.aar (androidx.lifecycle:lifecycle-livedata:2.8.4) with ExtractAarTransform
Transforming lifecycle-livedata-2.8.4.aar (androidx.lifecycle:lifecycle-livedata:2.8.4) with AarTransform
Transforming lifecycle-livedata-ktx-2.8.4.aar (androidx.lifecycle:lifecycle-livedata-ktx:2.8.4) with JetifyTransform
Transforming lifecycle-livedata-ktx-2.8.4.aar (androidx.lifecycle:lifecycle-livedata-ktx:2.8.4) with ExtractAarTransform
Transforming lifecycle-process-2.8.4.aar (androidx.lifecycle:lifecycle-process:2.8.4) with ExtractAarTransform
Transforming lifecycle-service-2.8.4.aar (androidx.lifecycle:lifecycle-service:2.8.4) with ExtractAarTransform
Transforming lifecycle-livedata-ktx-2.8.4.aar (androidx.lifecycle:lifecycle-livedata-ktx:2.8.4) with AarTransform
Transforming lifecycle-viewmodel-ktx-2.8.4.aar (androidx.lifecycle:lifecycle-viewmodel-ktx:2.8.4) with JetifyTransform
Transforming lifecycle-viewmodel-ktx-2.8.4.aar (androidx.lifecycle:lifecycle-viewmodel-ktx:2.8.4) with ExtractAarTransform
Transforming lifecycle-viewmodel-ktx-2.8.4.aar (androidx.lifecycle:lifecycle-viewmodel-ktx:2.8.4) with AarTransform
Transforming play-services-tasks-18.2.0.aar (com.google.android.gms:play-services-tasks:18.2.0) with JetifyTransform
Transforming play-services-tasks-18.2.0.aar (com.google.android.gms:play-services-tasks:18.2.0) with ExtractAarTransform
Transforming play-services-tasks-18.2.0.aar (com.google.android.gms:play-services-tasks:18.2.0) with AarTransform
Transforming fragment-1.8.2.aar (androidx.fragment:fragment:1.8.2) with JetifyTransform
Transforming emoji2-1.3.0.aar (androidx.emoji2:emoji2:1.3.0) with AarTransform
Transforming fragment-1.8.2.aar (androidx.fragment:fragment:1.8.2) with ExtractAarTransform
Transforming fragment-1.8.2.aar (androidx.fragment:fragment:1.8.2) with AarTransform
Transforming fragment-ktx-1.8.2.aar (androidx.fragment:fragment-ktx:1.8.2) with JetifyTransform
Transforming fragment-ktx-1.8.2.aar (androidx.fragment:fragment-ktx:1.8.2) with ExtractAarTransform
Transforming fragment-ktx-1.8.2.aar (androidx.fragment:fragment-ktx:1.8.2) with AarTransform
Transforming core-ktx-1.15.0.aar (androidx.core:core-ktx:1.15.0) with JetifyTransform
Transforming core-ktx-1.15.0.aar (androidx.core:core-ktx:1.15.0) with ExtractAarTransform
Transforming core-ktx-1.15.0.aar (androidx.core:core-ktx:1.15.0) with AarTransform
Transforming circularprogressbar-3.1.0.aar (com.mikhaellopez:circularprogressbar:3.1.0) with JetifyTransform
Transforming circularprogressbar-3.1.0.aar (com.mikhaellopez:circularprogressbar:3.1.0) with ExtractAarTransform
Transforming circularprogressbar-3.1.0.aar (com.mikhaellopez:circularprogressbar:3.1.0) with AarTransform
Transforming sqlite-framework-2.4.0.aar (androidx.sqlite:sqlite-framework:2.4.0) with JetifyTransform
Transforming sqlite-framework-2.4.0.aar (androidx.sqlite:sqlite-framework:2.4.0) with ExtractAarTransform
Transforming sqlite-framework-2.4.0.aar (androidx.sqlite:sqlite-framework:2.4.0) with AarTransform
Transforming sqlite-2.4.0.aar (androidx.sqlite:sqlite:2.4.0) with JetifyTransform
Transforming sqlite-2.4.0.aar (androidx.sqlite:sqlite:2.4.0) with ExtractAarTransform
Transforming sqlite-2.4.0.aar (androidx.sqlite:sqlite:2.4.0) with AarTransform
Transforming MPAndroidChart-3.1.0.aar (com.github.PhilJay:MPAndroidChart:3.1.0) with JetifyTransform
Transforming MPAndroidChart-3.1.0.aar (com.github.PhilJay:MPAndroidChart:3.1.0) with ExtractAarTransform
Transforming MPAndroidChart-3.1.0.aar (com.github.PhilJay:MPAndroidChart:3.1.0) with AarTransform
Transforming googleid-1.1.0.aar (com.google.android.libraries.identity.googleid:googleid:1.1.0) with JetifyTransform
Transforming shimmer-0.5.0.aar (com.facebook.shimmer:shimmer:0.5.0) with JetifyTransform
Transforming lifecycle-process-2.8.4.aar (androidx.lifecycle:lifecycle-process:2.8.4) with AarTransform
Transforming lifecycle-service-2.8.4.aar (androidx.lifecycle:lifecycle-service:2.8.4) with AarTransform
Transforming shimmer-0.5.0.aar (com.facebook.shimmer:shimmer:0.5.0) with ExtractAarTransform
Transforming shimmer-0.5.0.aar (com.facebook.shimmer:shimmer:0.5.0) with AarTransform
Transforming spark-1.2.0.aar (com.robinhood.spark:spark:1.2.0) with JetifyTransform
Transforming spark-1.2.0.aar (com.robinhood.spark:spark:1.2.0) with ExtractAarTransform
Transforming spark-1.2.0.aar (com.robinhood.spark:spark:1.2.0) with AarTransform
Transforming cursoradapter-1.0.0.aar (androidx.cursoradapter:cursoradapter:1.0.0) with JetifyTransform
Transforming cursoradapter-1.0.0.aar (androidx.cursoradapter:cursoradapter:1.0.0) with ExtractAarTransform
Transforming cursoradapter-1.0.0.aar (androidx.cursoradapter:cursoradapter:1.0.0) with AarTransform
Transforming cardview-1.0.0.aar (androidx.cardview:cardview:1.0.0) with JetifyTransform
Transforming cardview-1.0.0.aar (androidx.cardview:cardview:1.0.0) with ExtractAarTransform
Transforming cardview-1.0.0.aar (androidx.cardview:cardview:1.0.0) with AarTransform
Transforming gifdecoder-4.16.0.aar (com.github.bumptech.glide:gifdecoder:4.16.0) with JetifyTransform
Transforming gifdecoder-4.16.0.aar (com.github.bumptech.glide:gifdecoder:4.16.0) with ExtractAarTransform
Transforming gifdecoder-4.16.0.aar (com.github.bumptech.glide:gifdecoder:4.16.0) with AarTransform
Transforming exifinterface-1.3.6.aar (androidx.exifinterface:exifinterface:1.3.6) with JetifyTransform
Transforming profileinstaller-1.4.0.aar (androidx.profileinstaller:profileinstaller:1.4.0) with JetifyTransform
Transforming googleid-1.1.0.aar (com.google.android.libraries.identity.googleid:googleid:1.1.0) with ExtractAarTransform
Transforming exifinterface-1.3.6.aar (androidx.exifinterface:exifinterface:1.3.6) with ExtractAarTransform
Transforming exifinterface-1.3.6.aar (androidx.exifinterface:exifinterface:1.3.6) with AarTransform
Transforming core-runtime-2.2.0.aar (androidx.arch.core:core-runtime:2.2.0) with JetifyTransform
Transforming core-runtime-2.2.0.aar (androidx.arch.core:core-runtime:2.2.0) with ExtractAarTransform
Transforming core-runtime-2.2.0.aar (androidx.arch.core:core-runtime:2.2.0) with AarTransform
Transforming startup-runtime-1.1.1.aar (androidx.startup:startup-runtime:1.1.1) with JetifyTransform
Transforming startup-runtime-1.1.1.aar (androidx.startup:startup-runtime:1.1.1) with ExtractAarTransform
Transforming startup-runtime-1.1.1.aar (androidx.startup:startup-runtime:1.1.1) with AarTransform
Transforming tracing-1.2.0.aar (androidx.tracing:tracing:1.2.0) with JetifyTransform
Transforming tracing-1.2.0.aar (androidx.tracing:tracing:1.2.0) with ExtractAarTransform
Transforming tracing-1.2.0.aar (androidx.tracing:tracing:1.2.0) with AarTransform
Transforming interpolator-1.0.0.aar (androidx.interpolator:interpolator:1.0.0) with JetifyTransform
Transforming interpolator-1.0.0.aar (androidx.interpolator:interpolator:1.0.0) with ExtractAarTransform
Transforming interpolator-1.0.0.aar (androidx.interpolator:interpolator:1.0.0) with AarTransform
Transforming versionedparcelable-1.1.1.aar (androidx.versionedparcelable:versionedparcelable:1.1.1) with JetifyTransform
Transforming versionedparcelable-1.1.1.aar (androidx.versionedparcelable:versionedparcelable:1.1.1) with ExtractAarTransform
Transforming profileinstaller-1.4.0.aar (androidx.profileinstaller:profileinstaller:1.4.0) with ExtractAarTransform
Transforming versionedparcelable-1.1.1.aar (androidx.versionedparcelable:versionedparcelable:1.1.1) with AarTransform
Transforming annotation-experimental-1.4.1.aar (androidx.annotation:annotation-experimental:1.4.1) with JetifyTransform
Transforming annotation-experimental-1.4.1.aar (androidx.annotation:annotation-experimental:1.4.1) with ExtractAarTransform
Transforming annotation-experimental-1.4.1.aar (androidx.annotation:annotation-experimental:1.4.1) with AarTransform
Transforming volley-1.2.1.aar (com.android.volley:volley:1.2.1) with JetifyTransform
Transforming volley-1.2.1.aar (com.android.volley:volley:1.2.1) with ExtractAarTransform
Transforming volley-1.2.1.aar (com.android.volley:volley:1.2.1) with AarTransform
Transforming googleid-1.1.0.aar (com.google.android.libraries.identity.googleid:googleid:1.1.0) with AarTransform
Transforming dagger-lint-aar-2.50.aar (com.google.dagger:dagger-lint-aar:2.50) with JetifyTransform
Transforming dagger-lint-aar-2.50.aar (com.google.dagger:dagger-lint-aar:2.50) with ExtractAarTransform
Transforming dagger-lint-aar-2.50.aar (com.google.dagger:dagger-lint-aar:2.50) with AarTransform
Transforming grpc-android-1.57.2.aar (io.grpc:grpc-android:1.57.2) with JetifyTransform
Transforming grpc-android-1.57.2.aar (io.grpc:grpc-android:1.57.2) with ExtractAarTransform
Transforming profileinstaller-1.4.0.aar (androidx.profileinstaller:profileinstaller:1.4.0) with AarTransform
Transforming grpc-android-1.57.2.aar (io.grpc:grpc-android:1.57.2) with AarTransform
Caching disabled for task ':app:dataBindingMergeDependencyArtifactsDebug' because:
  Build cache is disabled
  Caching has been disabled for the task
Skipping task ':app:dataBindingMergeDependencyArtifactsDebug' as it is up-to-date.
Resolve mutations for :app:generateDebugResValues (Thread[#96,Execution worker Thread 8,5,main]) started.
:app:generateDebugResValues (Thread[#96,Execution worker Thread 8,5,main]) started.

> Task :app:generateDebugResValues UP-TO-DATE
Caching disabled for task ':app:generateDebugResValues' because:
  Build cache is disabled
Skipping task ':app:generateDebugResValues' as it is up-to-date.
Resolve mutations for :app:generateDebugResources (Thread[#96,Execution worker Thread 8,5,main]) started.
:app:generateDebugResources (Thread[#96,Execution worker Thread 8,5,main]) started.

> Task :app:generateDebugResources UP-TO-DATE
Caching disabled for task ':app:generateDebugResources' because:
  Build cache is disabled
Skipping task ':app:generateDebugResources' as it is up-to-date.
Resolve mutations for :app:processDebugGoogleServices (Thread[#96,Execution worker Thread 8,5,main]) started.
:app:processDebugGoogleServices (Thread[#96,Execution worker Thread 8,5,main]) started.

> Task :app:processDebugGoogleServices UP-TO-DATE
Caching disabled for task ':app:processDebugGoogleServices' because:
  Build cache is disabled
Skipping task ':app:processDebugGoogleServices' as it is up-to-date.
Resolve mutations for :app:mergeDebugResources (Thread[#96,Execution worker Thread 8,5,main]) started.
:app:mergeDebugResources (Thread[#96,Execution worker Thread 8,5,main]) started.

> Task :app:mergeDebugResources
Transforming viewbinding-8.5.0.aar (androidx.databinding:viewbinding:8.5.0) with JetifyTransform
Transforming viewbinding-8.5.0.aar (androidx.databinding:viewbinding:8.5.0) with ExtractAarTransform
Transforming viewbinding-8.5.0.aar (androidx.databinding:viewbinding:8.5.0) with AarTransform
Transforming material-1.12.0.aar (com.google.android.material:material:1.12.0) with JetifyTransform
Transforming material-1.12.0.aar (com.google.android.material:material:1.12.0) with ExtractAarTransform
Transforming material-1.12.0.aar (com.google.android.material:material:1.12.0) with AarTransform
Transforming TimeLineView-1.0.2.aar (com.github.po10cio:TimeLineView:1.0.2) with JetifyTransform
Transforming TimeLineView-1.0.2.aar (com.github.po10cio:TimeLineView:1.0.2) with ExtractAarTransform
Transforming TimeLineView-1.0.2.aar (com.github.po10cio:TimeLineView:1.0.2) with AarTransform
Transforming constraintlayout-2.2.0.aar (androidx.constraintlayout:constraintlayout:2.2.0) with JetifyTransform
Transforming constraintlayout-2.2.0.aar (androidx.constraintlayout:constraintlayout:2.2.0) with ExtractAarTransform
Transforming constraintlayout-2.2.0.aar (androidx.constraintlayout:constraintlayout:2.2.0) with AarTransform
Transforming lottie-6.4.0.aar (com.airbnb.android:lottie:6.4.0) with JetifyTransform
Transforming lottie-6.4.0.aar (com.airbnb.android:lottie:6.4.0) with ExtractAarTransform
Transforming lottie-6.4.0.aar (com.airbnb.android:lottie:6.4.0) with AarTransform
Transforming SparkLineLayout-1.0.1.aar (com.github.majorkik:SparkLineLayout:1.0.1) with JetifyTransform
Transforming SparkLineLayout-1.0.1.aar (com.github.majorkik:SparkLineLayout:1.0.1) with ExtractAarTransform
Transforming SparkLineLayout-1.0.1.aar (com.github.majorkik:SparkLineLayout:1.0.1) with AarTransform
Transforming appcompat-resources-1.7.0.aar (androidx.appcompat:appcompat-resources:1.7.0) with JetifyTransform
Transforming appcompat-resources-1.7.0.aar (androidx.appcompat:appcompat-resources:1.7.0) with ExtractAarTransform
Transforming appcompat-resources-1.7.0.aar (androidx.appcompat:appcompat-resources:1.7.0) with AarTransform
Transforming appcompat-1.7.0.aar (androidx.appcompat:appcompat:1.7.0) with JetifyTransform
Transforming appcompat-1.7.0.aar (androidx.appcompat:appcompat:1.7.0) with ExtractAarTransform
Transforming appcompat-1.7.0.aar (androidx.appcompat:appcompat:1.7.0) with AarTransform
Transforming glide-4.16.0.aar (com.github.bumptech.glide:glide:4.16.0) with JetifyTransform
Transforming glide-4.16.0.aar (com.github.bumptech.glide:glide:4.16.0) with ExtractAarTransform
Transforming glide-4.16.0.aar (com.github.bumptech.glide:glide:4.16.0) with AarTransform
Transforming hilt-android-2.50.aar (com.google.dagger:hilt-android:2.50) with JetifyTransform
Transforming hilt-android-2.50.aar (com.google.dagger:hilt-android:2.50) with ExtractAarTransform
Transforming hilt-android-2.50.aar (com.google.dagger:hilt-android:2.50) with AarTransform
Transforming viewpager2-1.0.0.aar (androidx.viewpager2:viewpager2:1.0.0) with JetifyTransform
Transforming viewpager2-1.0.0.aar (androidx.viewpager2:viewpager2:1.0.0) with ExtractAarTransform
Transforming viewpager2-1.0.0.aar (androidx.viewpager2:viewpager2:1.0.0) with AarTransform
Transforming firebase-ui-firestore-8.0.2.aar (com.firebaseui:firebase-ui-firestore:8.0.2) with JetifyTransform
Transforming firebase-ui-firestore-8.0.2.aar (com.firebaseui:firebase-ui-firestore:8.0.2) with ExtractAarTransform
Transforming firebase-ui-firestore-8.0.2.aar (com.firebaseui:firebase-ui-firestore:8.0.2) with AarTransform
Transforming legacy-support-v4-1.0.0.aar (androidx.legacy:legacy-support-v4:1.0.0) with JetifyTransform
Transforming legacy-support-v4-1.0.0.aar (androidx.legacy:legacy-support-v4:1.0.0) with ExtractAarTransform
Transforming legacy-support-v4-1.0.0.aar (androidx.legacy:legacy-support-v4:1.0.0) with AarTransform
Transforming play-services-location-21.3.0.aar (com.google.android.gms:play-services-location:21.3.0) with JetifyTransform
Transforming play-services-location-21.3.0.aar (com.google.android.gms:play-services-location:21.3.0) with ExtractAarTransform
Transforming play-services-location-21.3.0.aar (com.google.android.gms:play-services-location:21.3.0) with AarTransform
Transforming firebase-firestore-ktx-25.0.0.aar (com.google.firebase:firebase-firestore-ktx:25.0.0) with JetifyTransform
Transforming firebase-firestore-ktx-25.0.0.aar (com.google.firebase:firebase-firestore-ktx:25.0.0) with ExtractAarTransform
Transforming firebase-firestore-ktx-25.0.0.aar (com.google.firebase:firebase-firestore-ktx:25.0.0) with AarTransform
Transforming firebase-firestore-25.0.0.aar (com.google.firebase:firebase-firestore:25.0.0) with JetifyTransform
Transforming firebase-firestore-25.0.0.aar (com.google.firebase:firebase-firestore:25.0.0) with ExtractAarTransform
Transforming firebase-firestore-25.0.0.aar (com.google.firebase:firebase-firestore:25.0.0) with AarTransform
Transforming firebase-firestore-25.0.0.aar (com.google.firebase:firebase-firestore:25.0.0) with JetifyTransform
Transforming firebase-firestore-25.0.0.aar (com.google.firebase:firebase-firestore:25.0.0) with ExtractAarTransform
Transforming firebase-firestore-25.0.0.aar (com.google.firebase:firebase-firestore:25.0.0) with AarTransform
Transforming firebase-database-ktx-21.0.0.aar (com.google.firebase:firebase-database-ktx:21.0.0) with JetifyTransform
Transforming firebase-database-ktx-21.0.0.aar (com.google.firebase:firebase-database-ktx:21.0.0) with ExtractAarTransform
Transforming firebase-database-ktx-21.0.0.aar (com.google.firebase:firebase-database-ktx:21.0.0) with AarTransform
Transforming firebase-database-21.0.0.aar (com.google.firebase:firebase-database:21.0.0) with JetifyTransform
Transforming firebase-database-21.0.0.aar (com.google.firebase:firebase-database:21.0.0) with ExtractAarTransform
Transforming firebase-database-21.0.0.aar (com.google.firebase:firebase-database:21.0.0) with AarTransform
Transforming firebase-database-collection-18.0.1.aar (com.google.firebase:firebase-database-collection:18.0.1) with JetifyTransform
Transforming firebase-database-collection-18.0.1.aar (com.google.firebase:firebase-database-collection:18.0.1) with ExtractAarTransform
Transforming firebase-database-collection-18.0.1.aar (com.google.firebase:firebase-database-collection:18.0.1) with AarTransform
Transforming firebase-database-collection-18.0.1.aar (com.google.firebase:firebase-database-collection:18.0.1) with JetifyTransform
Transforming firebase-database-collection-18.0.1.aar (com.google.firebase:firebase-database-collection:18.0.1) with ExtractAarTransform
Transforming firebase-database-collection-18.0.1.aar (com.google.firebase:firebase-database-collection:18.0.1) with AarTransform
Transforming firebase-auth-ktx-23.0.0.aar (com.google.firebase:firebase-auth-ktx:23.0.0) with JetifyTransform
Transforming firebase-auth-ktx-23.0.0.aar (com.google.firebase:firebase-auth-ktx:23.0.0) with ExtractAarTransform
Transforming firebase-auth-ktx-23.0.0.aar (com.google.firebase:firebase-auth-ktx:23.0.0) with AarTransform
Transforming firebase-auth-23.0.0.aar (com.google.firebase:firebase-auth:23.0.0) with JetifyTransform
Transforming firebase-auth-23.0.0.aar (com.google.firebase:firebase-auth:23.0.0) with ExtractAarTransform
Transforming firebase-auth-23.0.0.aar (com.google.firebase:firebase-auth:23.0.0) with AarTransform
Transforming firebase-appcheck-interop-17.1.0.aar (com.google.firebase:firebase-appcheck-interop:17.1.0) with JetifyTransform
Transforming firebase-appcheck-interop-17.1.0.aar (com.google.firebase:firebase-appcheck-interop:17.1.0) with ExtractAarTransform
Transforming firebase-appcheck-interop-17.1.0.aar (com.google.firebase:firebase-appcheck-interop:17.1.0) with AarTransform
Transforming firebase-appcheck-interop-17.1.0.aar (com.google.firebase:firebase-appcheck-interop:17.1.0) with JetifyTransform
Transforming firebase-appcheck-interop-17.1.0.aar (com.google.firebase:firebase-appcheck-interop:17.1.0) with ExtractAarTransform
Transforming firebase-appcheck-interop-17.1.0.aar (com.google.firebase:firebase-appcheck-interop:17.1.0) with AarTransform
Transforming firebase-appcheck-interop-17.1.0.aar (com.google.firebase:firebase-appcheck-interop:17.1.0) with JetifyTransform
Transforming firebase-appcheck-interop-17.1.0.aar (com.google.firebase:firebase-appcheck-interop:17.1.0) with ExtractAarTransform
Transforming firebase-appcheck-interop-17.1.0.aar (com.google.firebase:firebase-appcheck-interop:17.1.0) with AarTransform
Transforming credentials-1.2.0-rc01.aar (androidx.credentials:credentials:1.2.0-rc01) with JetifyTransform
Transforming credentials-1.2.0-rc01.aar (androidx.credentials:credentials:1.2.0-rc01) with ExtractAarTransform
Transforming credentials-1.2.0-rc01.aar (androidx.credentials:credentials:1.2.0-rc01) with AarTransform
Transforming credentials-1.2.0-rc01.aar (androidx.credentials:credentials:1.2.0-rc01) with JetifyTransform
Transforming credentials-1.2.0-rc01.aar (androidx.credentials:credentials:1.2.0-rc01) with ExtractAarTransform
Transforming credentials-1.2.0-rc01.aar (androidx.credentials:credentials:1.2.0-rc01) with AarTransform
Transforming credentials-play-services-auth-1.2.0-rc01.aar (androidx.credentials:credentials-play-services-auth:1.2.0-rc01) with JetifyTransform
Transforming credentials-play-services-auth-1.2.0-rc01.aar (androidx.credentials:credentials-play-services-auth:1.2.0-rc01) with ExtractAarTransform
Transforming credentials-play-services-auth-1.2.0-rc01.aar (androidx.credentials:credentials-play-services-auth:1.2.0-rc01) with AarTransform
Transforming play-services-auth-20.7.0.aar (com.google.android.gms:play-services-auth:20.7.0) with JetifyTransform
Transforming play-services-auth-20.7.0.aar (com.google.android.gms:play-services-auth:20.7.0) with ExtractAarTransform
Transforming play-services-auth-20.7.0.aar (com.google.android.gms:play-services-auth:20.7.0) with AarTransform
Transforming play-services-auth-api-phone-18.0.2.aar (com.google.android.gms:play-services-auth-api-phone:18.0.2) with JetifyTransform
Transforming play-services-auth-api-phone-18.0.2.aar (com.google.android.gms:play-services-auth-api-phone:18.0.2) with ExtractAarTransform
Transforming play-services-auth-api-phone-18.0.2.aar (com.google.android.gms:play-services-auth-api-phone:18.0.2) with AarTransform
Transforming play-services-auth-api-phone-18.0.2.aar (com.google.android.gms:play-services-auth-api-phone:18.0.2) with JetifyTransform
Transforming play-services-auth-api-phone-18.0.2.aar (com.google.android.gms:play-services-auth-api-phone:18.0.2) with ExtractAarTransform
Transforming play-services-auth-api-phone-18.0.2.aar (com.google.android.gms:play-services-auth-api-phone:18.0.2) with AarTransform
Transforming play-services-fido-20.1.0.aar (com.google.android.gms:play-services-fido:20.1.0) with JetifyTransform
Transforming play-services-fido-20.1.0.aar (com.google.android.gms:play-services-fido:20.1.0) with ExtractAarTransform
Transforming play-services-fido-20.1.0.aar (com.google.android.gms:play-services-fido:20.1.0) with AarTransform
Transforming play-services-fido-20.1.0.aar (com.google.android.gms:play-services-fido:20.1.0) with JetifyTransform
Transforming play-services-fido-20.1.0.aar (com.google.android.gms:play-services-fido:20.1.0) with ExtractAarTransform
Transforming play-services-fido-20.1.0.aar (com.google.android.gms:play-services-fido:20.1.0) with AarTransform
Transforming play-services-auth-base-18.0.4.aar (com.google.android.gms:play-services-auth-base:18.0.4) with JetifyTransform
Transforming play-services-auth-base-18.0.4.aar (com.google.android.gms:play-services-auth-base:18.0.4) with ExtractAarTransform
Transforming play-services-auth-base-18.0.4.aar (com.google.android.gms:play-services-auth-base:18.0.4) with AarTransform
Transforming play-services-base-18.5.0.aar (com.google.android.gms:play-services-base:18.5.0) with JetifyTransform
Transforming play-services-base-18.5.0.aar (com.google.android.gms:play-services-base:18.5.0) with ExtractAarTransform
Transforming play-services-base-18.5.0.aar (com.google.android.gms:play-services-base:18.5.0) with AarTransform
Transforming play-services-base-18.5.0.aar (com.google.android.gms:play-services-base:18.5.0) with JetifyTransform
Transforming play-services-base-18.5.0.aar (com.google.android.gms:play-services-base:18.5.0) with ExtractAarTransform
Transforming play-services-base-18.5.0.aar (com.google.android.gms:play-services-base:18.5.0) with AarTransform
Transforming play-services-base-18.5.0.aar (com.google.android.gms:play-services-base:18.5.0) with JetifyTransform
Transforming play-services-base-18.5.0.aar (com.google.android.gms:play-services-base:18.5.0) with ExtractAarTransform
Transforming play-services-base-18.5.0.aar (com.google.android.gms:play-services-base:18.5.0) with AarTransform
Transforming play-services-base-18.5.0.aar (com.google.android.gms:play-services-base:18.5.0) with JetifyTransform
Transforming play-services-base-18.5.0.aar (com.google.android.gms:play-services-base:18.5.0) with ExtractAarTransform
Transforming play-services-base-18.5.0.aar (com.google.android.gms:play-services-base:18.5.0) with AarTransform
Transforming play-services-base-18.5.0.aar (com.google.android.gms:play-services-base:18.5.0) with JetifyTransform
Transforming play-services-base-18.5.0.aar (com.google.android.gms:play-services-base:18.5.0) with ExtractAarTransform
Transforming play-services-base-18.5.0.aar (com.google.android.gms:play-services-base:18.5.0) with AarTransform
Transforming play-services-base-18.5.0.aar (com.google.android.gms:play-services-base:18.5.0) with JetifyTransform
Transforming play-services-base-18.5.0.aar (com.google.android.gms:play-services-base:18.5.0) with ExtractAarTransform
Transforming play-services-base-18.5.0.aar (com.google.android.gms:play-services-base:18.5.0) with AarTransform
Transforming firebase-common-ktx-21.0.0.aar (com.google.firebase:firebase-common-ktx:21.0.0) with JetifyTransform
Transforming firebase-common-ktx-21.0.0.aar (com.google.firebase:firebase-common-ktx:21.0.0) with ExtractAarTransform
Transforming firebase-common-ktx-21.0.0.aar (com.google.firebase:firebase-common-ktx:21.0.0) with AarTransform
Transforming firebase-common-ktx-21.0.0.aar (com.google.firebase:firebase-common-ktx:21.0.0) with JetifyTransform
Transforming firebase-common-ktx-21.0.0.aar (com.google.firebase:firebase-common-ktx:21.0.0) with ExtractAarTransform
Transforming firebase-common-ktx-21.0.0.aar (com.google.firebase:firebase-common-ktx:21.0.0) with AarTransform
Transforming firebase-common-ktx-21.0.0.aar (com.google.firebase:firebase-common-ktx:21.0.0) with JetifyTransform
Transforming firebase-common-ktx-21.0.0.aar (com.google.firebase:firebase-common-ktx:21.0.0) with ExtractAarTransform
Transforming firebase-common-ktx-21.0.0.aar (com.google.firebase:firebase-common-ktx:21.0.0) with AarTransform
Transforming firebase-common-ktx-21.0.0.aar (com.google.firebase:firebase-common-ktx:21.0.0) with JetifyTransform
Transforming firebase-common-ktx-21.0.0.aar (com.google.firebase:firebase-common-ktx:21.0.0) with ExtractAarTransform
Transforming firebase-common-ktx-21.0.0.aar (com.google.firebase:firebase-common-ktx:21.0.0) with AarTransform
Transforming firebase-common-ktx-21.0.0.aar (com.google.firebase:firebase-common-ktx:21.0.0) with JetifyTransform
Transforming firebase-common-ktx-21.0.0.aar (com.google.firebase:firebase-common-ktx:21.0.0) with ExtractAarTransform
Transforming firebase-common-ktx-21.0.0.aar (com.google.firebase:firebase-common-ktx:21.0.0) with AarTransform
Transforming firebase-common-ktx-21.0.0.aar (com.google.firebase:firebase-common-ktx:21.0.0) with JetifyTransform
Transforming firebase-common-ktx-21.0.0.aar (com.google.firebase:firebase-common-ktx:21.0.0) with ExtractAarTransform
Transforming firebase-common-ktx-21.0.0.aar (com.google.firebase:firebase-common-ktx:21.0.0) with AarTransform
Transforming firebase-auth-interop-20.0.0.aar (com.google.firebase:firebase-auth-interop:20.0.0) with JetifyTransform
Transforming firebase-auth-interop-20.0.0.aar (com.google.firebase:firebase-auth-interop:20.0.0) with ExtractAarTransform
Transforming firebase-auth-interop-20.0.0.aar (com.google.firebase:firebase-auth-interop:20.0.0) with AarTransform
Transforming firebase-auth-interop-20.0.0.aar (com.google.firebase:firebase-auth-interop:20.0.0) with JetifyTransform
Transforming firebase-auth-interop-20.0.0.aar (com.google.firebase:firebase-auth-interop:20.0.0) with ExtractAarTransform
Transforming firebase-auth-interop-20.0.0.aar (com.google.firebase:firebase-auth-interop:20.0.0) with AarTransform
Transforming firebase-auth-interop-20.0.0.aar (com.google.firebase:firebase-auth-interop:20.0.0) with JetifyTransform
Transforming firebase-auth-interop-20.0.0.aar (com.google.firebase:firebase-auth-interop:20.0.0) with ExtractAarTransform
Transforming firebase-auth-interop-20.0.0.aar (com.google.firebase:firebase-auth-interop:20.0.0) with AarTransform
Transforming firebase-common-21.0.0.aar (com.google.firebase:firebase-common:21.0.0) with JetifyTransform
Transforming firebase-common-21.0.0.aar (com.google.firebase:firebase-common:21.0.0) with ExtractAarTransform
Transforming firebase-common-21.0.0.aar (com.google.firebase:firebase-common:21.0.0) with AarTransform
Transforming firebase-common-21.0.0.aar (com.google.firebase:firebase-common:21.0.0) with JetifyTransform
Transforming firebase-common-21.0.0.aar (com.google.firebase:firebase-common:21.0.0) with ExtractAarTransform
Transforming firebase-common-21.0.0.aar (com.google.firebase:firebase-common:21.0.0) with AarTransform
Transforming firebase-common-21.0.0.aar (com.google.firebase:firebase-common:21.0.0) with JetifyTransform
Transforming firebase-common-21.0.0.aar (com.google.firebase:firebase-common:21.0.0) with ExtractAarTransform
Transforming firebase-common-21.0.0.aar (com.google.firebase:firebase-common:21.0.0) with AarTransform
Transforming firebase-common-21.0.0.aar (com.google.firebase:firebase-common:21.0.0) with JetifyTransform
Transforming firebase-common-21.0.0.aar (com.google.firebase:firebase-common:21.0.0) with ExtractAarTransform
Transforming firebase-common-21.0.0.aar (com.google.firebase:firebase-common:21.0.0) with AarTransform
Transforming firebase-common-21.0.0.aar (com.google.firebase:firebase-common:21.0.0) with JetifyTransform
Transforming firebase-common-21.0.0.aar (com.google.firebase:firebase-common:21.0.0) with ExtractAarTransform
Transforming firebase-common-21.0.0.aar (com.google.firebase:firebase-common:21.0.0) with AarTransform
Transforming firebase-common-21.0.0.aar (com.google.firebase:firebase-common:21.0.0) with JetifyTransform
Transforming firebase-common-21.0.0.aar (com.google.firebase:firebase-common:21.0.0) with ExtractAarTransform
Transforming firebase-common-21.0.0.aar (com.google.firebase:firebase-common:21.0.0) with AarTransform
Transforming firebase-common-21.0.0.aar (com.google.firebase:firebase-common:21.0.0) with JetifyTransform
Transforming firebase-common-21.0.0.aar (com.google.firebase:firebase-common:21.0.0) with ExtractAarTransform
Transforming firebase-common-21.0.0.aar (com.google.firebase:firebase-common:21.0.0) with AarTransform
Transforming firebase-common-21.0.0.aar (com.google.firebase:firebase-common:21.0.0) with JetifyTransform
Transforming firebase-common-21.0.0.aar (com.google.firebase:firebase-common:21.0.0) with ExtractAarTransform
Transforming firebase-common-21.0.0.aar (com.google.firebase:firebase-common:21.0.0) with AarTransform
Transforming room-runtime-2.6.1.aar (androidx.room:room-runtime:2.6.1) with JetifyTransform
Transforming room-runtime-2.6.1.aar (androidx.room:room-runtime:2.6.1) with ExtractAarTransform
Transforming room-runtime-2.6.1.aar (androidx.room:room-runtime:2.6.1) with AarTransform
Transforming work-runtime-ktx-2.9.1.aar (androidx.work:work-runtime-ktx:2.9.1) with JetifyTransform
Transforming work-runtime-ktx-2.9.1.aar (androidx.work:work-runtime-ktx:2.9.1) with ExtractAarTransform
Transforming work-runtime-ktx-2.9.1.aar (androidx.work:work-runtime-ktx:2.9.1) with AarTransform
Transforming work-runtime-2.9.1.aar (androidx.work:work-runtime:2.9.1) with JetifyTransform
Transforming work-runtime-2.9.1.aar (androidx.work:work-runtime:2.9.1) with ExtractAarTransform
Transforming work-runtime-2.9.1.aar (androidx.work:work-runtime:2.9.1) with AarTransform
Transforming room-ktx-2.6.1.aar (androidx.room:room-ktx:2.6.1) with JetifyTransform
Transforming room-ktx-2.6.1.aar (androidx.room:room-ktx:2.6.1) with ExtractAarTransform
Transforming room-ktx-2.6.1.aar (androidx.room:room-ktx:2.6.1) with AarTransform
Transforming emoji2-views-helper-1.3.0.aar (androidx.emoji2:emoji2-views-helper:1.3.0) with JetifyTransform
Transforming emoji2-views-helper-1.3.0.aar (androidx.emoji2:emoji2-views-helper:1.3.0) with ExtractAarTransform
Transforming emoji2-views-helper-1.3.0.aar (androidx.emoji2:emoji2-views-helper:1.3.0) with AarTransform
Transforming emoji2-1.3.0.aar (androidx.emoji2:emoji2:1.3.0) with JetifyTransform
Transforming emoji2-1.3.0.aar (androidx.emoji2:emoji2:1.3.0) with ExtractAarTransform
Transforming emoji2-1.3.0.aar (androidx.emoji2:emoji2:1.3.0) with AarTransform
Transforming legacy-support-core-ui-1.0.0.aar (androidx.legacy:legacy-support-core-ui:1.0.0) with JetifyTransform
Transforming legacy-support-core-ui-1.0.0.aar (androidx.legacy:legacy-support-core-ui:1.0.0) with ExtractAarTransform
Transforming legacy-support-core-ui-1.0.0.aar (androidx.legacy:legacy-support-core-ui:1.0.0) with AarTransform
Transforming drawerlayout-1.1.1.aar (androidx.drawerlayout:drawerlayout:1.1.1) with JetifyTransform
Transforming drawerlayout-1.1.1.aar (androidx.drawerlayout:drawerlayout:1.1.1) with ExtractAarTransform
Transforming drawerlayout-1.1.1.aar (androidx.drawerlayout:drawerlayout:1.1.1) with AarTransform
Transforming drawerlayout-1.1.1.aar (androidx.drawerlayout:drawerlayout:1.1.1) with JetifyTransform
Transforming drawerlayout-1.1.1.aar (androidx.drawerlayout:drawerlayout:1.1.1) with ExtractAarTransform
Transforming drawerlayout-1.1.1.aar (androidx.drawerlayout:drawerlayout:1.1.1) with AarTransform
Transforming coordinatorlayout-1.1.0.aar (androidx.coordinatorlayout:coordinatorlayout:1.1.0) with JetifyTransform
Transforming coordinatorlayout-1.1.0.aar (androidx.coordinatorlayout:coordinatorlayout:1.1.0) with ExtractAarTransform
Transforming coordinatorlayout-1.1.0.aar (androidx.coordinatorlayout:coordinatorlayout:1.1.0) with AarTransform
Transforming coordinatorlayout-1.1.0.aar (androidx.coordinatorlayout:coordinatorlayout:1.1.0) with JetifyTransform
Transforming coordinatorlayout-1.1.0.aar (androidx.coordinatorlayout:coordinatorlayout:1.1.0) with ExtractAarTransform
Transforming coordinatorlayout-1.1.0.aar (androidx.coordinatorlayout:coordinatorlayout:1.1.0) with AarTransform
Transforming transition-1.5.0.aar (androidx.transition:transition:1.5.0) with JetifyTransform
Transforming transition-1.5.0.aar (androidx.transition:transition:1.5.0) with ExtractAarTransform
Transforming transition-1.5.0.aar (androidx.transition:transition:1.5.0) with AarTransform
Transforming dynamicanimation-1.0.0.aar (androidx.dynamicanimation:dynamicanimation:1.0.0) with JetifyTransform
Transforming dynamicanimation-1.0.0.aar (androidx.dynamicanimation:dynamicanimation:1.0.0) with ExtractAarTransform
Transforming dynamicanimation-1.0.0.aar (androidx.dynamicanimation:dynamicanimation:1.0.0) with AarTransform
Transforming vectordrawable-animated-1.1.0.aar (androidx.vectordrawable:vectordrawable-animated:1.1.0) with JetifyTransform
Transforming vectordrawable-animated-1.1.0.aar (androidx.vectordrawable:vectordrawable-animated:1.1.0) with ExtractAarTransform
Transforming vectordrawable-animated-1.1.0.aar (androidx.vectordrawable:vectordrawable-animated:1.1.0) with AarTransform
Transforming vectordrawable-1.1.0.aar (androidx.vectordrawable:vectordrawable:1.1.0) with JetifyTransform
Transforming vectordrawable-1.1.0.aar (androidx.vectordrawable:vectordrawable:1.1.0) with ExtractAarTransform
Transforming vectordrawable-1.1.0.aar (androidx.vectordrawable:vectordrawable:1.1.0) with AarTransform
Transforming vectordrawable-1.1.0.aar (androidx.vectordrawable:vectordrawable:1.1.0) with JetifyTransform
Transforming vectordrawable-1.1.0.aar (androidx.vectordrawable:vectordrawable:1.1.0) with ExtractAarTransform
Transforming vectordrawable-1.1.0.aar (androidx.vectordrawable:vectordrawable:1.1.0) with AarTransform
Transforming paging-rxjava3-3.3.1.aar (androidx.paging:paging-rxjava3:3.3.1) with JetifyTransform
Transforming paging-rxjava3-3.3.1.aar (androidx.paging:paging-rxjava3:3.3.1) with ExtractAarTransform
Transforming paging-rxjava3-3.3.1.aar (androidx.paging:paging-rxjava3:3.3.1) with AarTransform
Transforming paging-common-release.aar (androidx.paging:paging-common-android:3.3.1) with JetifyTransform
Transforming paging-common-release.aar (androidx.paging:paging-common-android:3.3.1) with ExtractAarTransform
Transforming paging-common-release.aar (androidx.paging:paging-common-android:3.3.1) with AarTransform
Transforming paging-runtime-ktx-3.3.1.aar (androidx.paging:paging-runtime-ktx:3.3.1) with JetifyTransform
Transforming paging-runtime-ktx-3.3.1.aar (androidx.paging:paging-runtime-ktx:3.3.1) with ExtractAarTransform
Transforming paging-runtime-ktx-3.3.1.aar (androidx.paging:paging-runtime-ktx:3.3.1) with AarTransform
Transforming paging-runtime-3.3.1.aar (androidx.paging:paging-runtime:3.3.1) with JetifyTransform
Transforming paging-runtime-3.3.1.aar (androidx.paging:paging-runtime:3.3.1) with ExtractAarTransform
Transforming paging-runtime-3.3.1.aar (androidx.paging:paging-runtime:3.3.1) with AarTransform
Transforming recyclerview-1.2.1.aar (androidx.recyclerview:recyclerview:1.2.1) with JetifyTransform
Transforming recyclerview-1.2.1.aar (androidx.recyclerview:recyclerview:1.2.1) with ExtractAarTransform
Transforming recyclerview-1.2.1.aar (androidx.recyclerview:recyclerview:1.2.1) with AarTransform
Transforming recyclerview-1.2.1.aar (androidx.recyclerview:recyclerview:1.2.1) with JetifyTransform
Transforming recyclerview-1.2.1.aar (androidx.recyclerview:recyclerview:1.2.1) with ExtractAarTransform
Transforming recyclerview-1.2.1.aar (androidx.recyclerview:recyclerview:1.2.1) with AarTransform
Transforming viewpager-1.0.0.aar (androidx.viewpager:viewpager:1.0.0) with JetifyTransform
Transforming viewpager-1.0.0.aar (androidx.viewpager:viewpager:1.0.0) with ExtractAarTransform
Transforming viewpager-1.0.0.aar (androidx.viewpager:viewpager:1.0.0) with AarTransform
Transforming viewpager-1.0.0.aar (androidx.viewpager:viewpager:1.0.0) with JetifyTransform
Transforming viewpager-1.0.0.aar (androidx.viewpager:viewpager:1.0.0) with ExtractAarTransform
Transforming viewpager-1.0.0.aar (androidx.viewpager:viewpager:1.0.0) with AarTransform
Transforming slidingpanelayout-1.0.0.aar (androidx.slidingpanelayout:slidingpanelayout:1.0.0) with JetifyTransform
Transforming slidingpanelayout-1.0.0.aar (androidx.slidingpanelayout:slidingpanelayout:1.0.0) with ExtractAarTransform
Transforming slidingpanelayout-1.0.0.aar (androidx.slidingpanelayout:slidingpanelayout:1.0.0) with AarTransform
Transforming customview-1.1.0.aar (androidx.customview:customview:1.1.0) with JetifyTransform
Transforming customview-1.1.0.aar (androidx.customview:customview:1.1.0) with ExtractAarTransform
Transforming customview-1.1.0.aar (androidx.customview:customview:1.1.0) with AarTransform
Transforming customview-1.1.0.aar (androidx.customview:customview:1.1.0) with JetifyTransform
Transforming customview-1.1.0.aar (androidx.customview:customview:1.1.0) with ExtractAarTransform
Transforming customview-1.1.0.aar (androidx.customview:customview:1.1.0) with AarTransform
Transforming customview-1.1.0.aar (androidx.customview:customview:1.1.0) with JetifyTransform
Transforming customview-1.1.0.aar (androidx.customview:customview:1.1.0) with ExtractAarTransform
Transforming customview-1.1.0.aar (androidx.customview:customview:1.1.0) with AarTransform
Transforming customview-1.1.0.aar (androidx.customview:customview:1.1.0) with JetifyTransform
Transforming customview-1.1.0.aar (androidx.customview:customview:1.1.0) with ExtractAarTransform
Transforming customview-1.1.0.aar (androidx.customview:customview:1.1.0) with AarTransform
Transforming customview-1.1.0.aar (androidx.customview:customview:1.1.0) with JetifyTransform
Transforming customview-1.1.0.aar (androidx.customview:customview:1.1.0) with ExtractAarTransform
Transforming customview-1.1.0.aar (androidx.customview:customview:1.1.0) with AarTransform
Transforming customview-1.1.0.aar (androidx.customview:customview:1.1.0) with JetifyTransform
Transforming customview-1.1.0.aar (androidx.customview:customview:1.1.0) with ExtractAarTransform
Transforming customview-1.1.0.aar (androidx.customview:customview:1.1.0) with AarTransform
Transforming legacy-support-core-utils-1.0.0.aar (androidx.legacy:legacy-support-core-utils:1.0.0) with JetifyTransform
Transforming legacy-support-core-utils-1.0.0.aar (androidx.legacy:legacy-support-core-utils:1.0.0) with ExtractAarTransform
Transforming legacy-support-core-utils-1.0.0.aar (androidx.legacy:legacy-support-core-utils:1.0.0) with AarTransform
Transforming legacy-support-core-utils-1.0.0.aar (androidx.legacy:legacy-support-core-utils:1.0.0) with JetifyTransform
Transforming legacy-support-core-utils-1.0.0.aar (androidx.legacy:legacy-support-core-utils:1.0.0) with ExtractAarTransform
Transforming legacy-support-core-utils-1.0.0.aar (androidx.legacy:legacy-support-core-utils:1.0.0) with AarTransform
Transforming legacy-support-core-utils-1.0.0.aar (androidx.legacy:legacy-support-core-utils:1.0.0) with JetifyTransform
Transforming legacy-support-core-utils-1.0.0.aar (androidx.legacy:legacy-support-core-utils:1.0.0) with ExtractAarTransform
Transforming legacy-support-core-utils-1.0.0.aar (androidx.legacy:legacy-support-core-utils:1.0.0) with AarTransform
Transforming media-1.0.0.aar (androidx.media:media:1.0.0) with JetifyTransform
Transforming media-1.0.0.aar (androidx.media:media:1.0.0) with ExtractAarTransform
Transforming media-1.0.0.aar (androidx.media:media:1.0.0) with AarTransform
Transforming activity-ktx-1.8.1.aar (androidx.activity:activity-ktx:1.8.1) with JetifyTransform
Transforming activity-ktx-1.8.1.aar (androidx.activity:activity-ktx:1.8.1) with ExtractAarTransform
Transforming activity-ktx-1.8.1.aar (androidx.activity:activity-ktx:1.8.1) with AarTransform
Transforming activity-1.8.1.aar (androidx.activity:activity:1.8.1) with JetifyTransform
Transforming activity-1.8.1.aar (androidx.activity:activity:1.8.1) with ExtractAarTransform
Transforming activity-1.8.1.aar (androidx.activity:activity:1.8.1) with AarTransform
Transforming loader-1.0.0.aar (androidx.loader:loader:1.0.0) with JetifyTransform
Transforming loader-1.0.0.aar (androidx.loader:loader:1.0.0) with ExtractAarTransform
Transforming loader-1.0.0.aar (androidx.loader:loader:1.0.0) with AarTransform
Transforming loader-1.0.0.aar (androidx.loader:loader:1.0.0) with JetifyTransform
Transforming loader-1.0.0.aar (androidx.loader:loader:1.0.0) with ExtractAarTransform
Transforming loader-1.0.0.aar (androidx.loader:loader:1.0.0) with AarTransform
Transforming browser-1.4.0.aar (androidx.browser:browser:1.4.0) with JetifyTransform
Transforming browser-1.4.0.aar (androidx.browser:browser:1.4.0) with ExtractAarTransform
Transforming browser-1.4.0.aar (androidx.browser:browser:1.4.0) with AarTransform
Transforming swiperefreshlayout-1.0.0.aar (androidx.swiperefreshlayout:swiperefreshlayout:1.0.0) with JetifyTransform
Transforming swiperefreshlayout-1.0.0.aar (androidx.swiperefreshlayout:swiperefreshlayout:1.0.0) with ExtractAarTransform
Transforming swiperefreshlayout-1.0.0.aar (androidx.swiperefreshlayout:swiperefreshlayout:1.0.0) with AarTransform
Transforming asynclayoutinflater-1.0.0.aar (androidx.asynclayoutinflater:asynclayoutinflater:1.0.0) with JetifyTransform
Transforming asynclayoutinflater-1.0.0.aar (androidx.asynclayoutinflater:asynclayoutinflater:1.0.0) with ExtractAarTransform
Transforming asynclayoutinflater-1.0.0.aar (androidx.asynclayoutinflater:asynclayoutinflater:1.0.0) with AarTransform
Transforming core-1.15.0.aar (androidx.core:core:1.15.0) with JetifyTransform
Transforming core-1.15.0.aar (androidx.core:core:1.15.0) with ExtractAarTransform
Transforming core-1.15.0.aar (androidx.core:core:1.15.0) with AarTransform
Transforming core-1.15.0.aar (androidx.core:core:1.15.0) with JetifyTransform
Transforming core-1.15.0.aar (androidx.core:core:1.15.0) with ExtractAarTransform
Transforming core-1.15.0.aar (androidx.core:core:1.15.0) with AarTransform
Transforming core-1.15.0.aar (androidx.core:core:1.15.0) with JetifyTransform
Transforming core-1.15.0.aar (androidx.core:core:1.15.0) with ExtractAarTransform
Transforming core-1.15.0.aar (androidx.core:core:1.15.0) with AarTransform
Transforming core-1.15.0.aar (androidx.core:core:1.15.0) with JetifyTransform
Transforming core-1.15.0.aar (androidx.core:core:1.15.0) with ExtractAarTransform
Transforming core-1.15.0.aar (androidx.core:core:1.15.0) with AarTransform
Transforming core-1.15.0.aar (androidx.core:core:1.15.0) with JetifyTransform
Transforming core-1.15.0.aar (androidx.core:core:1.15.0) with ExtractAarTransform
Transforming core-1.15.0.aar (androidx.core:core:1.15.0) with AarTransform
Transforming core-1.15.0.aar (androidx.core:core:1.15.0) with JetifyTransform
Transforming core-1.15.0.aar (androidx.core:core:1.15.0) with ExtractAarTransform
Transforming core-1.15.0.aar (androidx.core:core:1.15.0) with AarTransform
Transforming core-1.15.0.aar (androidx.core:core:1.15.0) with JetifyTransform
Transforming core-1.15.0.aar (androidx.core:core:1.15.0) with ExtractAarTransform
Transforming core-1.15.0.aar (androidx.core:core:1.15.0) with AarTransform
Transforming core-1.15.0.aar (androidx.core:core:1.15.0) with JetifyTransform
Transforming core-1.15.0.aar (androidx.core:core:1.15.0) with ExtractAarTransform
Transforming core-1.15.0.aar (androidx.core:core:1.15.0) with AarTransform
Transforming core-1.15.0.aar (androidx.core:core:1.15.0) with JetifyTransform
Transforming core-1.15.0.aar (androidx.core:core:1.15.0) with ExtractAarTransform
Transforming core-1.15.0.aar (androidx.core:core:1.15.0) with AarTransform
Transforming firebase-ui-common-8.0.2.aar (com.firebaseui:firebase-ui-common:8.0.2) with JetifyTransform
Transforming firebase-ui-common-8.0.2.aar (com.firebaseui:firebase-ui-common:8.0.2) with ExtractAarTransform
Transforming firebase-ui-common-8.0.2.aar (com.firebaseui:firebase-ui-common:8.0.2) with AarTransform
Transforming keyboardvisibilityevent-3.0.0-RC3.aar (net.yslibrary.keyboardvisibilityevent:keyboardvisibilityevent:3.0.0-RC3) with JetifyTransform
Transforming keyboardvisibilityevent-3.0.0-RC3.aar (net.yslibrary.keyboardvisibilityevent:keyboardvisibilityevent:3.0.0-RC3) with ExtractAarTransform
Transforming keyboardvisibilityevent-3.0.0-RC3.aar (net.yslibrary.keyboardvisibilityevent:keyboardvisibilityevent:3.0.0-RC3) with AarTransform
Transforming savedstate-ktx-1.2.1.aar (androidx.savedstate:savedstate-ktx:1.2.1) with JetifyTransform
Transforming savedstate-ktx-1.2.1.aar (androidx.savedstate:savedstate-ktx:1.2.1) with ExtractAarTransform
Transforming savedstate-ktx-1.2.1.aar (androidx.savedstate:savedstate-ktx:1.2.1) with AarTransform
Transforming savedstate-1.2.1.aar (androidx.savedstate:savedstate:1.2.1) with JetifyTransform
Transforming savedstate-1.2.1.aar (androidx.savedstate:savedstate:1.2.1) with ExtractAarTransform
Transforming savedstate-1.2.1.aar (androidx.savedstate:savedstate:1.2.1) with AarTransform
Transforming lifecycle-runtime-ktx-release.aar (androidx.lifecycle:lifecycle-runtime-ktx-android:2.8.4) with JetifyTransform
Transforming lifecycle-runtime-ktx-release.aar (androidx.lifecycle:lifecycle-runtime-ktx-android:2.8.4) with ExtractAarTransform
Transforming lifecycle-runtime-ktx-release.aar (androidx.lifecycle:lifecycle-runtime-ktx-android:2.8.4) with AarTransform
Transforming lifecycle-service-2.8.4.aar (androidx.lifecycle:lifecycle-service:2.8.4) with JetifyTransform
Transforming lifecycle-service-2.8.4.aar (androidx.lifecycle:lifecycle-service:2.8.4) with ExtractAarTransform
Transforming lifecycle-service-2.8.4.aar (androidx.lifecycle:lifecycle-service:2.8.4) with AarTransform
Transforming lifecycle-process-2.8.4.aar (androidx.lifecycle:lifecycle-process:2.8.4) with JetifyTransform
Transforming lifecycle-process-2.8.4.aar (androidx.lifecycle:lifecycle-process:2.8.4) with ExtractAarTransform
Transforming lifecycle-process-2.8.4.aar (androidx.lifecycle:lifecycle-process:2.8.4) with AarTransform
Transforming lifecycle-livedata-core-2.8.4.aar (androidx.lifecycle:lifecycle-livedata-core:2.8.4) with JetifyTransform
Transforming lifecycle-livedata-core-2.8.4.aar (androidx.lifecycle:lifecycle-livedata-core:2.8.4) with ExtractAarTransform
Transforming lifecycle-livedata-core-2.8.4.aar (androidx.lifecycle:lifecycle-livedata-core:2.8.4) with AarTransform
Transforming lifecycle-viewmodel-savedstate-2.8.4.aar (androidx.lifecycle:lifecycle-viewmodel-savedstate:2.8.4) with JetifyTransform
Transforming lifecycle-viewmodel-savedstate-2.8.4.aar (androidx.lifecycle:lifecycle-viewmodel-savedstate:2.8.4) with ExtractAarTransform
Transforming lifecycle-viewmodel-savedstate-2.8.4.aar (androidx.lifecycle:lifecycle-viewmodel-savedstate:2.8.4) with AarTransform
Transforming lifecycle-viewmodel-2.8.4.aar (androidx.lifecycle:lifecycle-viewmodel:2.8.4) with JetifyTransform
Transforming lifecycle-viewmodel-2.8.4.aar (androidx.lifecycle:lifecycle-viewmodel:2.8.4) with ExtractAarTransform
Transforming lifecycle-viewmodel-2.8.4.aar (androidx.lifecycle:lifecycle-viewmodel:2.8.4) with AarTransform
Transforming lifecycle-viewmodel-release.aar (androidx.lifecycle:lifecycle-viewmodel-android:2.8.4) with JetifyTransform
Transforming lifecycle-viewmodel-release.aar (androidx.lifecycle:lifecycle-viewmodel-android:2.8.4) with ExtractAarTransform
Transforming lifecycle-viewmodel-release.aar (androidx.lifecycle:lifecycle-viewmodel-android:2.8.4) with AarTransform
Transforming lifecycle-runtime-release.aar (androidx.lifecycle:lifecycle-runtime-android:2.8.4) with JetifyTransform
Transforming lifecycle-runtime-release.aar (androidx.lifecycle:lifecycle-runtime-android:2.8.4) with ExtractAarTransform
Transforming lifecycle-runtime-release.aar (androidx.lifecycle:lifecycle-runtime-android:2.8.4) with AarTransform
Transforming lifecycle-livedata-core-ktx-2.8.4.aar (androidx.lifecycle:lifecycle-livedata-core-ktx:2.8.4) with JetifyTransform
Transforming lifecycle-livedata-core-ktx-2.8.4.aar (androidx.lifecycle:lifecycle-livedata-core-ktx:2.8.4) with ExtractAarTransform
Transforming lifecycle-livedata-core-ktx-2.8.4.aar (androidx.lifecycle:lifecycle-livedata-core-ktx:2.8.4) with AarTransform
Transforming lifecycle-livedata-2.8.4.aar (androidx.lifecycle:lifecycle-livedata:2.8.4) with JetifyTransform
Transforming lifecycle-livedata-2.8.4.aar (androidx.lifecycle:lifecycle-livedata:2.8.4) with ExtractAarTransform
Transforming lifecycle-livedata-2.8.4.aar (androidx.lifecycle:lifecycle-livedata:2.8.4) with AarTransform
Transforming lifecycle-livedata-2.8.4.aar (androidx.lifecycle:lifecycle-livedata:2.8.4) with JetifyTransform
Transforming lifecycle-livedata-2.8.4.aar (androidx.lifecycle:lifecycle-livedata:2.8.4) with ExtractAarTransform
Transforming lifecycle-livedata-2.8.4.aar (androidx.lifecycle:lifecycle-livedata:2.8.4) with AarTransform
Transforming lifecycle-livedata-ktx-2.8.4.aar (androidx.lifecycle:lifecycle-livedata-ktx:2.8.4) with JetifyTransform
Transforming lifecycle-livedata-ktx-2.8.4.aar (androidx.lifecycle:lifecycle-livedata-ktx:2.8.4) with ExtractAarTransform
Transforming lifecycle-livedata-ktx-2.8.4.aar (androidx.lifecycle:lifecycle-livedata-ktx:2.8.4) with AarTransform
Transforming lifecycle-viewmodel-ktx-2.8.4.aar (androidx.lifecycle:lifecycle-viewmodel-ktx:2.8.4) with JetifyTransform
Transforming lifecycle-viewmodel-ktx-2.8.4.aar (androidx.lifecycle:lifecycle-viewmodel-ktx:2.8.4) with ExtractAarTransform
Transforming lifecycle-viewmodel-ktx-2.8.4.aar (androidx.lifecycle:lifecycle-viewmodel-ktx:2.8.4) with AarTransform
Transforming recaptcha-18.4.0.aar (com.google.android.recaptcha:recaptcha:18.4.0) with JetifyTransform
Transforming recaptcha-18.4.0.aar (com.google.android.recaptcha:recaptcha:18.4.0) with ExtractAarTransform
Transforming recaptcha-18.4.0.aar (com.google.android.recaptcha:recaptcha:18.4.0) with AarTransform
Transforming integrity-1.2.0.aar (com.google.android.play:integrity:1.2.0) with JetifyTransform
Transforming integrity-1.2.0.aar (com.google.android.play:integrity:1.2.0) with ExtractAarTransform
Transforming integrity-1.2.0.aar (com.google.android.play:integrity:1.2.0) with AarTransform
Transforming integrity-1.2.0.aar (com.google.android.play:integrity:1.2.0) with JetifyTransform
Transforming integrity-1.2.0.aar (com.google.android.play:integrity:1.2.0) with ExtractAarTransform
Transforming integrity-1.2.0.aar (com.google.android.play:integrity:1.2.0) with AarTransform
Transforming play-services-tasks-18.2.0.aar (com.google.android.gms:play-services-tasks:18.2.0) with JetifyTransform
Transforming play-services-tasks-18.2.0.aar (com.google.android.gms:play-services-tasks:18.2.0) with ExtractAarTransform
Transforming play-services-tasks-18.2.0.aar (com.google.android.gms:play-services-tasks:18.2.0) with AarTransform
Transforming play-services-tasks-18.2.0.aar (com.google.android.gms:play-services-tasks:18.2.0) with JetifyTransform
Transforming play-services-tasks-18.2.0.aar (com.google.android.gms:play-services-tasks:18.2.0) with ExtractAarTransform
Transforming play-services-tasks-18.2.0.aar (com.google.android.gms:play-services-tasks:18.2.0) with AarTransform
Transforming play-services-tasks-18.2.0.aar (com.google.android.gms:play-services-tasks:18.2.0) with JetifyTransform
Transforming play-services-tasks-18.2.0.aar (com.google.android.gms:play-services-tasks:18.2.0) with ExtractAarTransform
Transforming play-services-tasks-18.2.0.aar (com.google.android.gms:play-services-tasks:18.2.0) with AarTransform
Transforming play-services-tasks-18.2.0.aar (com.google.android.gms:play-services-tasks:18.2.0) with JetifyTransform
Transforming play-services-tasks-18.2.0.aar (com.google.android.gms:play-services-tasks:18.2.0) with ExtractAarTransform
Transforming play-services-tasks-18.2.0.aar (com.google.android.gms:play-services-tasks:18.2.0) with AarTransform
Transforming play-services-tasks-18.2.0.aar (com.google.android.gms:play-services-tasks:18.2.0) with JetifyTransform
Transforming play-services-tasks-18.2.0.aar (com.google.android.gms:play-services-tasks:18.2.0) with ExtractAarTransform
Transforming play-services-tasks-18.2.0.aar (com.google.android.gms:play-services-tasks:18.2.0) with AarTransform
Transforming play-services-tasks-18.2.0.aar (com.google.android.gms:play-services-tasks:18.2.0) with JetifyTransform
Transforming play-services-tasks-18.2.0.aar (com.google.android.gms:play-services-tasks:18.2.0) with ExtractAarTransform
Transforming play-services-tasks-18.2.0.aar (com.google.android.gms:play-services-tasks:18.2.0) with AarTransform
Transforming play-services-tasks-18.2.0.aar (com.google.android.gms:play-services-tasks:18.2.0) with JetifyTransform
Transforming play-services-tasks-18.2.0.aar (com.google.android.gms:play-services-tasks:18.2.0) with ExtractAarTransform
Transforming play-services-tasks-18.2.0.aar (com.google.android.gms:play-services-tasks:18.2.0) with AarTransform
Transforming play-services-basement-18.4.0.aar (com.google.android.gms:play-services-basement:18.4.0) with JetifyTransform
Transforming play-services-basement-18.4.0.aar (com.google.android.gms:play-services-basement:18.4.0) with ExtractAarTransform
Transforming play-services-basement-18.4.0.aar (com.google.android.gms:play-services-basement:18.4.0) with AarTransform
Transforming play-services-basement-18.4.0.aar (com.google.android.gms:play-services-basement:18.4.0) with JetifyTransform
Transforming play-services-basement-18.4.0.aar (com.google.android.gms:play-services-basement:18.4.0) with ExtractAarTransform
Transforming play-services-basement-18.4.0.aar (com.google.android.gms:play-services-basement:18.4.0) with AarTransform
Transforming play-services-basement-18.4.0.aar (com.google.android.gms:play-services-basement:18.4.0) with JetifyTransform
Transforming play-services-basement-18.4.0.aar (com.google.android.gms:play-services-basement:18.4.0) with ExtractAarTransform
Transforming play-services-basement-18.4.0.aar (com.google.android.gms:play-services-basement:18.4.0) with AarTransform
Transforming play-services-basement-18.4.0.aar (com.google.android.gms:play-services-basement:18.4.0) with JetifyTransform
Transforming play-services-basement-18.4.0.aar (com.google.android.gms:play-services-basement:18.4.0) with ExtractAarTransform
Transforming play-services-basement-18.4.0.aar (com.google.android.gms:play-services-basement:18.4.0) with AarTransform
Transforming play-services-basement-18.4.0.aar (com.google.android.gms:play-services-basement:18.4.0) with JetifyTransform
Transforming play-services-basement-18.4.0.aar (com.google.android.gms:play-services-basement:18.4.0) with ExtractAarTransform
Transforming play-services-basement-18.4.0.aar (com.google.android.gms:play-services-basement:18.4.0) with AarTransform
Transforming play-services-basement-18.4.0.aar (com.google.android.gms:play-services-basement:18.4.0) with JetifyTransform
Transforming play-services-basement-18.4.0.aar (com.google.android.gms:play-services-basement:18.4.0) with ExtractAarTransform
Transforming play-services-basement-18.4.0.aar (com.google.android.gms:play-services-basement:18.4.0) with AarTransform
Transforming play-services-basement-18.4.0.aar (com.google.android.gms:play-services-basement:18.4.0) with JetifyTransform
Transforming play-services-basement-18.4.0.aar (com.google.android.gms:play-services-basement:18.4.0) with ExtractAarTransform
Transforming play-services-basement-18.4.0.aar (com.google.android.gms:play-services-basement:18.4.0) with AarTransform
Transforming play-services-basement-18.4.0.aar (com.google.android.gms:play-services-basement:18.4.0) with JetifyTransform
Transforming play-services-basement-18.4.0.aar (com.google.android.gms:play-services-basement:18.4.0) with ExtractAarTransform
Transforming play-services-basement-18.4.0.aar (com.google.android.gms:play-services-basement:18.4.0) with AarTransform
Transforming fragment-1.8.2.aar (androidx.fragment:fragment:1.8.2) with JetifyTransform
Transforming fragment-1.8.2.aar (androidx.fragment:fragment:1.8.2) with ExtractAarTransform
Transforming fragment-1.8.2.aar (androidx.fragment:fragment:1.8.2) with AarTransform
Transforming fragment-1.8.2.aar (androidx.fragment:fragment:1.8.2) with JetifyTransform
Transforming fragment-1.8.2.aar (androidx.fragment:fragment:1.8.2) with ExtractAarTransform
Transforming fragment-1.8.2.aar (androidx.fragment:fragment:1.8.2) with AarTransform
Transforming fragment-1.8.2.aar (androidx.fragment:fragment:1.8.2) with JetifyTransform
Transforming fragment-1.8.2.aar (androidx.fragment:fragment:1.8.2) with ExtractAarTransform
Transforming fragment-1.8.2.aar (androidx.fragment:fragment:1.8.2) with AarTransform
Transforming fragment-1.8.2.aar (androidx.fragment:fragment:1.8.2) with JetifyTransform
Transforming fragment-1.8.2.aar (androidx.fragment:fragment:1.8.2) with ExtractAarTransform
Transforming fragment-1.8.2.aar (androidx.fragment:fragment:1.8.2) with AarTransform
Transforming fragment-1.8.2.aar (androidx.fragment:fragment:1.8.2) with JetifyTransform
Transforming fragment-1.8.2.aar (androidx.fragment:fragment:1.8.2) with ExtractAarTransform
Transforming fragment-1.8.2.aar (androidx.fragment:fragment:1.8.2) with AarTransform
Transforming fragment-1.8.2.aar (androidx.fragment:fragment:1.8.2) with JetifyTransform
Transforming fragment-1.8.2.aar (androidx.fragment:fragment:1.8.2) with ExtractAarTransform
Transforming fragment-1.8.2.aar (androidx.fragment:fragment:1.8.2) with AarTransform
Transforming fragment-1.8.2.aar (androidx.fragment:fragment:1.8.2) with JetifyTransform
Transforming fragment-1.8.2.aar (androidx.fragment:fragment:1.8.2) with ExtractAarTransform
Transforming fragment-1.8.2.aar (androidx.fragment:fragment:1.8.2) with AarTransform
Transforming fragment-ktx-1.8.2.aar (androidx.fragment:fragment-ktx:1.8.2) with JetifyTransform
Transforming fragment-ktx-1.8.2.aar (androidx.fragment:fragment-ktx:1.8.2) with ExtractAarTransform
Transforming fragment-ktx-1.8.2.aar (androidx.fragment:fragment-ktx:1.8.2) with AarTransform
Transforming core-ktx-1.15.0.aar (androidx.core:core-ktx:1.15.0) with JetifyTransform
Transforming core-ktx-1.15.0.aar (androidx.core:core-ktx:1.15.0) with ExtractAarTransform
Transforming core-ktx-1.15.0.aar (androidx.core:core-ktx:1.15.0) with AarTransform
Transforming circularprogressbar-3.1.0.aar (com.mikhaellopez:circularprogressbar:3.1.0) with JetifyTransform
Transforming circularprogressbar-3.1.0.aar (com.mikhaellopez:circularprogressbar:3.1.0) with ExtractAarTransform
Transforming circularprogressbar-3.1.0.aar (com.mikhaellopez:circularprogressbar:3.1.0) with AarTransform
Transforming sqlite-framework-2.4.0.aar (androidx.sqlite:sqlite-framework:2.4.0) with JetifyTransform
Transforming sqlite-framework-2.4.0.aar (androidx.sqlite:sqlite-framework:2.4.0) with ExtractAarTransform
Transforming sqlite-framework-2.4.0.aar (androidx.sqlite:sqlite-framework:2.4.0) with AarTransform
Transforming sqlite-2.4.0.aar (androidx.sqlite:sqlite:2.4.0) with JetifyTransform
Transforming sqlite-2.4.0.aar (androidx.sqlite:sqlite:2.4.0) with ExtractAarTransform
Transforming sqlite-2.4.0.aar (androidx.sqlite:sqlite:2.4.0) with AarTransform
Transforming googleid-1.1.0.aar (com.google.android.libraries.identity.googleid:googleid:1.1.0) with JetifyTransform
Transforming googleid-1.1.0.aar (com.google.android.libraries.identity.googleid:googleid:1.1.0) with ExtractAarTransform
Transforming googleid-1.1.0.aar (com.google.android.libraries.identity.googleid:googleid:1.1.0) with AarTransform
Transforming MPAndroidChart-3.1.0.aar (com.github.PhilJay:MPAndroidChart:3.1.0) with JetifyTransform
Transforming MPAndroidChart-3.1.0.aar (com.github.PhilJay:MPAndroidChart:3.1.0) with ExtractAarTransform
Transforming MPAndroidChart-3.1.0.aar (com.github.PhilJay:MPAndroidChart:3.1.0) with AarTransform
Transforming shimmer-0.5.0.aar (com.facebook.shimmer:shimmer:0.5.0) with JetifyTransform
Transforming shimmer-0.5.0.aar (com.facebook.shimmer:shimmer:0.5.0) with ExtractAarTransform
Transforming shimmer-0.5.0.aar (com.facebook.shimmer:shimmer:0.5.0) with AarTransform
Transforming spark-1.2.0.aar (com.robinhood.spark:spark:1.2.0) with JetifyTransform
Transforming spark-1.2.0.aar (com.robinhood.spark:spark:1.2.0) with ExtractAarTransform
Transforming spark-1.2.0.aar (com.robinhood.spark:spark:1.2.0) with AarTransform
Transforming cursoradapter-1.0.0.aar (androidx.cursoradapter:cursoradapter:1.0.0) with JetifyTransform
Transforming cursoradapter-1.0.0.aar (androidx.cursoradapter:cursoradapter:1.0.0) with ExtractAarTransform
Transforming cursoradapter-1.0.0.aar (androidx.cursoradapter:cursoradapter:1.0.0) with AarTransform
Transforming cursoradapter-1.0.0.aar (androidx.cursoradapter:cursoradapter:1.0.0) with JetifyTransform
Transforming cursoradapter-1.0.0.aar (androidx.cursoradapter:cursoradapter:1.0.0) with ExtractAarTransform
Transforming cursoradapter-1.0.0.aar (androidx.cursoradapter:cursoradapter:1.0.0) with AarTransform
Transforming cardview-1.0.0.aar (androidx.cardview:cardview:1.0.0) with JetifyTransform
Transforming cardview-1.0.0.aar (androidx.cardview:cardview:1.0.0) with ExtractAarTransform
Transforming cardview-1.0.0.aar (androidx.cardview:cardview:1.0.0) with AarTransform
Transforming profileinstaller-1.4.0.aar (androidx.profileinstaller:profileinstaller:1.4.0) with JetifyTransform
Transforming profileinstaller-1.4.0.aar (androidx.profileinstaller:profileinstaller:1.4.0) with ExtractAarTransform
Transforming profileinstaller-1.4.0.aar (androidx.profileinstaller:profileinstaller:1.4.0) with AarTransform
Transforming gifdecoder-4.16.0.aar (com.github.bumptech.glide:gifdecoder:4.16.0) with JetifyTransform
Transforming gifdecoder-4.16.0.aar (com.github.bumptech.glide:gifdecoder:4.16.0) with ExtractAarTransform
Transforming gifdecoder-4.16.0.aar (com.github.bumptech.glide:gifdecoder:4.16.0) with AarTransform
Transforming exifinterface-1.3.6.aar (androidx.exifinterface:exifinterface:1.3.6) with JetifyTransform
Transforming exifinterface-1.3.6.aar (androidx.exifinterface:exifinterface:1.3.6) with ExtractAarTransform
Transforming exifinterface-1.3.6.aar (androidx.exifinterface:exifinterface:1.3.6) with AarTransform
Transforming core-runtime-2.2.0.aar (androidx.arch.core:core-runtime:2.2.0) with JetifyTransform
Transforming core-runtime-2.2.0.aar (androidx.arch.core:core-runtime:2.2.0) with ExtractAarTransform
Transforming core-runtime-2.2.0.aar (androidx.arch.core:core-runtime:2.2.0) with AarTransform
Transforming firebase-components-18.0.0.aar (com.google.firebase:firebase-components:18.0.0) with JetifyTransform
Transforming firebase-components-18.0.0.aar (com.google.firebase:firebase-components:18.0.0) with ExtractAarTransform
Transforming firebase-components-18.0.0.aar (com.google.firebase:firebase-components:18.0.0) with AarTransform
Transforming firebase-components-18.0.0.aar (com.google.firebase:firebase-components:18.0.0) with JetifyTransform
Transforming firebase-components-18.0.0.aar (com.google.firebase:firebase-components:18.0.0) with ExtractAarTransform
Transforming firebase-components-18.0.0.aar (com.google.firebase:firebase-components:18.0.0) with AarTransform
Transforming firebase-components-18.0.0.aar (com.google.firebase:firebase-components:18.0.0) with JetifyTransform
Transforming firebase-components-18.0.0.aar (com.google.firebase:firebase-components:18.0.0) with ExtractAarTransform
Transforming firebase-components-18.0.0.aar (com.google.firebase:firebase-components:18.0.0) with AarTransform
Transforming firebase-components-18.0.0.aar (com.google.firebase:firebase-components:18.0.0) with JetifyTransform
Transforming firebase-components-18.0.0.aar (com.google.firebase:firebase-components:18.0.0) with ExtractAarTransform
Transforming firebase-components-18.0.0.aar (com.google.firebase:firebase-components:18.0.0) with AarTransform
Transforming firebase-components-18.0.0.aar (com.google.firebase:firebase-components:18.0.0) with JetifyTransform
Transforming firebase-components-18.0.0.aar (com.google.firebase:firebase-components:18.0.0) with ExtractAarTransform
Transforming firebase-components-18.0.0.aar (com.google.firebase:firebase-components:18.0.0) with AarTransform
Transforming firebase-components-18.0.0.aar (com.google.firebase:firebase-components:18.0.0) with JetifyTransform
Transforming firebase-components-18.0.0.aar (com.google.firebase:firebase-components:18.0.0) with ExtractAarTransform
Transforming firebase-components-18.0.0.aar (com.google.firebase:firebase-components:18.0.0) with AarTransform
Transforming startup-runtime-1.1.1.aar (androidx.startup:startup-runtime:1.1.1) with JetifyTransform
Transforming startup-runtime-1.1.1.aar (androidx.startup:startup-runtime:1.1.1) with ExtractAarTransform
Transforming startup-runtime-1.1.1.aar (androidx.startup:startup-runtime:1.1.1) with AarTransform
Transforming tracing-1.2.0.aar (androidx.tracing:tracing:1.2.0) with JetifyTransform
Transforming tracing-1.2.0.aar (androidx.tracing:tracing:1.2.0) with ExtractAarTransform
Transforming tracing-1.2.0.aar (androidx.tracing:tracing:1.2.0) with AarTransform
Transforming interpolator-1.0.0.aar (androidx.interpolator:interpolator:1.0.0) with JetifyTransform
Transforming interpolator-1.0.0.aar (androidx.interpolator:interpolator:1.0.0) with ExtractAarTransform
Transforming interpolator-1.0.0.aar (androidx.interpolator:interpolator:1.0.0) with AarTransform
Transforming interpolator-1.0.0.aar (androidx.interpolator:interpolator:1.0.0) with JetifyTransform
Transforming interpolator-1.0.0.aar (androidx.interpolator:interpolator:1.0.0) with ExtractAarTransform
Transforming interpolator-1.0.0.aar (androidx.interpolator:interpolator:1.0.0) with AarTransform
Transforming interpolator-1.0.0.aar (androidx.interpolator:interpolator:1.0.0) with JetifyTransform
Transforming interpolator-1.0.0.aar (androidx.interpolator:interpolator:1.0.0) with ExtractAarTransform
Transforming interpolator-1.0.0.aar (androidx.interpolator:interpolator:1.0.0) with AarTransform
Transforming interpolator-1.0.0.aar (androidx.interpolator:interpolator:1.0.0) with JetifyTransform
Transforming interpolator-1.0.0.aar (androidx.interpolator:interpolator:1.0.0) with ExtractAarTransform
Transforming interpolator-1.0.0.aar (androidx.interpolator:interpolator:1.0.0) with AarTransform
Transforming versionedparcelable-1.1.1.aar (androidx.versionedparcelable:versionedparcelable:1.1.1) with JetifyTransform
Transforming versionedparcelable-1.1.1.aar (androidx.versionedparcelable:versionedparcelable:1.1.1) with ExtractAarTransform
Transforming versionedparcelable-1.1.1.aar (androidx.versionedparcelable:versionedparcelable:1.1.1) with AarTransform
Transforming versionedparcelable-1.1.1.aar (androidx.versionedparcelable:versionedparcelable:1.1.1) with JetifyTransform
Transforming versionedparcelable-1.1.1.aar (androidx.versionedparcelable:versionedparcelable:1.1.1) with ExtractAarTransform
Transforming versionedparcelable-1.1.1.aar (androidx.versionedparcelable:versionedparcelable:1.1.1) with AarTransform
Transforming localbroadcastmanager-1.0.0.aar (androidx.localbroadcastmanager:localbroadcastmanager:1.0.0) with JetifyTransform
Transforming localbroadcastmanager-1.0.0.aar (androidx.localbroadcastmanager:localbroadcastmanager:1.0.0) with ExtractAarTransform
Transforming localbroadcastmanager-1.0.0.aar (androidx.localbroadcastmanager:localbroadcastmanager:1.0.0) with AarTransform
Transforming localbroadcastmanager-1.0.0.aar (androidx.localbroadcastmanager:localbroadcastmanager:1.0.0) with JetifyTransform
Transforming localbroadcastmanager-1.0.0.aar (androidx.localbroadcastmanager:localbroadcastmanager:1.0.0) with ExtractAarTransform
Transforming localbroadcastmanager-1.0.0.aar (androidx.localbroadcastmanager:localbroadcastmanager:1.0.0) with AarTransform
Transforming documentfile-1.0.0.aar (androidx.documentfile:documentfile:1.0.0) with JetifyTransform
Transforming documentfile-1.0.0.aar (androidx.documentfile:documentfile:1.0.0) with ExtractAarTransform
Transforming documentfile-1.0.0.aar (androidx.documentfile:documentfile:1.0.0) with AarTransform
Transforming print-1.0.0.aar (androidx.print:print:1.0.0) with JetifyTransform
Transforming print-1.0.0.aar (androidx.print:print:1.0.0) with ExtractAarTransform
Transforming print-1.0.0.aar (androidx.print:print:1.0.0) with AarTransform
Transforming annotation-experimental-1.4.1.aar (androidx.annotation:annotation-experimental:1.4.1) with JetifyTransform
Transforming annotation-experimental-1.4.1.aar (androidx.annotation:annotation-experimental:1.4.1) with ExtractAarTransform
Transforming annotation-experimental-1.4.1.aar (androidx.annotation:annotation-experimental:1.4.1) with AarTransform
Transforming volley-1.2.1.aar (com.android.volley:volley:1.2.1) with JetifyTransform
Transforming volley-1.2.1.aar (com.android.volley:volley:1.2.1) with ExtractAarTransform
Transforming volley-1.2.1.aar (com.android.volley:volley:1.2.1) with AarTransform
Transforming grpc-android-1.57.2.aar (io.grpc:grpc-android:1.57.2) with JetifyTransform
Transforming grpc-android-1.57.2.aar (io.grpc:grpc-android:1.57.2) with ExtractAarTransform
Transforming grpc-android-1.57.2.aar (io.grpc:grpc-android:1.57.2) with AarTransform
Transforming dagger-lint-aar-2.50.aar (com.google.dagger:dagger-lint-aar:2.50) with JetifyTransform
Transforming dagger-lint-aar-2.50.aar (com.google.dagger:dagger-lint-aar:2.50) with ExtractAarTransform
Transforming dagger-lint-aar-2.50.aar (com.google.dagger:dagger-lint-aar:2.50) with AarTransform
Transforming protolite-well-known-types-18.0.0.aar (com.google.firebase:protolite-well-known-types:18.0.0) with JetifyTransform
Transforming protolite-well-known-types-18.0.0.aar (com.google.firebase:protolite-well-known-types:18.0.0) with ExtractAarTransform
Transforming protolite-well-known-types-18.0.0.aar (com.google.firebase:protolite-well-known-types:18.0.0) with AarTransform
Caching disabled for task ':app:mergeDebugResources' because:
  Build cache is disabled
Task ':app:mergeDebugResources' is not up-to-date because:
  Task has failed previously.
The input changes require a full rebuild for incremental task ':app:mergeDebugResources'.
[MergeResources] Inputs are non-incremental full task action.

> Task :app:mergeDebugResources FAILED
6 actionable tasks: 2 executed, 4 up-to-date
Watched directory hierarchies: [C:\Users\mukht\Desktop\Android\Vitalis]
